Archive member included to satisfy reference by file (symbol)

/usr/lib/gcc/arm-none-eabi/13.2.1/thumb/v7-m/nofp/libgcc.a(_arm_muldf3.o)
                              CMakeFiles/RS41HUP.elf.dir/main.c.obj (__aeabi_dmul)
/usr/lib/gcc/arm-none-eabi/13.2.1/thumb/v7-m/nofp/libgcc.a(_arm_mulsf3.o)
                              CMakeFiles/RS41HUP.elf.dir/locator.c.obj (__aeabi_fmul)
/usr/lib/gcc/arm-none-eabi/13.2.1/thumb/v7-m/nofp/libgcc.a(_arm_addsubdf3.o)
                              CMakeFiles/RS41HUP.elf.dir/aprs.cpp.obj (__aeabi_dsub)
/usr/lib/gcc/arm-none-eabi/13.2.1/thumb/v7-m/nofp/libgcc.a(_arm_cmpdf2.o)
                              CMakeFiles/RS41HUP.elf.dir/aprs.cpp.obj (__aeabi_dcmple)
/usr/lib/gcc/arm-none-eabi/13.2.1/thumb/v7-m/nofp/libgcc.a(_arm_fixunsdfsi.o)
                              CMakeFiles/RS41HUP.elf.dir/main.c.obj (__aeabi_d2uiz)
/usr/lib/gcc/arm-none-eabi/13.2.1/thumb/v7-m/nofp/libgcc.a(_arm_addsubsf3.o)
                              CMakeFiles/RS41HUP.elf.dir/locator.c.obj (__aeabi_fsub)
/usr/lib/gcc/arm-none-eabi/13.2.1/thumb/v7-m/nofp/libgcc.a(_arm_muldivsf3.o)
                              CMakeFiles/RS41HUP.elf.dir/locator.c.obj (__aeabi_fdiv)
/usr/lib/gcc/arm-none-eabi/13.2.1/thumb/v7-m/nofp/libgcc.a(_arm_cmpsf2.o)
                              CMakeFiles/RS41HUP.elf.dir/radio.c.obj (__aeabi_fcmpge)
/usr/lib/gcc/arm-none-eabi/13.2.1/thumb/v7-m/nofp/libgcc.a(_arm_fixunssfsi.o)
                              CMakeFiles/RS41HUP.elf.dir/locator.c.obj (__aeabi_f2uiz)
/usr/lib/gcc/arm-none-eabi/13.2.1/thumb/v7-m/nofp/libgcc.a(unwind-arm.o)
                              CMakeFiles/RS41HUP.elf.dir/QAPRSBase.cpp.obj (__aeabi_unwind_cpp_pr0)
/usr/lib/gcc/arm-none-eabi/13.2.1/thumb/v7-m/nofp/libgcc.a(libunwind.o)
                              /usr/lib/gcc/arm-none-eabi/13.2.1/thumb/v7-m/nofp/libgcc.a(unwind-arm.o) (restore_core_regs)
/usr/lib/gcc/arm-none-eabi/13.2.1/thumb/v7-m/nofp/libgcc.a(pr-support.o)
                              /usr/lib/gcc/arm-none-eabi/13.2.1/thumb/v7-m/nofp/libgcc.a(unwind-arm.o) (__gnu_unwind_execute)
/usr/lib/gcc/arm-none-eabi/13.2.1/../../../arm-none-eabi/lib/thumb/v7-m/nofp/libg_nano.a(libc_a-sprintf.o)
                              CMakeFiles/RS41HUP.elf.dir/main.c.obj (sprintf)
/usr/lib/gcc/arm-none-eabi/13.2.1/../../../arm-none-eabi/lib/thumb/v7-m/nofp/libg_nano.a(libc_a-assert.o)
                              CMakeFiles/RS41HUP.elf.dir/horus_l2.c.obj (__assert_func)
/usr/lib/gcc/arm-none-eabi/13.2.1/../../../arm-none-eabi/lib/thumb/v7-m/nofp/libg_nano.a(libc_a-strlen-stub.o)
                              CMakeFiles/RS41HUP.elf.dir/QAPRSBase.cpp.obj (strlen)
/usr/lib/gcc/arm-none-eabi/13.2.1/../../../arm-none-eabi/lib/thumb/v7-m/nofp/libg_nano.a(libc_a-strcat.o)
                              CMakeFiles/RS41HUP.elf.dir/main.c.obj (strcat)
/usr/lib/gcc/arm-none-eabi/13.2.1/../../../arm-none-eabi/lib/thumb/v7-m/nofp/libg_nano.a(libc_a-strcpy.o)
                              CMakeFiles/RS41HUP.elf.dir/QAPRSBase.cpp.obj (strcpy)
/usr/lib/gcc/arm-none-eabi/13.2.1/../../../arm-none-eabi/lib/thumb/v7-m/nofp/libg_nano.a(libc_a-impure.o)
                              /usr/lib/gcc/arm-none-eabi/13.2.1/../../../arm-none-eabi/lib/thumb/v7-m/nofp/libg_nano.a(libc_a-sprintf.o) (_impure_ptr)
/usr/lib/gcc/arm-none-eabi/13.2.1/../../../arm-none-eabi/lib/thumb/v7-m/nofp/libg_nano.a(libc_a-nano-svfprintf.o)
                              /usr/lib/gcc/arm-none-eabi/13.2.1/../../../arm-none-eabi/lib/thumb/v7-m/nofp/libg_nano.a(libc_a-sprintf.o) (_svfprintf_r)
/usr/lib/gcc/arm-none-eabi/13.2.1/../../../arm-none-eabi/lib/thumb/v7-m/nofp/libg_nano.a(libc_a-memset.o)
                              CMakeFiles/RS41HUP.elf.dir/horus_l2.c.obj (memset)
/usr/lib/gcc/arm-none-eabi/13.2.1/../../../arm-none-eabi/lib/thumb/v7-m/nofp/libg_nano.a(libc_a-mallocr.o)
                              /usr/lib/gcc/arm-none-eabi/13.2.1/../../../arm-none-eabi/lib/thumb/v7-m/nofp/libg_nano.a(libc_a-nano-svfprintf.o) (_malloc_r)
/usr/lib/gcc/arm-none-eabi/13.2.1/../../../arm-none-eabi/lib/thumb/v7-m/nofp/libg_nano.a(libc_a-freer.o)
                              /usr/lib/gcc/arm-none-eabi/13.2.1/../../../arm-none-eabi/lib/thumb/v7-m/nofp/libg_nano.a(libc_a-nano-svfprintf.o) (_free_r)
/usr/lib/gcc/arm-none-eabi/13.2.1/../../../arm-none-eabi/lib/thumb/v7-m/nofp/libg_nano.a(libc_a-memmove.o)
                              /usr/lib/gcc/arm-none-eabi/13.2.1/../../../arm-none-eabi/lib/thumb/v7-m/nofp/libg_nano.a(libc_a-nano-svfprintf.o) (memmove)
/usr/lib/gcc/arm-none-eabi/13.2.1/../../../arm-none-eabi/lib/thumb/v7-m/nofp/libg_nano.a(libc_a-memcpy.o)
                              CMakeFiles/RS41HUP.elf.dir/cmsis_boot/startup/startup_stm32f10x_md_vl.c.obj (memcpy)
/usr/lib/gcc/arm-none-eabi/13.2.1/../../../arm-none-eabi/lib/thumb/v7-m/nofp/libg_nano.a(libc_a-strncpy.o)
                              CMakeFiles/RS41HUP.elf.dir/QAPRSBase.cpp.obj (strncpy)
[...]
Memory Configuration

Name             Origin             Length             Attributes
rom              0x08000000         0x00010000         xr
ram              0x20000000         0x00002000         xrw
*default*        0x00000000         0xffffffff

Linker script and memory map

LOAD /usr/lib/gcc/arm-none-eabi/13.2.1/../../../arm-none-eabi/lib/thumb/v7-m/nofp/libstdc++_nano.a
LOAD CMakeFiles/RS41HUP.elf.dir/cmsis_boot/startup/startup_stm32f10x_md_vl.c.obj
LOAD CMakeFiles/RS41HUP.elf.dir/cmsis_boot/system_stm32f10x.c.obj
LOAD CMakeFiles/RS41HUP.elf.dir/delay.c.obj
LOAD CMakeFiles/RS41HUP.elf.dir/f_rtty.c.obj
LOAD CMakeFiles/RS41HUP.elf.dir/horus_l2.c.obj
LOAD CMakeFiles/RS41HUP.elf.dir/init.c.obj
LOAD CMakeFiles/RS41HUP.elf.dir/locator.c.obj
LOAD CMakeFiles/RS41HUP.elf.dir/main.c.obj
LOAD CMakeFiles/RS41HUP.elf.dir/mfsk.c.obj
LOAD CMakeFiles/RS41HUP.elf.dir/morse.c.obj
LOAD CMakeFiles/RS41HUP.elf.dir/radio.c.obj
LOAD CMakeFiles/RS41HUP.elf.dir/stm_lib/src/misc.c.obj
LOAD CMakeFiles/RS41HUP.elf.dir/stm_lib/src/stm32f10x_adc.c.obj
LOAD CMakeFiles/RS41HUP.elf.dir/stm_lib/src/stm32f10x_dma.c.obj
LOAD CMakeFiles/RS41HUP.elf.dir/stm_lib/src/stm32f10x_flash.c.obj
LOAD CMakeFiles/RS41HUP.elf.dir/stm_lib/src/stm32f10x_gpio.c.obj
LOAD CMakeFiles/RS41HUP.elf.dir/stm_lib/src/stm32f10x_pwr.c.obj
LOAD CMakeFiles/RS41HUP.elf.dir/stm_lib/src/stm32f10x_rcc.c.obj
LOAD CMakeFiles/RS41HUP.elf.dir/stm_lib/src/stm32f10x_spi.c.obj
LOAD CMakeFiles/RS41HUP.elf.dir/stm_lib/src/stm32f10x_tim.c.obj
LOAD CMakeFiles/RS41HUP.elf.dir/stm_lib/src/stm32f10x_usart.c.obj
LOAD CMakeFiles/RS41HUP.elf.dir/syscalls/syscalls.c.obj
LOAD CMakeFiles/RS41HUP.elf.dir/ublox.c.obj
LOAD CMakeFiles/RS41HUP.elf.dir/util.c.obj
LOAD CMakeFiles/RS41HUP.elf.dir/QAPRSBase.cpp.obj
LOAD CMakeFiles/RS41HUP.elf.dir/aprs.cpp.obj
LOAD /usr/lib/gcc/arm-none-eabi/13.2.1/../../../arm-none-eabi/lib/thumb/v7-m/nofp/libstdc++_nano.a
LOAD /usr/lib/gcc/arm-none-eabi/13.2.1/../../../arm-none-eabi/lib/thumb/v7-m/nofp/libm.a
START GROUP
LOAD /usr/lib/gcc/arm-none-eabi/13.2.1/thumb/v7-m/nofp/libgcc.a
LOAD /usr/lib/gcc/arm-none-eabi/13.2.1/../../../arm-none-eabi/lib/thumb/v7-m/nofp/libg_nano.a
LOAD /usr/lib/gcc/arm-none-eabi/13.2.1/../../../arm-none-eabi/lib/thumb/v7-m/nofp/libc_nano.a
END GROUP
START GROUP
LOAD /usr/lib/gcc/arm-none-eabi/13.2.1/thumb/v7-m/nofp/libgcc.a
LOAD /usr/lib/gcc/arm-none-eabi/13.2.1/../../../arm-none-eabi/lib/thumb/v7-m/nofp/libc_nano.a
END GROUP
                0x20002000                        _eram = 0x20002000

.text           0x08000000     0x43f7
 *(.isr_vector)
 .isr_vector    0x08000000      0x124 CMakeFiles/RS41HUP.elf.dir/cmsis_boot/startup/startup_stm32f10x_md_vl.c.obj
                0x08000000                g_pfnVectors
 *(.text*)
 .text.Default_Handler
                0x08000124        0x4 CMakeFiles/RS41HUP.elf.dir/cmsis_boot/startup/startup_stm32f10x_md_vl.c.obj
                0x08000124                EXTI2_IRQHandler
                0x08000124                DebugMon_Handler
                0x08000124                TIM1_CC_IRQHandler
                0x08000124                HardFault_Handler
                0x08000124                SysTick_Handler
                0x08000124                PVD_IRQHandler
                0x08000124                PendSV_Handler
                0x08000124                NMI_Handler
                0x08000124                EXTI3_IRQHandler
                0x08000124                EXTI0_IRQHandler
                0x08000124                I2C2_EV_IRQHandler
                0x08000124                TIM1_UP_TIM16_IRQHandler
                0x08000124                UsageFault_Handler
                0x08000124                SPI1_IRQHandler
                0x08000124                TAMPER_IRQHandler
                0x08000124                TIM6_DAC_IRQHandler
                0x08000124                DMA1_Channel4_IRQHandler
                0x08000124                ADC1_IRQHandler
                0x08000124                USART3_IRQHandler
                0x08000124                RTC_IRQHandler
                0x08000124                DMA1_Channel7_IRQHandler
                0x08000124                TIM4_IRQHandler
                0x08000124                I2C1_EV_IRQHandler
                0x08000124                DMA1_Channel6_IRQHandler
                0x08000124                RCC_IRQHandler
                0x08000124                DMA1_Channel1_IRQHandler
                0x08000124                CEC_IRQHandler
                0x08000124                EXTI15_10_IRQHandler
                0x08000124                TIM7_IRQHandler
                0x08000124                EXTI9_5_IRQHandler
                0x08000124                SPI2_IRQHandler
                0x08000124                MemManage_Handler
                0x08000124                SVC_Handler
                0x08000124                DMA1_Channel5_IRQHandler
                0x08000124                EXTI4_IRQHandler
                0x08000124                TIM1_TRG_COM_TIM17_IRQHandler
                0x08000124                DMA1_Channel3_IRQHandler
                0x08000124                WWDG_IRQHandler
                0x08000124                EXTI1_IRQHandler
                0x08000124                RTCAlarm_IRQHandler
                0x08000124                USART2_IRQHandler
                0x08000124                I2C2_ER_IRQHandler
                0x08000124                DMA1_Channel2_IRQHandler
                0x08000124                FLASH_IRQHandler
                0x08000124                BusFault_Handler
                0x08000124                I2C1_ER_IRQHandler
                0x08000124                TIM1_BRK_TIM15_IRQHandler
 .text.Default_Reset_Handler
                0x08000128       0x48 CMakeFiles/RS41HUP.elf.dir/cmsis_boot/startup/startup_stm32f10x_md_vl.c.obj
                0x08000128                Reset_Handler
                0x08000128                Default_Reset_Handler
 .text.delay_init
                0x08000170       0x5c CMakeFiles/RS41HUP.elf.dir/delay.c.obj
                0x08000170                delay_init
 .text._delay_ms
                0x080001cc       0x50 CMakeFiles/RS41HUP.elf.dir/delay.c.obj
                0x080001cc                _delay_ms
 .text.TIM3_IRQHandler
                0x0800021c       0x28 CMakeFiles/RS41HUP.elf.dir/delay.c.obj
                0x0800021c                TIM3_IRQHandler
 .text.init_usart_gps
                0x08000244       0x94 CMakeFiles/RS41HUP.elf.dir/init.c.obj
                0x08000244                init_usart_gps
 .text.NVIC_Conf
                0x080002d8        0xc CMakeFiles/RS41HUP.elf.dir/init.c.obj
                0x080002d8                NVIC_Conf
 .text.RCC_Conf
                0x080002e4       0x4c CMakeFiles/RS41HUP.elf.dir/init.c.obj
                0x080002e4                RCC_Conf
 .text.reset_gps
                0x08000330       0x58 CMakeFiles/RS41HUP.elf.dir/init.c.obj
                0x08000330                reset_gps
 .text.init_port
                0x08000388      0x280 CMakeFiles/RS41HUP.elf.dir/init.c.obj
                0x08000388                init_port
 .text.spi_init
                0x08000608       0x74 CMakeFiles/RS41HUP.elf.dir/init.c.obj
                0x08000608                spi_init
 .text.init_timer
                0x0800067c       0x70 CMakeFiles/RS41HUP.elf.dir/init.c.obj
                0x0800067c                init_timer
 .text.USART1_IRQHandler
                0x080006ec       0x3c CMakeFiles/RS41HUP.elf.dir/main.c.obj
                0x080006ec                USART1_IRQHandler
 .text.Sync_tx_on_delay
                0x08000728       0xb0 CMakeFiles/RS41HUP.elf.dir/main.c.obj
                0x08000728                Sync_tx_on_delay
 .text.TIM2_IRQHandler
                0x080007d8      0x12c CMakeFiles/RS41HUP.elf.dir/main.c.obj
                0x080007d8                TIM2_IRQHandler
 .text.collect_telemetry_data
                0x08000904       0xb8 CMakeFiles/RS41HUP.elf.dir/main.c.obj
                0x08000904                collect_telemetry_data
 .text.send_gfsk_packet
                0x080009bc       0xa0 CMakeFiles/RS41HUP.elf.dir/main.c.obj
                0x080009bc                send_gfsk_packet
 .text.startup.main
                0x08000a5c      0x19c CMakeFiles/RS41HUP.elf.dir/main.c.obj
                0x08000a5c                main
 .text.radio_rw_register
                0x08000bf8       0x5c CMakeFiles/RS41HUP.elf.dir/radio.c.obj
                0x08000bf8                radio_rw_register
 .text.radio_set_tx_frequency
                0x08000c54      0x16c CMakeFiles/RS41HUP.elf.dir/radio.c.obj
                0x08000c54                radio_set_tx_frequency
 .text.radio_disable_tx
                0x08000dc0       0x4c CMakeFiles/RS41HUP.elf.dir/radio.c.obj
                0x08000dc0                radio_disable_tx
 .text.radio_soft_reset
                0x08000e0c       0x4c CMakeFiles/RS41HUP.elf.dir/radio.c.obj
                0x08000e0c                radio_soft_reset
 .text.radio_enable_tx
                0x08000e58       0x4c CMakeFiles/RS41HUP.elf.dir/radio.c.obj
                0x08000e58                radio_enable_tx
 .text.radio_read_temperature
                0x08000ea4       0x90 CMakeFiles/RS41HUP.elf.dir/radio.c.obj
                0x08000ea4                radio_read_temperature
 .text.NVIC_Init
                0x08000f34       0x5c CMakeFiles/RS41HUP.elf.dir/stm_lib/src/misc.c.obj
                0x08000f34                NVIC_Init
 .text.NVIC_SetVectorTable
                0x08000f90       0x14 CMakeFiles/RS41HUP.elf.dir/stm_lib/src/misc.c.obj
                0x08000f90                NVIC_SetVectorTable
 .text.ADC_Init
                0x08000fa4       0x4c CMakeFiles/RS41HUP.elf.dir/stm_lib/src/stm32f10x_adc.c.obj
                0x08000fa4                ADC_Init
 .text.ADC_Cmd  0x08000ff0       0x14 CMakeFiles/RS41HUP.elf.dir/stm_lib/src/stm32f10x_adc.c.obj
                0x08000ff0                ADC_Cmd
 .text.ADC_DMACmd
                0x08001004       0x14 CMakeFiles/RS41HUP.elf.dir/stm_lib/src/stm32f10x_adc.c.obj
                0x08001004                ADC_DMACmd
 .text.ADC_ResetCalibration
                0x08001018        0xc CMakeFiles/RS41HUP.elf.dir/stm_lib/src/stm32f10x_adc.c.obj
                0x08001018                ADC_ResetCalibration
 .text.ADC_GetResetCalibrationStatus
                0x08001024        0x8 CMakeFiles/RS41HUP.elf.dir/stm_lib/src/stm32f10x_adc.c.obj
                0x08001024                ADC_GetResetCalibrationStatus
 .text.ADC_StartCalibration
                0x0800102c        0xc CMakeFiles/RS41HUP.elf.dir/stm_lib/src/stm32f10x_adc.c.obj
                0x0800102c                ADC_StartCalibration
 .text.ADC_GetCalibrationStatus
                0x08001038        0x8 CMakeFiles/RS41HUP.elf.dir/stm_lib/src/stm32f10x_adc.c.obj
                0x08001038                ADC_GetCalibrationStatus
 .text.ADC_SoftwareStartConvCmd
                0x08001040       0x14 CMakeFiles/RS41HUP.elf.dir/stm_lib/src/stm32f10x_adc.c.obj
                0x08001040                ADC_SoftwareStartConvCmd
 .text.ADC_RegularChannelConfig
                0x08001054       0x9c CMakeFiles/RS41HUP.elf.dir/stm_lib/src/stm32f10x_adc.c.obj
                0x08001054                ADC_RegularChannelConfig
 .text.DMA_DeInit
                0x080010f0      0x128 CMakeFiles/RS41HUP.elf.dir/stm_lib/src/stm32f10x_dma.c.obj
                0x080010f0                DMA_DeInit
 .text.DMA_Init
                0x08001218       0x3c CMakeFiles/RS41HUP.elf.dir/stm_lib/src/stm32f10x_dma.c.obj
                0x08001218                DMA_Init
 .text.DMA_Cmd  0x08001254       0x18 CMakeFiles/RS41HUP.elf.dir/stm_lib/src/stm32f10x_dma.c.obj
                0x08001254                DMA_Cmd
 .text.FLASH_SetLatency
                0x0800126c       0x14 CMakeFiles/RS41HUP.elf.dir/stm_lib/src/stm32f10x_flash.c.obj
                0x0800126c                FLASH_SetLatency
 .text.FLASH_PrefetchBufferCmd
                0x08001280       0x18 CMakeFiles/RS41HUP.elf.dir/stm_lib/src/stm32f10x_flash.c.obj
                0x08001280                FLASH_PrefetchBufferCmd
 .text.GPIO_Init
                0x08001298      0x354 CMakeFiles/RS41HUP.elf.dir/stm_lib/src/stm32f10x_gpio.c.obj
                0x08001298                GPIO_Init
 .text.GPIO_SetBits
                0x080015ec        0x4 CMakeFiles/RS41HUP.elf.dir/stm_lib/src/stm32f10x_gpio.c.obj
                0x080015ec                GPIO_SetBits
 .text.GPIO_ResetBits
                0x080015f0        0x4 CMakeFiles/RS41HUP.elf.dir/stm_lib/src/stm32f10x_gpio.c.obj
                0x080015f0                GPIO_ResetBits
 .text.GPIO_PinRemapConfig
                0x080015f4       0x70 CMakeFiles/RS41HUP.elf.dir/stm_lib/src/stm32f10x_gpio.c.obj
                0x080015f4                GPIO_PinRemapConfig
 .text.RCC_DeInit
                0x08001664       0x48 CMakeFiles/RS41HUP.elf.dir/stm_lib/src/stm32f10x_rcc.c.obj
                0x08001664                RCC_DeInit
 .text.RCC_HSEConfig
                0x080016ac       0x38 CMakeFiles/RS41HUP.elf.dir/stm_lib/src/stm32f10x_rcc.c.obj
                0x080016ac                RCC_HSEConfig
 .text.RCC_WaitForHSEStartUp
                0x080016e4       0x34 CMakeFiles/RS41HUP.elf.dir/stm_lib/src/stm32f10x_rcc.c.obj
                0x080016e4                RCC_WaitForHSEStartUp
 .text.RCC_SYSCLKConfig
                0x08001718       0x14 CMakeFiles/RS41HUP.elf.dir/stm_lib/src/stm32f10x_rcc.c.obj
                0x08001718                RCC_SYSCLKConfig
 .text.RCC_GetSYSCLKSource
                0x0800172c       0x10 CMakeFiles/RS41HUP.elf.dir/stm_lib/src/stm32f10x_rcc.c.obj
                0x0800172c                RCC_GetSYSCLKSource
 .text.RCC_HCLKConfig
                0x0800173c       0x14 CMakeFiles/RS41HUP.elf.dir/stm_lib/src/stm32f10x_rcc.c.obj
                0x0800173c                RCC_HCLKConfig
 .text.RCC_PCLK1Config
                0x08001750       0x14 CMakeFiles/RS41HUP.elf.dir/stm_lib/src/stm32f10x_rcc.c.obj
                0x08001750                RCC_PCLK1Config
 .text.RCC_PCLK2Config
                0x08001764       0x14 CMakeFiles/RS41HUP.elf.dir/stm_lib/src/stm32f10x_rcc.c.obj
                0x08001764                RCC_PCLK2Config
 .text.RCC_ADCCLKConfig
                0x08001778       0x14 CMakeFiles/RS41HUP.elf.dir/stm_lib/src/stm32f10x_rcc.c.obj
                0x08001778                RCC_ADCCLKConfig
 .text.RCC_GetClocksFreq
                0x0800178c       0x9c CMakeFiles/RS41HUP.elf.dir/stm_lib/src/stm32f10x_rcc.c.obj
                0x0800178c                RCC_GetClocksFreq
 .text.RCC_AHBPeriphClockCmd
                0x08001828       0x18 CMakeFiles/RS41HUP.elf.dir/stm_lib/src/stm32f10x_rcc.c.obj
                0x08001828                RCC_AHBPeriphClockCmd
 .text.RCC_APB2PeriphClockCmd
                0x08001840       0x18 CMakeFiles/RS41HUP.elf.dir/stm_lib/src/stm32f10x_rcc.c.obj
                0x08001840                RCC_APB2PeriphClockCmd
 .text.RCC_APB1PeriphClockCmd
                0x08001858       0x18 CMakeFiles/RS41HUP.elf.dir/stm_lib/src/stm32f10x_rcc.c.obj
                0x08001858                RCC_APB1PeriphClockCmd
 .text.RCC_APB1PeriphResetCmd
                0x08001870       0x18 CMakeFiles/RS41HUP.elf.dir/stm_lib/src/stm32f10x_rcc.c.obj
                0x08001870                RCC_APB1PeriphResetCmd
 .text.SPI_Init
                0x08001888       0x54 CMakeFiles/RS41HUP.elf.dir/stm_lib/src/stm32f10x_spi.c.obj
                0x08001888                SPI_Init
 .text.SPI_Cmd  0x080018dc       0x1c CMakeFiles/RS41HUP.elf.dir/stm_lib/src/stm32f10x_spi.c.obj
                0x080018dc                SPI_Cmd
 .text.SPI_I2S_SendData
                0x080018f8        0x4 CMakeFiles/RS41HUP.elf.dir/stm_lib/src/stm32f10x_spi.c.obj
                0x080018f8                SPI_I2S_SendData
 .text.SPI_I2S_ReceiveData
                0x080018fc        0x8 CMakeFiles/RS41HUP.elf.dir/stm_lib/src/stm32f10x_spi.c.obj
                0x080018fc                SPI_I2S_ReceiveData
 .text.SPI_SSOutputCmd
                0x08001904       0x1c CMakeFiles/RS41HUP.elf.dir/stm_lib/src/stm32f10x_spi.c.obj
                0x08001904                SPI_SSOutputCmd
 .text.SPI_I2S_GetFlagStatus
                0x08001920        0xc CMakeFiles/RS41HUP.elf.dir/stm_lib/src/stm32f10x_spi.c.obj
                0x08001920                SPI_I2S_GetFlagStatus
 .text.TIM_TimeBaseInit
                0x0800192c       0xc8 CMakeFiles/RS41HUP.elf.dir/stm_lib/src/stm32f10x_tim.c.obj
                0x0800192c                TIM_TimeBaseInit
 .text.TIM_Cmd  0x080019f4       0x1c CMakeFiles/RS41HUP.elf.dir/stm_lib/src/stm32f10x_tim.c.obj
                0x080019f4                TIM_Cmd
 .text.TIM_ITConfig
                0x08001a10       0x14 CMakeFiles/RS41HUP.elf.dir/stm_lib/src/stm32f10x_tim.c.obj
                0x08001a10                TIM_ITConfig
 .text.TIM_SetCounter
                0x08001a24        0x4 CMakeFiles/RS41HUP.elf.dir/stm_lib/src/stm32f10x_tim.c.obj
                0x08001a24                TIM_SetCounter
 .text.TIM_SetAutoreload
                0x08001a28        0x4 CMakeFiles/RS41HUP.elf.dir/stm_lib/src/stm32f10x_tim.c.obj
                0x08001a28                TIM_SetAutoreload
 .text.TIM_GetITStatus
                0x08001a2c       0x18 CMakeFiles/RS41HUP.elf.dir/stm_lib/src/stm32f10x_tim.c.obj
                0x08001a2c                TIM_GetITStatus
 .text.TIM_ClearITPendingBit
                0x08001a44        0x8 CMakeFiles/RS41HUP.elf.dir/stm_lib/src/stm32f10x_tim.c.obj
                0x08001a44                TIM_ClearITPendingBit
 .text.USART_Init
                0x08001a4c       0xb8 CMakeFiles/RS41HUP.elf.dir/stm_lib/src/stm32f10x_usart.c.obj
                0x08001a4c                USART_Init
 .text.USART_Cmd
                0x08001b04       0x1c CMakeFiles/RS41HUP.elf.dir/stm_lib/src/stm32f10x_usart.c.obj
                0x08001b04                USART_Cmd
 .text.USART_ITConfig
                0x08001b20       0x34 CMakeFiles/RS41HUP.elf.dir/stm_lib/src/stm32f10x_usart.c.obj
                0x08001b20                USART_ITConfig
 .text.USART_SendData
                0x08001b54        0x8 CMakeFiles/RS41HUP.elf.dir/stm_lib/src/stm32f10x_usart.c.obj
                0x08001b54                USART_SendData
 .text.USART_ReceiveData
                0x08001b5c        0x8 CMakeFiles/RS41HUP.elf.dir/stm_lib/src/stm32f10x_usart.c.obj
                0x08001b5c                USART_ReceiveData
 .text.USART_GetFlagStatus
                0x08001b64        0xc CMakeFiles/RS41HUP.elf.dir/stm_lib/src/stm32f10x_usart.c.obj
                0x08001b64                USART_GetFlagStatus
 .text.USART_GetITStatus
                0x08001b70       0x40 CMakeFiles/RS41HUP.elf.dir/stm_lib/src/stm32f10x_usart.c.obj
                0x08001b70                USART_GetITStatus
 .text.USART_ClearITPendingBit
                0x08001bb0       0x10 CMakeFiles/RS41HUP.elf.dir/stm_lib/src/stm32f10x_usart.c.obj
                0x08001bb0                USART_ClearITPendingBit
 .text.ublox_get_last_data
                0x08001bc0       0x38 CMakeFiles/RS41HUP.elf.dir/ublox.c.obj
                0x08001bc0                ublox_get_last_data
 .text.ubx_config_gps
                0x08001bf8      0x918 CMakeFiles/RS41HUP.elf.dir/ublox.c.obj
                0x08001bf8                ubx_config_gps
 .text.ublox_init
                0x08002510      0x1e4 CMakeFiles/RS41HUP.elf.dir/ublox.c.obj
                0x08002510                ublox_init
 .text.ublox_handle_packet
                0x080026f4      0x140 CMakeFiles/RS41HUP.elf.dir/ublox.c.obj
                0x080026f4                ublox_handle_packet
 .text.ublox_handle_incoming_byte
                0x08002834       0x8c CMakeFiles/RS41HUP.elf.dir/ublox.c.obj
                0x08002834                ublox_handle_incoming_byte
 .text._ZN9QAPRSBase11parseRelaysEPKcPc
                0x080028c0       0xd0 CMakeFiles/RS41HUP.elf.dir/QAPRSBase.cpp.obj
                0x080028c0                QAPRSBase::parseRelays(char const*, char*)
 .text._ZN9QAPRSBase4initEaaPchS0_hS0_
                0x08002990       0xac CMakeFiles/RS41HUP.elf.dir/QAPRSBase.cpp.obj
                0x08002990                QAPRSBase::init(signed char, signed char, char*, unsigned char, char*, unsigned char, char*)
 .text._ZN9QAPRSBase21timerInterruptHandlerEv
                0x08002a3c       0x58 CMakeFiles/RS41HUP.elf.dir/QAPRSBase.cpp.obj
                0x08002a3c                QAPRSBase::timerInterruptHandler()
 .text.aprs_init
                0x08002a94       0x68 CMakeFiles/RS41HUP.elf.dir/aprs.cpp.obj
                0x08002a94                aprs_init
 .text.aprs_timer_handler
                0x08002afc        0xc CMakeFiles/RS41HUP.elf.dir/aprs.cpp.obj
                0x08002afc                aprs_timer_handler
 .text.aprs_is_active
                0x08002b08        0xc CMakeFiles/RS41HUP.elf.dir/aprs.cpp.obj
                0x08002b08                aprs_is_active
 .text          0x08002b14      0x21c /usr/lib/gcc/arm-none-eabi/13.2.1/thumb/v7-m/nofp/libgcc.a(_arm_addsubsf3.o)
                0x08002b14                __aeabi_frsub
                0x08002b1c                __subsf3
                0x08002b1c                __aeabi_fsub
                0x08002b20                __aeabi_fadd
                0x08002b20                __addsf3
                0x08002c80                __aeabi_ui2f
                0x08002c80                __floatunsisf
                0x08002c88                __aeabi_i2f
                0x08002c88                __floatsisf
                0x08002ca4                __floatundisf
                0x08002ca4                __aeabi_ul2f
                0x08002cb4                __floatdisf
                0x08002cb4                __aeabi_l2f
 .text          0x08002d30      0x2a0 /usr/lib/gcc/arm-none-eabi/13.2.1/thumb/v7-m/nofp/libgcc.a(_arm_muldivsf3.o)
                0x08002d30                __mulsf3
                0x08002d30                __aeabi_fmul
                0x08002e98                __divsf3
                0x08002e98                __aeabi_fdiv
 .text          0x08002fd0       0xec /usr/lib/gcc/arm-none-eabi/13.2.1/thumb/v7-m/nofp/libgcc.a(_arm_cmpsf2.o)
                0x08002fd0                __gtsf2
                0x08002fd0                __gesf2
                0x08002fd8                __lesf2
                0x08002fd8                __ltsf2
                0x08002fe0                __nesf2
                0x08002fe0                __eqsf2
                0x08002fe0                __cmpsf2
                0x08003040                __aeabi_cfrcmple
                0x08003048                __aeabi_cfcmple
                0x08003048                __aeabi_cfcmpeq
                0x08003058                __aeabi_fcmpeq
                0x0800306c                __aeabi_fcmplt
                0x08003080                __aeabi_fcmple
                0x08003094                __aeabi_fcmpge
                0x080030a8                __aeabi_fcmpgt
 .text          0x080030bc       0x40 /usr/lib/gcc/arm-none-eabi/13.2.1/thumb/v7-m/nofp/libgcc.a(_arm_fixunssfsi.o)
                0x080030bc                __aeabi_f2uiz
                0x080030bc                __fixunssfsi
 .text          0x080030fc      0xa60 /usr/lib/gcc/arm-none-eabi/13.2.1/thumb/v7-m/nofp/libgcc.a(unwind-arm.o)
                0x080033bc                _Unwind_GetCFA
                0x080033c0                __gnu_Unwind_RaiseException
                0x08003428                __gnu_Unwind_ForcedUnwind
                0x0800343c                __gnu_Unwind_Resume
                0x0800347c                __gnu_Unwind_Resume_or_Rethrow
                0x08003490                _Unwind_Complete
                0x08003494                _Unwind_DeleteException
                0x080034a0                _Unwind_VRS_Get
                0x080034f0                _Unwind_VRS_Set
                0x0800353c                __gnu_Unwind_Backtrace
                0x08003864                __aeabi_unwind_cpp_pr0
                0x08003868                __aeabi_unwind_cpp_pr1
                0x0800386c                __aeabi_unwind_cpp_pr2
                0x08003870                _Unwind_VRS_Pop
 .text          0x08003b5c      0x1ac /usr/lib/gcc/arm-none-eabi/13.2.1/thumb/v7-m/nofp/libgcc.a(libunwind.o)
                0x08003b5c                __restore_core_regs
                0x08003b5c                restore_core_regs
                0x08003b74                __gnu_Unwind_Restore_VFP
                0x08003b7c                __gnu_Unwind_Save_VFP
                0x08003b84                __gnu_Unwind_Restore_VFP_D
                0x08003b8c                __gnu_Unwind_Save_VFP_D
                0x08003b94                __gnu_Unwind_Restore_VFP_D_16_to_31
                0x08003b9c                __gnu_Unwind_Save_VFP_D_16_to_31
                0x08003ba4                __gnu_Unwind_Restore_WMMXD
                0x08003be8                __gnu_Unwind_Save_WMMXD
                0x08003c2c                __gnu_Unwind_Restore_WMMXC
                0x08003c40                __gnu_Unwind_Save_WMMXC
                0x08003c54                ___Unwind_RaiseException
                0x08003c54                _Unwind_RaiseException
                0x08003c78                ___Unwind_Resume
                0x08003c78                _Unwind_Resume
                0x08003c9c                _Unwind_Resume_or_Rethrow
                0x08003c9c                ___Unwind_Resume_or_Rethrow
                0x08003cc0                ___Unwind_ForcedUnwind
                0x08003cc0                _Unwind_ForcedUnwind
                0x08003ce4                _Unwind_Backtrace
                0x08003ce4                ___Unwind_Backtrace
 .text          0x08003d08      0x3a4 /usr/lib/gcc/arm-none-eabi/13.2.1/thumb/v7-m/nofp/libgcc.a(pr-support.o)
                0x08003d60                __gnu_unwind_execute
                0x0800405c                __gnu_unwind_frame
                0x0800408c                _Unwind_GetRegionStart
                0x08004098                _Unwind_GetLanguageSpecificData
 .text          0x080040ac       0x5c /usr/lib/gcc/arm-none-eabi/13.2.1/../../../arm-none-eabi/lib/thumb/v7-m/nofp/libg_nano.a(libc_a-strlen-stub.o)
                0x080040ac                strlen
 .text          0x08004108       0xbc /usr/lib/gcc/arm-none-eabi/13.2.1/../../../arm-none-eabi/lib/thumb/v7-m/nofp/libg_nano.a(libc_a-strcpy.o)
                0x08004108                strcpy
 .text          0x080041c4       0xa0 /usr/lib/gcc/arm-none-eabi/13.2.1/../../../arm-none-eabi/lib/thumb/v7-m/nofp/libg_nano.a(libc_a-memset.o)
                0x080041c4                memset
 .text          0x08004264       0xec /usr/lib/gcc/arm-none-eabi/13.2.1/../../../arm-none-eabi/lib/thumb/v7-m/nofp/libg_nano.a(libc_a-memcpy.o)
                0x08004264                memcpy
 *(.init)
 *(.fini)
 *crtbegin.o(.ctors)
 *crtbegin?.o(.ctors)
 *(EXCLUDE_FILE(*crtend.o *crtend?.o) .ctors)
 *(SORT_BY_NAME(.ctors.*))
 *(.ctors)
 *crtbegin.o(.dtors)
 *crtbegin?.o(.dtors)
 *(EXCLUDE_FILE(*crtend.o *crtend?.o) .dtors)
 *(SORT_BY_NAME(.dtors.*))
 *(.dtors)
 *(.rodata*)
 .rodata        0x08004350       0x14 CMakeFiles/RS41HUP.elf.dir/stm_lib/src/stm32f10x_rcc.c.obj
 .rodata.str1.4
                0x08004364       0x81 CMakeFiles/RS41HUP.elf.dir/aprs.cpp.obj
                                 0x7d (size before relaxing)
 *fill*         0x080043e5        0x3 
 .rodata        0x080043e8        0xf CMakeFiles/RS41HUP.elf.dir/aprs.cpp.obj
 *(.eh_fram e*)

.glue_7         0x080043f8        0x0
 .glue_7        0x080043f8        0x0 linker stubs

.glue_7t        0x080043f8        0x0
 .glue_7t       0x080043f8        0x0 linker stubs

.vfp11_veneer   0x080043f8        0x0
 .vfp11_veneer  0x080043f8        0x0 linker stubs

.v4_bx          0x080043f8        0x0
 .v4_bx         0x080043f8        0x0 linker stubs

.iplt           0x080043f8        0x0
 .iplt          0x080043f8        0x0 CMakeFiles/RS41HUP.elf.dir/cmsis_boot/startup/startup_stm32f10x_md_vl.c.obj

.ARM.extab      0x080043f8       0x18
 *(.ARM.extab* .gnu.linkonce.armextab.*)
 .ARM.extab     0x080043f8       0x18 /usr/lib/gcc/arm-none-eabi/13.2.1/thumb/v7-m/nofp/libgcc.a(pr-support.o)
                0x08004410                        __exidx_start = .

.ARM.exidx      0x08004410       0xd8
 *(.ARM.exidx* .gnu.linkonce.armexidx.*)
 .ARM.exidx.text._ZN9QAPRSBase11parseRelaysEPKcPc
                0x08004410        0x8 CMakeFiles/RS41HUP.elf.dir/QAPRSBase.cpp.obj
 .ARM.exidx.text._ZN9QAPRSBase4initEaaPchS0_hS0_
                0x08004418        0x8 CMakeFiles/RS41HUP.elf.dir/QAPRSBase.cpp.obj
 .ARM.exidx.text._ZN9QAPRSBase21timerInterruptHandlerEv
                0x08004420        0x8 CMakeFiles/RS41HUP.elf.dir/QAPRSBase.cpp.obj
 .ARM.exidx.text.aprs_init
                0x08004428        0x8 CMakeFiles/RS41HUP.elf.dir/aprs.cpp.obj
 .ARM.exidx.text.aprs_timer_handler
                0x08004430        0x8 CMakeFiles/RS41HUP.elf.dir/aprs.cpp.obj
 .ARM.exidx.text.aprs_is_active
                0x08004438        0x0 CMakeFiles/RS41HUP.elf.dir/aprs.cpp.obj
                                  0x8 (size before relaxing)
 .ARM.exidx     0x08004438       0x78 /usr/lib/gcc/arm-none-eabi/13.2.1/thumb/v7-m/nofp/libgcc.a(unwind-arm.o)
                                 0xd8 (size before relaxing)
 .ARM.exidx     0x080044b0       0x38 /usr/lib/gcc/arm-none-eabi/13.2.1/thumb/v7-m/nofp/libgcc.a(pr-support.o)
 .ARM.exidx     0x080044e8        0x0 /usr/lib/gcc/arm-none-eabi/13.2.1/../../../arm-none-eabi/lib/thumb/v7-m/nofp/libg_nano.a(libc_a-memcpy.o)
                                  0x8 (size before relaxing)
                0x080044e8                        __exidx_end = .
                0x080044e8                        __etext = .
                0x080044e8                        _sidata = __etext

.rel.dyn        0x080044e8        0x0
 .rel.iplt      0x080044e8        0x0 CMakeFiles/RS41HUP.elf.dir/cmsis_boot/startup/startup_stm32f10x_md_vl.c.obj

.data           0x20000000       0x28 load address 0x080044e8
                0x20000000                        __data_start__ = .
                0x20000000                        _sdata = __data_start__
 *(vtable)
 *(.data*)
 .data          0x20000000       0x26 CMakeFiles/RS41HUP.elf.dir/main.c.obj
                0x20000000                gfsk_current_bit
                0x20000004                cun
                0x20000008                led_enabled
                0x2000000c                callsign
                0x2000001c                CRC_rtty
                0x2000001e                freuqency_change_PIP
                0x2000001f                freuqency_change
                0x20000020                adc_bottom
                0x20000024                status
                0x20000028                        . = ALIGN (0x4)
 *fill*         0x20000026        0x2 
                [!provide]                        PROVIDE (__preinit_array_start = .)
 *(.preinit_array)
                [!provide]                        PROVIDE (__preinit_array_end = .)
                0x20000028                        . = ALIGN (0x4)
                [!provide]                        PROVIDE (__init_array_start = .)
 *(SORT_BY_NAME(.init_array.*))
 *(.init_array)
                [!provide]                        PROVIDE (__init_array_end = .)
                0x20000028                        . = ALIGN (0x4)
                [!provide]                        PROVIDE (__fini_array_start = .)
 *(SORT_BY_NAME(.fini_array.*))
 *(.fini_array)
                [!provide]                        PROVIDE (__fini_array_end = .)
 *(.jcr*)
                0x20000028                        . = ALIGN (0x4)
                0x20000028                        __data_end__ = .
                0x20000028                        _edata = __data_end__

.igot.plt       0x20000028        0x0 load address 0x08004510
 .igot.plt      0x20000028        0x0 CMakeFiles/RS41HUP.elf.dir/cmsis_boot/startup/startup_stm32f10x_md_vl.c.obj

.bss            0x20000028      0x704 load address 0x08004510
                0x20000028                        . = ALIGN (0x4)
                0x20000028                        __bss_start__ = .
                0x20000028                        _sbss = __bss_start__
 *(.bss*)
 .bss           0x20000028        0x1 CMakeFiles/RS41HUP.elf.dir/delay.c.obj
                0x20000028                done
 *fill*         0x20000029        0x3 
 .bss           0x2000002c       0x68 CMakeFiles/RS41HUP.elf.dir/init.c.obj
                0x2000002c                USART_InitStructure
                0x2000003c                GPIO_Conf
                0x20000040                SPI_InitStructure
                0x20000054                DMA_InitStructure
                0x20000080                ADC_InitStructure
 .bss           0x20000094      0x48a CMakeFiles/RS41HUP.elf.dir/main.c.obj
                0x20000094                gpsData
                0x200000b4                sync_txdelay
                0x200000b8                tx_on_delay
                0x200000bc                tx_on_last_delay_ms
                0x200000c0                tx_on
                0x200000c4                current_mode
                0x200000c8                gfsk_current_byte
                0x200000ca                packet_length
                0x200000cc                tx_enable
                0x200000d0                gfsk_tx_buffer
                0x20000134                pun
                0x20000135                flaga
                0x20000138                send_count
                0x2000013c                si4032_temperature
                0x20000140                ADCVal
                0x20000144                voltage
                0x20000148                NOGPS_counter
                0x2000014c                buf_rtty
                0x20000278                tx_buffer
                0x2000027c                buf_mfsk
                0x200003a8                continuous_mode
                0x200003ac                buf_morse
                0x200004d8                entered_psm
                0x200004dc                deep_sleep_timer
                0x200004e0                disable_armed
                0x200004e2                button_pressed
                0x200004e4                send_rtty_status
                0x200004e8                BinaryPacket2
                0x20000508                BinaryPacket1
 *fill*         0x2000051e        0x2 
 .bss           0x20000520       0x89 CMakeFiles/RS41HUP.elf.dir/ublox.c.obj
                0x20000520                currentGPSData
                0x20000540                ack_received
                0x20000541                nack_received
                0x200005a8                active
 *fill*         0x200005a9        0x3 
 .bss           0x200005ac        0x8 CMakeFiles/RS41HUP.elf.dir/QAPRSBase.cpp.obj
                0x200005b0                QAPRSGlobalObject
 .bss           0x200005b4      0x176 CMakeFiles/RS41HUP.elf.dir/aprs.cpp.obj
                0x200005b4                qaprs
 *(COMMON)
                0x2000072c                        . = ALIGN (0x4)
 *fill*         0x2000072a        0x2 
                0x2000072c                        __bss_end__ = .
                0x2000072c                        _ebss = __bss_end__

.heap           0x2000072c        0x0
                0x2000072c                        __end__ = .
                0x2000072c                        _end = __end__
                0x2000072c                        end = __end__
 *(.heap*)
                0x2000072c                        __HeapLimit = .

.co_stack       0x2000072c      0x404 load address 0x08004c14
                0x20000730                        . = ALIGN (0x8)
 *fill*         0x2000072c        0x4 
 *(.co_stack .co_stack.*)
 .co_stack      0x20000730      0x400 CMakeFiles/RS41HUP.elf.dir/cmsis_boot/startup/startup_stm32f10x_md_vl.c.obj
                0x20000730                pulStack
                0x20002000                        __StackTop = (ORIGIN (ram) + LENGTH (ram))
                0x20001bfc                        __StackLimit = (__StackTop - SIZEOF (.co_stack))
                [!provide]                        PROVIDE (__stack = __StackTop)
                0x00000001                        ASSERT ((__StackLimit >= __HeapLimit), region ram  overflowed with stack)
OUTPUT(RS41HUP.elf elf32-littlearm)
LOAD linker stubs

.debug_info     0x00000000    0x197af
 .debug_info    0x00000000      0x114 CMakeFiles/RS41HUP.elf.dir/cmsis_boot/startup/startup_stm32f10x_md_vl.c.obj
 .debug_info    0x00000114      0x8b0 CMakeFiles/RS41HUP.elf.dir/delay.c.obj
 .debug_info    0x000009c4     0x1c77 CMakeFiles/RS41HUP.elf.dir/init.c.obj
 .debug_info    0x0000263b     0x1fb5 CMakeFiles/RS41HUP.elf.dir/main.c.obj
 .debug_info    0x000045f0      0xf28 CMakeFiles/RS41HUP.elf.dir/radio.c.obj
 .debug_info    0x00005518      0x4f8 CMakeFiles/RS41HUP.elf.dir/stm_lib/src/misc.c.obj
 .debug_info    0x00005a10      0xc72 CMakeFiles/RS41HUP.elf.dir/stm_lib/src/stm32f10x_adc.c.obj
 .debug_info    0x00006682      0x439 CMakeFiles/RS41HUP.elf.dir/stm_lib/src/stm32f10x_dma.c.obj
 .debug_info    0x00006abb     0x1a56 CMakeFiles/RS41HUP.elf.dir/stm_lib/src/stm32f10x_flash.c.obj
 .debug_info    0x00008511      0x89a CMakeFiles/RS41HUP.elf.dir/stm_lib/src/stm32f10x_gpio.c.obj
 .debug_info    0x00008dab      0x9ac CMakeFiles/RS41HUP.elf.dir/stm_lib/src/stm32f10x_rcc.c.obj
 .debug_info    0x00009757      0x9f9 CMakeFiles/RS41HUP.elf.dir/stm_lib/src/stm32f10x_spi.c.obj
 .debug_info    0x0000a150     0x275b CMakeFiles/RS41HUP.elf.dir/stm_lib/src/stm32f10x_tim.c.obj
 .debug_info    0x0000c8ab      0xb58 CMakeFiles/RS41HUP.elf.dir/stm_lib/src/stm32f10x_usart.c.obj
 .debug_info    0x0000d403     0x4297 CMakeFiles/RS41HUP.elf.dir/ublox.c.obj
 .debug_info    0x0001169a     0x24bb CMakeFiles/RS41HUP.elf.dir/QAPRSBase.cpp.obj
 .debug_info    0x00013b55     0x2bf9 CMakeFiles/RS41HUP.elf.dir/aprs.cpp.obj
 .debug_info    0x0001674e       0xca /usr/lib/gcc/arm-none-eabi/13.2.1/thumb/v7-m/nofp/libgcc.a(_arm_addsubsf3.o)
 .debug_info    0x00016818       0x57 /usr/lib/gcc/arm-none-eabi/13.2.1/thumb/v7-m/nofp/libgcc.a(_arm_muldivsf3.o)
 .debug_info    0x0001686f       0xdb /usr/lib/gcc/arm-none-eabi/13.2.1/thumb/v7-m/nofp/libgcc.a(_arm_cmpsf2.o)
 .debug_info    0x0001694a       0x3c /usr/lib/gcc/arm-none-eabi/13.2.1/thumb/v7-m/nofp/libgcc.a(_arm_fixunssfsi.o)
 .debug_info    0x00016986     0x1fa9 /usr/lib/gcc/arm-none-eabi/13.2.1/thumb/v7-m/nofp/libgcc.a(unwind-arm.o)
 .debug_info    0x0001892f       0xb7 /usr/lib/gcc/arm-none-eabi/13.2.1/thumb/v7-m/nofp/libgcc.a(libunwind.o)
 .debug_info    0x000189e6      0xae1 /usr/lib/gcc/arm-none-eabi/13.2.1/thumb/v7-m/nofp/libgcc.a(pr-support.o)
 .debug_info    0x000194c7       0xbd /usr/lib/gcc/arm-none-eabi/13.2.1/../../../arm-none-eabi/lib/thumb/v7-m/nofp/libg_nano.a(libc_a-strlen-stub.o)
 .debug_info    0x00019584       0xc3 /usr/lib/gcc/arm-none-eabi/13.2.1/../../../arm-none-eabi/lib/thumb/v7-m/nofp/libg_nano.a(libc_a-strcpy.o)
 .debug_info    0x00019647      0x135 /usr/lib/gcc/arm-none-eabi/13.2.1/../../../arm-none-eabi/lib/thumb/v7-m/nofp/libg_nano.a(libc_a-memset.o)
 .debug_info    0x0001977c       0x33 /usr/lib/gcc/arm-none-eabi/13.2.1/../../../arm-none-eabi/lib/thumb/v7-m/nofp/libg_nano.a(libc_a-memcpy.o)

.debug_abbrev   0x00000000     0x3cfd
 .debug_abbrev  0x00000000       0xfd CMakeFiles/RS41HUP.elf.dir/cmsis_boot/startup/startup_stm32f10x_md_vl.c.obj
 .debug_abbrev  0x000000fd      0x248 CMakeFiles/RS41HUP.elf.dir/delay.c.obj
 .debug_abbrev  0x00000345      0x3c8 CMakeFiles/RS41HUP.elf.dir/init.c.obj
 .debug_abbrev  0x0000070d      0x54d CMakeFiles/RS41HUP.elf.dir/main.c.obj
 .debug_abbrev  0x00000c5a      0x2a0 CMakeFiles/RS41HUP.elf.dir/radio.c.obj
 .debug_abbrev  0x00000efa      0x195 CMakeFiles/RS41HUP.elf.dir/stm_lib/src/misc.c.obj
 .debug_abbrev  0x0000108f      0x237 CMakeFiles/RS41HUP.elf.dir/stm_lib/src/stm32f10x_adc.c.obj
 .debug_abbrev  0x000012c6      0x235 CMakeFiles/RS41HUP.elf.dir/stm_lib/src/stm32f10x_dma.c.obj
 .debug_abbrev  0x000014fb      0x2c0 CMakeFiles/RS41HUP.elf.dir/stm_lib/src/stm32f10x_flash.c.obj
 .debug_abbrev  0x000017bb      0x261 CMakeFiles/RS41HUP.elf.dir/stm_lib/src/stm32f10x_gpio.c.obj
 .debug_abbrev  0x00001a1c      0x29d CMakeFiles/RS41HUP.elf.dir/stm_lib/src/stm32f10x_rcc.c.obj
 .debug_abbrev  0x00001cb9      0x23c CMakeFiles/RS41HUP.elf.dir/stm_lib/src/stm32f10x_spi.c.obj
 .debug_abbrev  0x00001ef5      0x333 CMakeFiles/RS41HUP.elf.dir/stm_lib/src/stm32f10x_tim.c.obj
 .debug_abbrev  0x00002228      0x223 CMakeFiles/RS41HUP.elf.dir/stm_lib/src/stm32f10x_usart.c.obj
 .debug_abbrev  0x0000244b      0x442 CMakeFiles/RS41HUP.elf.dir/ublox.c.obj
 .debug_abbrev  0x0000288d      0x541 CMakeFiles/RS41HUP.elf.dir/QAPRSBase.cpp.obj
 .debug_abbrev  0x00002dce      0x51d CMakeFiles/RS41HUP.elf.dir/aprs.cpp.obj
 .debug_abbrev  0x000032eb       0x28 /usr/lib/gcc/arm-none-eabi/13.2.1/thumb/v7-m/nofp/libgcc.a(_arm_addsubsf3.o)
 .debug_abbrev  0x00003313       0x28 /usr/lib/gcc/arm-none-eabi/13.2.1/thumb/v7-m/nofp/libgcc.a(_arm_muldivsf3.o)
 .debug_abbrev  0x0000333b       0x28 /usr/lib/gcc/arm-none-eabi/13.2.1/thumb/v7-m/nofp/libgcc.a(_arm_cmpsf2.o)
 .debug_abbrev  0x00003363       0x28 /usr/lib/gcc/arm-none-eabi/13.2.1/thumb/v7-m/nofp/libgcc.a(_arm_fixunssfsi.o)
 .debug_abbrev  0x0000338b      0x47f /usr/lib/gcc/arm-none-eabi/13.2.1/thumb/v7-m/nofp/libgcc.a(unwind-arm.o)
 .debug_abbrev  0x0000380a       0x28 /usr/lib/gcc/arm-none-eabi/13.2.1/thumb/v7-m/nofp/libgcc.a(libunwind.o)
 .debug_abbrev  0x00003832      0x2f9 /usr/lib/gcc/arm-none-eabi/13.2.1/thumb/v7-m/nofp/libgcc.a(pr-support.o)
 .debug_abbrev  0x00003b2b       0x78 /usr/lib/gcc/arm-none-eabi/13.2.1/../../../arm-none-eabi/lib/thumb/v7-m/nofp/libg_nano.a(libc_a-strlen-stub.o)
 .debug_abbrev  0x00003ba3       0x7b /usr/lib/gcc/arm-none-eabi/13.2.1/../../../arm-none-eabi/lib/thumb/v7-m/nofp/libg_nano.a(libc_a-strcpy.o)
 .debug_abbrev  0x00003c1e       0xb7 /usr/lib/gcc/arm-none-eabi/13.2.1/../../../arm-none-eabi/lib/thumb/v7-m/nofp/libg_nano.a(libc_a-memset.o)
 .debug_abbrev  0x00003cd5       0x28 /usr/lib/gcc/arm-none-eabi/13.2.1/../../../arm-none-eabi/lib/thumb/v7-m/nofp/libg_nano.a(libc_a-memcpy.o)

.debug_aranges  0x00000000      0xe40
 .debug_aranges
                0x00000000       0x28 CMakeFiles/RS41HUP.elf.dir/cmsis_boot/startup/startup_stm32f10x_md_vl.c.obj
 .debug_aranges
                0x00000028       0x38 CMakeFiles/RS41HUP.elf.dir/delay.c.obj
 .debug_aranges
                0x00000060       0x60 CMakeFiles/RS41HUP.elf.dir/init.c.obj
 .debug_aranges
                0x000000c0       0x98 CMakeFiles/RS41HUP.elf.dir/main.c.obj
 .debug_aranges
                0x00000158       0x58 CMakeFiles/RS41HUP.elf.dir/radio.c.obj
 .debug_aranges
                0x000001b0       0x40 CMakeFiles/RS41HUP.elf.dir/stm_lib/src/misc.c.obj
 .debug_aranges
                0x000001f0      0x138 CMakeFiles/RS41HUP.elf.dir/stm_lib/src/stm32f10x_adc.c.obj
 .debug_aranges
                0x00000328       0x70 CMakeFiles/RS41HUP.elf.dir/stm_lib/src/stm32f10x_dma.c.obj
 .debug_aranges
                0x00000398       0xf8 CMakeFiles/RS41HUP.elf.dir/stm_lib/src/stm32f10x_flash.c.obj
 .debug_aranges
                0x00000490       0xa8 CMakeFiles/RS41HUP.elf.dir/stm_lib/src/stm32f10x_gpio.c.obj
 .debug_aranges
                0x00000538      0x120 CMakeFiles/RS41HUP.elf.dir/stm_lib/src/stm32f10x_rcc.c.obj
 .debug_aranges
                0x00000658       0xd0 CMakeFiles/RS41HUP.elf.dir/stm_lib/src/stm32f10x_spi.c.obj
 .debug_aranges
                0x00000728      0x2d0 CMakeFiles/RS41HUP.elf.dir/stm_lib/src/stm32f10x_tim.c.obj
 .debug_aranges
                0x000009f8      0x100 CMakeFiles/RS41HUP.elf.dir/stm_lib/src/stm32f10x_usart.c.obj
 .debug_aranges
                0x00000af8       0x88 CMakeFiles/RS41HUP.elf.dir/ublox.c.obj
 .debug_aranges
                0x00000b80       0xf8 CMakeFiles/RS41HUP.elf.dir/QAPRSBase.cpp.obj
 .debug_aranges
                0x00000c78       0x58 CMakeFiles/RS41HUP.elf.dir/aprs.cpp.obj
 .debug_aranges
                0x00000cd0       0x20 /usr/lib/gcc/arm-none-eabi/13.2.1/thumb/v7-m/nofp/libgcc.a(_arm_addsubsf3.o)
 .debug_aranges
                0x00000cf0       0x20 /usr/lib/gcc/arm-none-eabi/13.2.1/thumb/v7-m/nofp/libgcc.a(_arm_muldivsf3.o)
 .debug_aranges
                0x00000d10       0x20 /usr/lib/gcc/arm-none-eabi/13.2.1/thumb/v7-m/nofp/libgcc.a(_arm_cmpsf2.o)
 .debug_aranges
                0x00000d30       0x20 /usr/lib/gcc/arm-none-eabi/13.2.1/thumb/v7-m/nofp/libgcc.a(_arm_fixunssfsi.o)
 .debug_aranges
                0x00000d50       0x20 /usr/lib/gcc/arm-none-eabi/13.2.1/thumb/v7-m/nofp/libgcc.a(unwind-arm.o)
 .debug_aranges
                0x00000d70       0x20 /usr/lib/gcc/arm-none-eabi/13.2.1/thumb/v7-m/nofp/libgcc.a(libunwind.o)
 .debug_aranges
                0x00000d90       0x30 /usr/lib/gcc/arm-none-eabi/13.2.1/thumb/v7-m/nofp/libgcc.a(pr-support.o)
 .debug_aranges
                0x00000dc0       0x20 /usr/lib/gcc/arm-none-eabi/13.2.1/../../../arm-none-eabi/lib/thumb/v7-m/nofp/libg_nano.a(libc_a-strlen-stub.o)
 .debug_aranges
                0x00000de0       0x20 /usr/lib/gcc/arm-none-eabi/13.2.1/../../../arm-none-eabi/lib/thumb/v7-m/nofp/libg_nano.a(libc_a-strcpy.o)
 .debug_aranges
                0x00000e00       0x20 /usr/lib/gcc/arm-none-eabi/13.2.1/../../../arm-none-eabi/lib/thumb/v7-m/nofp/libg_nano.a(libc_a-memset.o)
 .debug_aranges
                0x00000e20       0x20 /usr/lib/gcc/arm-none-eabi/13.2.1/../../../arm-none-eabi/lib/thumb/v7-m/nofp/libg_nano.a(libc_a-memcpy.o)

.debug_rnglists
                0x00000000     0x171e
 .debug_rnglists
                0x00000000       0x19 CMakeFiles/RS41HUP.elf.dir/cmsis_boot/startup/startup_stm32f10x_md_vl.c.obj
 .debug_rnglists
                0x00000019       0x31 CMakeFiles/RS41HUP.elf.dir/delay.c.obj
 .debug_rnglists
                0x0000004a       0x7e CMakeFiles/RS41HUP.elf.dir/init.c.obj
 .debug_rnglists
                0x000000c8       0xf7 CMakeFiles/RS41HUP.elf.dir/main.c.obj
 .debug_rnglists
                0x000001bf       0xdb CMakeFiles/RS41HUP.elf.dir/radio.c.obj
 .debug_rnglists
                0x0000029a       0x2b CMakeFiles/RS41HUP.elf.dir/stm_lib/src/misc.c.obj
 .debug_rnglists
                0x000002c5       0xe6 CMakeFiles/RS41HUP.elf.dir/stm_lib/src/stm32f10x_adc.c.obj
 .debug_rnglists
                0x000003ab       0x50 CMakeFiles/RS41HUP.elf.dir/stm_lib/src/stm32f10x_dma.c.obj
 .debug_rnglists
                0x000003fb      0x72a CMakeFiles/RS41HUP.elf.dir/stm_lib/src/stm32f10x_flash.c.obj
 .debug_rnglists
                0x00000b25       0x7b CMakeFiles/RS41HUP.elf.dir/stm_lib/src/stm32f10x_gpio.c.obj
 .debug_rnglists
                0x00000ba0       0xe6 CMakeFiles/RS41HUP.elf.dir/stm_lib/src/stm32f10x_rcc.c.obj
 .debug_rnglists
                0x00000c86       0x98 CMakeFiles/RS41HUP.elf.dir/stm_lib/src/stm32f10x_spi.c.obj
 .debug_rnglists
                0x00000d1e      0x2c1 CMakeFiles/RS41HUP.elf.dir/stm_lib/src/stm32f10x_tim.c.obj
 .debug_rnglists
                0x00000fdf       0xbd CMakeFiles/RS41HUP.elf.dir/stm_lib/src/stm32f10x_usart.c.obj
 .debug_rnglists
                0x0000109c      0x1c4 CMakeFiles/RS41HUP.elf.dir/ublox.c.obj
 .debug_rnglists
                0x00001260      0x28c CMakeFiles/RS41HUP.elf.dir/QAPRSBase.cpp.obj
 .debug_rnglists
                0x000014ec      0x100 CMakeFiles/RS41HUP.elf.dir/aprs.cpp.obj
 .debug_rnglists
                0x000015ec       0xd1 /usr/lib/gcc/arm-none-eabi/13.2.1/thumb/v7-m/nofp/libgcc.a(unwind-arm.o)
 .debug_rnglists
                0x000016bd       0x3a /usr/lib/gcc/arm-none-eabi/13.2.1/thumb/v7-m/nofp/libgcc.a(pr-support.o)
 .debug_rnglists
                0x000016f7       0x13 /usr/lib/gcc/arm-none-eabi/13.2.1/../../../arm-none-eabi/lib/thumb/v7-m/nofp/libg_nano.a(libc_a-strlen-stub.o)
 .debug_rnglists
                0x0000170a       0x14 /usr/lib/gcc/arm-none-eabi/13.2.1/../../../arm-none-eabi/lib/thumb/v7-m/nofp/libg_nano.a(libc_a-strcpy.o)

.debug_line     0x00000000     0xfa84
 .debug_line    0x00000000       0xdf CMakeFiles/RS41HUP.elf.dir/cmsis_boot/startup/startup_stm32f10x_md_vl.c.obj
 .debug_line    0x000000df      0x257 CMakeFiles/RS41HUP.elf.dir/delay.c.obj
 .debug_line    0x00000336      0x77d CMakeFiles/RS41HUP.elf.dir/init.c.obj
 .debug_line    0x00000ab3      0xeda CMakeFiles/RS41HUP.elf.dir/main.c.obj
 .debug_line    0x0000198d      0x664 CMakeFiles/RS41HUP.elf.dir/radio.c.obj
 .debug_line    0x00001ff1      0x2ad CMakeFiles/RS41HUP.elf.dir/stm_lib/src/misc.c.obj
 .debug_line    0x0000229e      0xa26 CMakeFiles/RS41HUP.elf.dir/stm_lib/src/stm32f10x_adc.c.obj
 .debug_line    0x00002cc4      0x49e CMakeFiles/RS41HUP.elf.dir/stm_lib/src/stm32f10x_dma.c.obj
 .debug_line    0x00003162     0x1da4 CMakeFiles/RS41HUP.elf.dir/stm_lib/src/stm32f10x_flash.c.obj
 .debug_line    0x00004f06     0x10f4 CMakeFiles/RS41HUP.elf.dir/stm_lib/src/stm32f10x_gpio.c.obj
 .debug_line    0x00005ffa      0x90b CMakeFiles/RS41HUP.elf.dir/stm_lib/src/stm32f10x_rcc.c.obj
 .debug_line    0x00006905      0x70c CMakeFiles/RS41HUP.elf.dir/stm_lib/src/stm32f10x_spi.c.obj
 .debug_line    0x00007011     0x209c CMakeFiles/RS41HUP.elf.dir/stm_lib/src/stm32f10x_tim.c.obj
 .debug_line    0x000090ad      0x896 CMakeFiles/RS41HUP.elf.dir/stm_lib/src/stm32f10x_usart.c.obj
 .debug_line    0x00009943     0x2913 CMakeFiles/RS41HUP.elf.dir/ublox.c.obj
 .debug_line    0x0000c256     0x123f CMakeFiles/RS41HUP.elf.dir/QAPRSBase.cpp.obj
 .debug_line    0x0000d495      0x724 CMakeFiles/RS41HUP.elf.dir/aprs.cpp.obj
 .debug_line    0x0000dbb9      0x103 /usr/lib/gcc/arm-none-eabi/13.2.1/thumb/v7-m/nofp/libgcc.a(_arm_addsubsf3.o)
 .debug_line    0x0000dcbc      0x123 /usr/lib/gcc/arm-none-eabi/13.2.1/thumb/v7-m/nofp/libgcc.a(_arm_muldivsf3.o)
 .debug_line    0x0000dddf       0x9a /usr/lib/gcc/arm-none-eabi/13.2.1/thumb/v7-m/nofp/libgcc.a(_arm_cmpsf2.o)
 .debug_line    0x0000de79       0x5e /usr/lib/gcc/arm-none-eabi/13.2.1/thumb/v7-m/nofp/libgcc.a(_arm_fixunssfsi.o)
 .debug_line    0x0000ded7     0x1186 /usr/lib/gcc/arm-none-eabi/13.2.1/thumb/v7-m/nofp/libgcc.a(unwind-arm.o)
 .debug_line    0x0000f05d       0x97 /usr/lib/gcc/arm-none-eabi/13.2.1/thumb/v7-m/nofp/libgcc.a(libunwind.o)
 .debug_line    0x0000f0f4      0x575 /usr/lib/gcc/arm-none-eabi/13.2.1/thumb/v7-m/nofp/libgcc.a(pr-support.o)
 .debug_line    0x0000f669       0xf4 /usr/lib/gcc/arm-none-eabi/13.2.1/../../../arm-none-eabi/lib/thumb/v7-m/nofp/libg_nano.a(libc_a-strlen-stub.o)
 .debug_line    0x0000f75d       0xb9 /usr/lib/gcc/arm-none-eabi/13.2.1/../../../arm-none-eabi/lib/thumb/v7-m/nofp/libg_nano.a(libc_a-strcpy.o)
 .debug_line    0x0000f816      0x1b1 /usr/lib/gcc/arm-none-eabi/13.2.1/../../../arm-none-eabi/lib/thumb/v7-m/nofp/libg_nano.a(libc_a-memset.o)
 .debug_line    0x0000f9c7       0xbd /usr/lib/gcc/arm-none-eabi/13.2.1/../../../arm-none-eabi/lib/thumb/v7-m/nofp/libg_nano.a(libc_a-memcpy.o)

.debug_str      0x00000000     0x62d5
 .debug_str     0x00000000     0x62d5 CMakeFiles/RS41HUP.elf.dir/cmsis_boot/startup/startup_stm32f10x_md_vl.c.obj
                                0x1a1 (size before relaxing)
 .debug_str     0x000062d5      0x737 CMakeFiles/RS41HUP.elf.dir/delay.c.obj
 .debug_str     0x000062d5      0xedb CMakeFiles/RS41HUP.elf.dir/init.c.obj
 .debug_str     0x000062d5      0xc1a CMakeFiles/RS41HUP.elf.dir/main.c.obj
 .debug_str     0x000062d5      0x3ea CMakeFiles/RS41HUP.elf.dir/radio.c.obj
 .debug_str     0x000062d5      0x3bf CMakeFiles/RS41HUP.elf.dir/stm_lib/src/misc.c.obj
 .debug_str     0x000062d5      0x708 CMakeFiles/RS41HUP.elf.dir/stm_lib/src/stm32f10x_adc.c.obj
 .debug_str     0x000062d5      0x3b7 CMakeFiles/RS41HUP.elf.dir/stm_lib/src/stm32f10x_dma.c.obj
 .debug_str     0x000062d5      0x5de CMakeFiles/RS41HUP.elf.dir/stm_lib/src/stm32f10x_flash.c.obj
 .debug_str     0x000062d5      0x526 CMakeFiles/RS41HUP.elf.dir/stm_lib/src/stm32f10x_gpio.c.obj
 .debug_str     0x000062d5      0x663 CMakeFiles/RS41HUP.elf.dir/stm_lib/src/stm32f10x_rcc.c.obj
 .debug_str     0x000062d5      0x633 CMakeFiles/RS41HUP.elf.dir/stm_lib/src/stm32f10x_spi.c.obj
 .debug_str     0x000062d5      0xe01 CMakeFiles/RS41HUP.elf.dir/stm_lib/src/stm32f10x_tim.c.obj
 .debug_str     0x000062d5      0x6c6 CMakeFiles/RS41HUP.elf.dir/stm_lib/src/stm32f10x_usart.c.obj
 .debug_str     0x000062d5      0x873 CMakeFiles/RS41HUP.elf.dir/ublox.c.obj
 .debug_str     0x000062d5      0xcf2 CMakeFiles/RS41HUP.elf.dir/QAPRSBase.cpp.obj
 .debug_str     0x000062d5     0x175d CMakeFiles/RS41HUP.elf.dir/aprs.cpp.obj
 .debug_str     0x000062d5      0x144 /usr/lib/gcc/arm-none-eabi/13.2.1/thumb/v7-m/nofp/libgcc.a(_arm_addsubsf3.o)
 .debug_str     0x000062d5       0xd0 /usr/lib/gcc/arm-none-eabi/13.2.1/thumb/v7-m/nofp/libgcc.a(_arm_muldivsf3.o)
 .debug_str     0x000062d5      0x159 /usr/lib/gcc/arm-none-eabi/13.2.1/thumb/v7-m/nofp/libgcc.a(_arm_cmpsf2.o)
 .debug_str     0x000062d5       0xbf /usr/lib/gcc/arm-none-eabi/13.2.1/thumb/v7-m/nofp/libgcc.a(_arm_fixunssfsi.o)
 .debug_str     0x000062d5      0xc5d /usr/lib/gcc/arm-none-eabi/13.2.1/thumb/v7-m/nofp/libgcc.a(unwind-arm.o)
 .debug_str     0x000062d5      0x1a1 /usr/lib/gcc/arm-none-eabi/13.2.1/thumb/v7-m/nofp/libgcc.a(libunwind.o)
 .debug_str     0x000062d5      0x5a3 /usr/lib/gcc/arm-none-eabi/13.2.1/thumb/v7-m/nofp/libgcc.a(pr-support.o)
 .debug_str     0x000062d5      0x19b /usr/lib/gcc/arm-none-eabi/13.2.1/../../../arm-none-eabi/lib/thumb/v7-m/nofp/libg_nano.a(libc_a-strlen-stub.o)
 .debug_str     0x000062d5      0x18f /usr/lib/gcc/arm-none-eabi/13.2.1/../../../arm-none-eabi/lib/thumb/v7-m/nofp/libg_nano.a(libc_a-strcpy.o)
 .debug_str     0x000062d5      0x1a5 /usr/lib/gcc/arm-none-eabi/13.2.1/../../../arm-none-eabi/lib/thumb/v7-m/nofp/libg_nano.a(libc_a-memset.o)
 .debug_str     0x000062d5       0xa8 /usr/lib/gcc/arm-none-eabi/13.2.1/../../../arm-none-eabi/lib/thumb/v7-m/nofp/libg_nano.a(libc_a-memcpy.o)

.comment        0x00000000       0x26
 .comment       0x00000000       0x26 CMakeFiles/RS41HUP.elf.dir/cmsis_boot/startup/startup_stm32f10x_md_vl.c.obj
                                 0x27 (size before relaxing)
 .comment       0x00000026       0x27 CMakeFiles/RS41HUP.elf.dir/delay.c.obj
 .comment       0x00000026       0x27 CMakeFiles/RS41HUP.elf.dir/init.c.obj
 .comment       0x00000026       0x27 CMakeFiles/RS41HUP.elf.dir/main.c.obj
 .comment       0x00000026       0x27 CMakeFiles/RS41HUP.elf.dir/radio.c.obj
 .comment       0x00000026       0x27 CMakeFiles/RS41HUP.elf.dir/stm_lib/src/misc.c.obj
 .comment       0x00000026       0x27 CMakeFiles/RS41HUP.elf.dir/stm_lib/src/stm32f10x_adc.c.obj
 .comment       0x00000026       0x27 CMakeFiles/RS41HUP.elf.dir/stm_lib/src/stm32f10x_dma.c.obj
 .comment       0x00000026       0x27 CMakeFiles/RS41HUP.elf.dir/stm_lib/src/stm32f10x_flash.c.obj
 .comment       0x00000026       0x27 CMakeFiles/RS41HUP.elf.dir/stm_lib/src/stm32f10x_gpio.c.obj
 .comment       0x00000026       0x27 CMakeFiles/RS41HUP.elf.dir/stm_lib/src/stm32f10x_rcc.c.obj
 .comment       0x00000026       0x27 CMakeFiles/RS41HUP.elf.dir/stm_lib/src/stm32f10x_spi.c.obj
 .comment       0x00000026       0x27 CMakeFiles/RS41HUP.elf.dir/stm_lib/src/stm32f10x_tim.c.obj
 .comment       0x00000026       0x27 CMakeFiles/RS41HUP.elf.dir/stm_lib/src/stm32f10x_usart.c.obj
 .comment       0x00000026       0x27 CMakeFiles/RS41HUP.elf.dir/ublox.c.obj
 .comment       0x00000026       0x27 CMakeFiles/RS41HUP.elf.dir/QAPRSBase.cpp.obj
 .comment       0x00000026       0x27 CMakeFiles/RS41HUP.elf.dir/aprs.cpp.obj
 .comment       0x00000026       0x27 /usr/lib/gcc/arm-none-eabi/13.2.1/thumb/v7-m/nofp/libgcc.a(unwind-arm.o)
 .comment       0x00000026       0x27 /usr/lib/gcc/arm-none-eabi/13.2.1/thumb/v7-m/nofp/libgcc.a(pr-support.o)
 .comment       0x00000026       0x27 /usr/lib/gcc/arm-none-eabi/13.2.1/../../../arm-none-eabi/lib/thumb/v7-m/nofp/libg_nano.a(libc_a-strlen-stub.o)
 .comment       0x00000026       0x27 /usr/lib/gcc/arm-none-eabi/13.2.1/../../../arm-none-eabi/lib/thumb/v7-m/nofp/libg_nano.a(libc_a-strcpy.o)
 .comment       0x00000026       0x27 /usr/lib/gcc/arm-none-eabi/13.2.1/../../../arm-none-eabi/lib/thumb/v7-m/nofp/libg_nano.a(libc_a-memset.o)

.ARM.attributes
                0x00000000       0x2b
 .ARM.attributes
                0x00000000       0x2d CMakeFiles/RS41HUP.elf.dir/cmsis_boot/startup/startup_stm32f10x_md_vl.c.obj
 .ARM.attributes
                0x0000002d       0x2d CMakeFiles/RS41HUP.elf.dir/delay.c.obj
 .ARM.attributes
                0x0000005a       0x2d CMakeFiles/RS41HUP.elf.dir/init.c.obj
 .ARM.attributes
                0x00000087       0x2d CMakeFiles/RS41HUP.elf.dir/main.c.obj
 .ARM.attributes
                0x000000b4       0x2d CMakeFiles/RS41HUP.elf.dir/radio.c.obj
 .ARM.attributes
                0x000000e1       0x2d CMakeFiles/RS41HUP.elf.dir/stm_lib/src/misc.c.obj
 .ARM.attributes
                0x0000010e       0x2d CMakeFiles/RS41HUP.elf.dir/stm_lib/src/stm32f10x_adc.c.obj
 .ARM.attributes
                0x0000013b       0x2d CMakeFiles/RS41HUP.elf.dir/stm_lib/src/stm32f10x_dma.c.obj
 .ARM.attributes
                0x00000168       0x2d CMakeFiles/RS41HUP.elf.dir/stm_lib/src/stm32f10x_flash.c.obj
 .ARM.attributes
                0x00000195       0x2d CMakeFiles/RS41HUP.elf.dir/stm_lib/src/stm32f10x_gpio.c.obj
 .ARM.attributes
                0x000001c2       0x2d CMakeFiles/RS41HUP.elf.dir/stm_lib/src/stm32f10x_rcc.c.obj
 .ARM.attributes
                0x000001ef       0x2d CMakeFiles/RS41HUP.elf.dir/stm_lib/src/stm32f10x_spi.c.obj
 .ARM.attributes
                0x0000021c       0x2d CMakeFiles/RS41HUP.elf.dir/stm_lib/src/stm32f10x_tim.c.obj
 .ARM.attributes
                0x00000249       0x2d CMakeFiles/RS41HUP.elf.dir/stm_lib/src/stm32f10x_usart.c.obj
 .ARM.attributes
                0x00000276       0x2d CMakeFiles/RS41HUP.elf.dir/ublox.c.obj
 .ARM.attributes
                0x000002a3       0x2d CMakeFiles/RS41HUP.elf.dir/QAPRSBase.cpp.obj
 .ARM.attributes
                0x000002d0       0x2d CMakeFiles/RS41HUP.elf.dir/aprs.cpp.obj
 .ARM.attributes
                0x000002fd       0x1d /usr/lib/gcc/arm-none-eabi/13.2.1/thumb/v7-m/nofp/libgcc.a(_arm_addsubsf3.o)
 .ARM.attributes
                0x0000031a       0x1d /usr/lib/gcc/arm-none-eabi/13.2.1/thumb/v7-m/nofp/libgcc.a(_arm_muldivsf3.o)
 .ARM.attributes
                0x00000337       0x1d /usr/lib/gcc/arm-none-eabi/13.2.1/thumb/v7-m/nofp/libgcc.a(_arm_cmpsf2.o)
 .ARM.attributes
                0x00000354       0x1d /usr/lib/gcc/arm-none-eabi/13.2.1/thumb/v7-m/nofp/libgcc.a(_arm_fixunssfsi.o)
 .ARM.attributes
                0x00000371       0x2d /usr/lib/gcc/arm-none-eabi/13.2.1/thumb/v7-m/nofp/libgcc.a(unwind-arm.o)
 .ARM.attributes
                0x0000039e       0x1d /usr/lib/gcc/arm-none-eabi/13.2.1/thumb/v7-m/nofp/libgcc.a(libunwind.o)
 .ARM.attributes
                0x000003bb       0x2d /usr/lib/gcc/arm-none-eabi/13.2.1/thumb/v7-m/nofp/libgcc.a(pr-support.o)
 .ARM.attributes
                0x000003e8       0x2d /usr/lib/gcc/arm-none-eabi/13.2.1/../../../arm-none-eabi/lib/thumb/v7-m/nofp/libg_nano.a(libc_a-strlen-stub.o)
 .ARM.attributes
                0x00000415       0x2d /usr/lib/gcc/arm-none-eabi/13.2.1/../../../arm-none-eabi/lib/thumb/v7-m/nofp/libg_nano.a(libc_a-strcpy.o)
 .ARM.attributes
                0x00000442       0x2d /usr/lib/gcc/arm-none-eabi/13.2.1/../../../arm-none-eabi/lib/thumb/v7-m/nofp/libg_nano.a(libc_a-memset.o)
 .ARM.attributes
                0x0000046f       0x1b /usr/lib/gcc/arm-none-eabi/13.2.1/../../../arm-none-eabi/lib/thumb/v7-m/nofp/libg_nano.a(libc_a-memcpy.o)

.debug_frame    0x00000000     0x2534
 .debug_frame   0x00000000       0x3c CMakeFiles/RS41HUP.elf.dir/cmsis_boot/startup/startup_stm32f10x_md_vl.c.obj
 .debug_frame   0x0000003c       0x8c CMakeFiles/RS41HUP.elf.dir/delay.c.obj
 .debug_frame   0x000000c8      0x138 CMakeFiles/RS41HUP.elf.dir/init.c.obj
 .debug_frame   0x00000200      0x1f4 CMakeFiles/RS41HUP.elf.dir/main.c.obj
 .debug_frame   0x000003f4       0xf4 CMakeFiles/RS41HUP.elf.dir/radio.c.obj
 .debug_frame   0x000004e8       0x6c CMakeFiles/RS41HUP.elf.dir/stm_lib/src/misc.c.obj
 .debug_frame   0x00000554      0x298 CMakeFiles/RS41HUP.elf.dir/stm_lib/src/stm32f10x_adc.c.obj
 .debug_frame   0x000007ec       0xcc CMakeFiles/RS41HUP.elf.dir/stm_lib/src/stm32f10x_dma.c.obj
 .debug_frame   0x000008b8      0x270 CMakeFiles/RS41HUP.elf.dir/stm_lib/src/stm32f10x_flash.c.obj
 .debug_frame   0x00000b28      0x18c CMakeFiles/RS41HUP.elf.dir/stm_lib/src/stm32f10x_gpio.c.obj
 .debug_frame   0x00000cb4      0x244 CMakeFiles/RS41HUP.elf.dir/stm_lib/src/stm32f10x_rcc.c.obj
 .debug_frame   0x00000ef8      0x1bc CMakeFiles/RS41HUP.elf.dir/stm_lib/src/stm32f10x_spi.c.obj
 .debug_frame   0x000010b4      0x688 CMakeFiles/RS41HUP.elf.dir/stm_lib/src/stm32f10x_tim.c.obj
 .debug_frame   0x0000173c      0x224 CMakeFiles/RS41HUP.elf.dir/stm_lib/src/stm32f10x_usart.c.obj
 .debug_frame   0x00001960      0x1fc CMakeFiles/RS41HUP.elf.dir/ublox.c.obj
 .debug_frame   0x00001b5c      0x348 CMakeFiles/RS41HUP.elf.dir/QAPRSBase.cpp.obj
 .debug_frame   0x00001ea4       0xec CMakeFiles/RS41HUP.elf.dir/aprs.cpp.obj
 .debug_frame   0x00001f90       0x4c /usr/lib/gcc/arm-none-eabi/13.2.1/thumb/v7-m/nofp/libgcc.a(_arm_addsubsf3.o)
 .debug_frame   0x00001fdc       0x38 /usr/lib/gcc/arm-none-eabi/13.2.1/thumb/v7-m/nofp/libgcc.a(_arm_muldivsf3.o)
 .debug_frame   0x00002014       0xc8 /usr/lib/gcc/arm-none-eabi/13.2.1/thumb/v7-m/nofp/libgcc.a(_arm_cmpsf2.o)
 .debug_frame   0x000020dc       0x24 /usr/lib/gcc/arm-none-eabi/13.2.1/thumb/v7-m/nofp/libgcc.a(_arm_fixunssfsi.o)
 .debug_frame   0x00002100      0x2d4 /usr/lib/gcc/arm-none-eabi/13.2.1/thumb/v7-m/nofp/libgcc.a(unwind-arm.o)
 .debug_frame   0x000023d4       0xf4 /usr/lib/gcc/arm-none-eabi/13.2.1/thumb/v7-m/nofp/libgcc.a(pr-support.o)
 .debug_frame   0x000024c8       0x20 /usr/lib/gcc/arm-none-eabi/13.2.1/../../../arm-none-eabi/lib/thumb/v7-m/nofp/libg_nano.a(libc_a-strlen-stub.o)
 .debug_frame   0x000024e8       0x20 /usr/lib/gcc/arm-none-eabi/13.2.1/../../../arm-none-eabi/lib/thumb/v7-m/nofp/libg_nano.a(libc_a-strcpy.o)
 .debug_frame   0x00002508       0x2c /usr/lib/gcc/arm-none-eabi/13.2.1/../../../arm-none-eabi/lib/thumb/v7-m/nofp/libg_nano.a(libc_a-memset.o)

.debug_loclists
                0x00000000     0xb212
 .debug_loclists
                0x00000000       0x96 CMakeFiles/RS41HUP.elf.dir/delay.c.obj
 .debug_loclists
                0x00000096       0xcf CMakeFiles/RS41HUP.elf.dir/init.c.obj
 .debug_loclists
                0x00000165      0x5e7 CMakeFiles/RS41HUP.elf.dir/main.c.obj
 .debug_loclists
                0x0000074c      0x205 CMakeFiles/RS41HUP.elf.dir/radio.c.obj
 .debug_loclists
                0x00000951      0x120 CMakeFiles/RS41HUP.elf.dir/stm_lib/src/misc.c.obj
 .debug_loclists
                0x00000a71      0x774 CMakeFiles/RS41HUP.elf.dir/stm_lib/src/stm32f10x_adc.c.obj
 .debug_loclists
                0x000011e5       0xb0 CMakeFiles/RS41HUP.elf.dir/stm_lib/src/stm32f10x_dma.c.obj
 .debug_loclists
                0x00001295     0x2337 CMakeFiles/RS41HUP.elf.dir/stm_lib/src/stm32f10x_flash.c.obj
 .debug_loclists
                0x000035cc     0x119c CMakeFiles/RS41HUP.elf.dir/stm_lib/src/stm32f10x_gpio.c.obj
 .debug_loclists
                0x00004768      0x411 CMakeFiles/RS41HUP.elf.dir/stm_lib/src/stm32f10x_rcc.c.obj
 .debug_loclists
                0x00004b79      0x487 CMakeFiles/RS41HUP.elf.dir/stm_lib/src/stm32f10x_spi.c.obj
 .debug_loclists
                0x00005000     0x182e CMakeFiles/RS41HUP.elf.dir/stm_lib/src/stm32f10x_tim.c.obj
 .debug_loclists
                0x0000682e      0x63c CMakeFiles/RS41HUP.elf.dir/stm_lib/src/stm32f10x_usart.c.obj
 .debug_loclists
                0x00006e6a      0xc2a CMakeFiles/RS41HUP.elf.dir/ublox.c.obj
 .debug_loclists
                0x00007a94      0xf77 CMakeFiles/RS41HUP.elf.dir/QAPRSBase.cpp.obj
 .debug_loclists
                0x00008a0b      0x9d8 CMakeFiles/RS41HUP.elf.dir/aprs.cpp.obj
 .debug_loclists
                0x000093e3     0x17e7 /usr/lib/gcc/arm-none-eabi/13.2.1/thumb/v7-m/nofp/libgcc.a(unwind-arm.o)
 .debug_loclists
                0x0000abca      0x41c /usr/lib/gcc/arm-none-eabi/13.2.1/thumb/v7-m/nofp/libgcc.a(pr-support.o)
 .debug_loclists
                0x0000afe6       0x29 /usr/lib/gcc/arm-none-eabi/13.2.1/../../../arm-none-eabi/lib/thumb/v7-m/nofp/libg_nano.a(libc_a-strlen-stub.o)
 .debug_loclists
                0x0000b00f       0x2c /usr/lib/gcc/arm-none-eabi/13.2.1/../../../arm-none-eabi/lib/thumb/v7-m/nofp/libg_nano.a(libc_a-strcpy.o)
 .debug_loclists
                0x0000b03b      0x1d7 /usr/lib/gcc/arm-none-eabi/13.2.1/../../../arm-none-eabi/lib/thumb/v7-m/nofp/libg_nano.a(libc_a-memset.o)

.debug_line_str
                0x00000000      0x139
 .debug_line_str
                0x00000000      0x139 /usr/lib/gcc/arm-none-eabi/13.2.1/thumb/v7-m/nofp/libgcc.a(_arm_addsubsf3.o)
                                 0x98 (size before relaxing)
 .debug_line_str
                0x00000139       0x98 /usr/lib/gcc/arm-none-eabi/13.2.1/thumb/v7-m/nofp/libgcc.a(_arm_muldivsf3.o)
 .debug_line_str
                0x00000139       0x98 /usr/lib/gcc/arm-none-eabi/13.2.1/thumb/v7-m/nofp/libgcc.a(_arm_cmpsf2.o)
 .debug_line_str
                0x00000139       0x98 /usr/lib/gcc/arm-none-eabi/13.2.1/thumb/v7-m/nofp/libgcc.a(_arm_fixunssfsi.o)
 .debug_line_str
                0x00000139       0x97 /usr/lib/gcc/arm-none-eabi/13.2.1/thumb/v7-m/nofp/libgcc.a(libunwind.o)
 .debug_line_str
                0x00000139       0x95 /usr/lib/gcc/arm-none-eabi/13.2.1/../../../arm-none-eabi/lib/thumb/v7-m/nofp/libg_nano.a(libc_a-memcpy.o)
