Archive member included to satisfy reference by file (symbol)

/usr/lib/gcc/arm-none-eabi/13.2.1/thumb/v7-m/nofp/libgcc.a(_arm_muldf3.o)
                              CMakeFiles/RS41HUP.elf.dir/main.c.obj (__aeabi_dmul)
/usr/lib/gcc/arm-none-eabi/13.2.1/thumb/v7-m/nofp/libgcc.a(_arm_mulsf3.o)
                              CMakeFiles/RS41HUP.elf.dir/locator.c.obj (__aeabi_fmul)
/usr/lib/gcc/arm-none-eabi/13.2.1/thumb/v7-m/nofp/libgcc.a(_arm_addsubdf3.o)
                              CMakeFiles/RS41HUP.elf.dir/aprs.cpp.obj (__aeabi_dsub)
/usr/lib/gcc/arm-none-eabi/13.2.1/thumb/v7-m/nofp/libgcc.a(_arm_muldivdf3.o)
                              CMakeFiles/RS41HUP.elf.dir/main.c.obj (__aeabi_ddiv)
/usr/lib/gcc/arm-none-eabi/13.2.1/thumb/v7-m/nofp/libgcc.a(_arm_cmpdf2.o)
                              CMakeFiles/RS41HUP.elf.dir/aprs.cpp.obj (__aeabi_dcmple)
/usr/lib/gcc/arm-none-eabi/13.2.1/thumb/v7-m/nofp/libgcc.a(_arm_fixdfsi.o)
                              CMakeFiles/RS41HUP.elf.dir/main.c.obj (__aeabi_d2iz)
/usr/lib/gcc/arm-none-eabi/13.2.1/thumb/v7-m/nofp/libgcc.a(_arm_fixunsdfsi.o)
                              CMakeFiles/RS41HUP.elf.dir/main.c.obj (__aeabi_d2uiz)
/usr/lib/gcc/arm-none-eabi/13.2.1/thumb/v7-m/nofp/libgcc.a(_arm_addsubsf3.o)
                              CMakeFiles/RS41HUP.elf.dir/locator.c.obj (__aeabi_fsub)
/usr/lib/gcc/arm-none-eabi/13.2.1/thumb/v7-m/nofp/libgcc.a(_arm_muldivsf3.o)
                              CMakeFiles/RS41HUP.elf.dir/locator.c.obj (__aeabi_fdiv)
/usr/lib/gcc/arm-none-eabi/13.2.1/thumb/v7-m/nofp/libgcc.a(_arm_cmpsf2.o)
                              CMakeFiles/RS41HUP.elf.dir/radio.c.obj (__aeabi_fcmpge)
/usr/lib/gcc/arm-none-eabi/13.2.1/thumb/v7-m/nofp/libgcc.a(_arm_fixunssfsi.o)
                              CMakeFiles/RS41HUP.elf.dir/locator.c.obj (__aeabi_f2uiz)
/usr/lib/gcc/arm-none-eabi/13.2.1/thumb/v7-m/nofp/libgcc.a(unwind-arm.o)
                              CMakeFiles/RS41HUP.elf.dir/QAPRSBase.cpp.obj (__aeabi_unwind_cpp_pr0)
/usr/lib/gcc/arm-none-eabi/13.2.1/thumb/v7-m/nofp/libgcc.a(libunwind.o)
                              /usr/lib/gcc/arm-none-eabi/13.2.1/thumb/v7-m/nofp/libgcc.a(unwind-arm.o) (restore_core_regs)
/usr/lib/gcc/arm-none-eabi/13.2.1/thumb/v7-m/nofp/libgcc.a(pr-support.o)
                              /usr/lib/gcc/arm-none-eabi/13.2.1/thumb/v7-m/nofp/libgcc.a(unwind-arm.o) (__gnu_unwind_execute)
/usr/lib/gcc/arm-none-eabi/13.2.1/../../../arm-none-eabi/lib/thumb/v7-m/nofp/libg_nano.a(libc_a-sprintf.o)
                              CMakeFiles/RS41HUP.elf.dir/main.c.obj (sprintf)
/usr/lib/gcc/arm-none-eabi/13.2.1/../../../arm-none-eabi/lib/thumb/v7-m/nofp/libg_nano.a(libc_a-assert.o)
                              CMakeFiles/RS41HUP.elf.dir/horus_l2.c.obj (__assert_func)
/usr/lib/gcc/arm-none-eabi/13.2.1/../../../arm-none-eabi/lib/thumb/v7-m/nofp/libg_nano.a(libc_a-strlen-stub.o)
                              CMakeFiles/RS41HUP.elf.dir/QAPRSBase.cpp.obj (strlen)
/usr/lib/gcc/arm-none-eabi/13.2.1/../../../arm-none-eabi/lib/thumb/v7-m/nofp/libg_nano.a(libc_a-strcat.o)
                              CMakeFiles/RS41HUP.elf.dir/main.c.obj (strcat)
/usr/lib/gcc/arm-none-eabi/13.2.1/../../../arm-none-eabi/lib/thumb/v7-m/nofp/libg_nano.a(libc_a-strcpy.o)
                              CMakeFiles/RS41HUP.elf.dir/QAPRSBase.cpp.obj (strcpy)
/usr/lib/gcc/arm-none-eabi/13.2.1/../../../arm-none-eabi/lib/thumb/v7-m/nofp/libg_nano.a(libc_a-impure.o)
                              /usr/lib/gcc/arm-none-eabi/13.2.1/../../../arm-none-eabi/lib/thumb/v7-m/nofp/libg_nano.a(libc_a-sprintf.o) (_impure_ptr)
/usr/lib/gcc/arm-none-eabi/13.2.1/../../../arm-none-eabi/lib/thumb/v7-m/nofp/libg_nano.a(libc_a-nano-svfprintf.o)
                              /usr/lib/gcc/arm-none-eabi/13.2.1/../../../arm-none-eabi/lib/thumb/v7-m/nofp/libg_nano.a(libc_a-sprintf.o) (_svfprintf_r)
/usr/lib/gcc/arm-none-eabi/13.2.1/../../../arm-none-eabi/lib/thumb/v7-m/nofp/libg_nano.a(libc_a-memset.o)
                              CMakeFiles/RS41HUP.elf.dir/horus_l2.c.obj (memset)
/usr/lib/gcc/arm-none-eabi/13.2.1/../../../arm-none-eabi/lib/thumb/v7-m/nofp/libg_nano.a(libc_a-mallocr.o)
                              /usr/lib/gcc/arm-none-eabi/13.2.1/../../../arm-none-eabi/lib/thumb/v7-m/nofp/libg_nano.a(libc_a-nano-svfprintf.o) (_malloc_r)
/usr/lib/gcc/arm-none-eabi/13.2.1/../../../arm-none-eabi/lib/thumb/v7-m/nofp/libg_nano.a(libc_a-freer.o)
                              /usr/lib/gcc/arm-none-eabi/13.2.1/../../../arm-none-eabi/lib/thumb/v7-m/nofp/libg_nano.a(libc_a-nano-svfprintf.o) (_free_r)
/usr/lib/gcc/arm-none-eabi/13.2.1/../../../arm-none-eabi/lib/thumb/v7-m/nofp/libg_nano.a(libc_a-memmove.o)
                              /usr/lib/gcc/arm-none-eabi/13.2.1/../../../arm-none-eabi/lib/thumb/v7-m/nofp/libg_nano.a(libc_a-nano-svfprintf.o) (memmove)
/usr/lib/gcc/arm-none-eabi/13.2.1/../../../arm-none-eabi/lib/thumb/v7-m/nofp/libg_nano.a(libc_a-memcpy.o)
[...]
Memory Configuration

Name             Origin             Length             Attributes
rom              0x08000000         0x00010000         xr
ram              0x20000000         0x00002000         xrw
*default*        0x00000000         0xffffffff

Linker script and memory map

LOAD /usr/lib/gcc/arm-none-eabi/13.2.1/../../../arm-none-eabi/lib/thumb/v7-m/nofp/libstdc++_nano.a
LOAD CMakeFiles/RS41HUP.elf.dir/cmsis_boot/startup/startup_stm32f10x_md_vl.c.obj
LOAD CMakeFiles/RS41HUP.elf.dir/cmsis_boot/system_stm32f10x.c.obj
LOAD CMakeFiles/RS41HUP.elf.dir/delay.c.obj
LOAD CMakeFiles/RS41HUP.elf.dir/f_rtty.c.obj
LOAD CMakeFiles/RS41HUP.elf.dir/horus_l2.c.obj
LOAD CMakeFiles/RS41HUP.elf.dir/init.c.obj
LOAD CMakeFiles/RS41HUP.elf.dir/locator.c.obj
LOAD CMakeFiles/RS41HUP.elf.dir/main.c.obj
LOAD CMakeFiles/RS41HUP.elf.dir/mfsk.c.obj
LOAD CMakeFiles/RS41HUP.elf.dir/morse.c.obj
LOAD CMakeFiles/RS41HUP.elf.dir/radio.c.obj
LOAD CMakeFiles/RS41HUP.elf.dir/stm_lib/src/misc.c.obj
LOAD CMakeFiles/RS41HUP.elf.dir/stm_lib/src/stm32f10x_adc.c.obj
LOAD CMakeFiles/RS41HUP.elf.dir/stm_lib/src/stm32f10x_dma.c.obj
LOAD CMakeFiles/RS41HUP.elf.dir/stm_lib/src/stm32f10x_flash.c.obj
LOAD CMakeFiles/RS41HUP.elf.dir/stm_lib/src/stm32f10x_gpio.c.obj
LOAD CMakeFiles/RS41HUP.elf.dir/stm_lib/src/stm32f10x_pwr.c.obj
LOAD CMakeFiles/RS41HUP.elf.dir/stm_lib/src/stm32f10x_rcc.c.obj
LOAD CMakeFiles/RS41HUP.elf.dir/stm_lib/src/stm32f10x_spi.c.obj
LOAD CMakeFiles/RS41HUP.elf.dir/stm_lib/src/stm32f10x_tim.c.obj
LOAD CMakeFiles/RS41HUP.elf.dir/stm_lib/src/stm32f10x_usart.c.obj
LOAD CMakeFiles/RS41HUP.elf.dir/syscalls/syscalls.c.obj
LOAD CMakeFiles/RS41HUP.elf.dir/ublox.c.obj
LOAD CMakeFiles/RS41HUP.elf.dir/util.c.obj
LOAD CMakeFiles/RS41HUP.elf.dir/QAPRSBase.cpp.obj
LOAD CMakeFiles/RS41HUP.elf.dir/aprs.cpp.obj
LOAD /usr/lib/gcc/arm-none-eabi/13.2.1/../../../arm-none-eabi/lib/thumb/v7-m/nofp/libstdc++_nano.a
LOAD /usr/lib/gcc/arm-none-eabi/13.2.1/../../../arm-none-eabi/lib/thumb/v7-m/nofp/libm.a
START GROUP
LOAD /usr/lib/gcc/arm-none-eabi/13.2.1/thumb/v7-m/nofp/libgcc.a
LOAD /usr/lib/gcc/arm-none-eabi/13.2.1/../../../arm-none-eabi/lib/thumb/v7-m/nofp/libg_nano.a
LOAD /usr/lib/gcc/arm-none-eabi/13.2.1/../../../arm-none-eabi/lib/thumb/v7-m/nofp/libc_nano.a
END GROUP
START GROUP
LOAD /usr/lib/gcc/arm-none-eabi/13.2.1/thumb/v7-m/nofp/libgcc.a
LOAD /usr/lib/gcc/arm-none-eabi/13.2.1/../../../arm-none-eabi/lib/thumb/v7-m/nofp/libc_nano.a
END GROUP
                0x20002000                        _eram = 0x20002000

.text           0x08000000     0x6ee7
 *(.isr_vector)
 .isr_vector    0x08000000      0x124 CMakeFiles/RS41HUP.elf.dir/cmsis_boot/startup/startup_stm32f10x_md_vl.c.obj
                0x08000000                g_pfnVectors
 *(.text*)
 .text.Default_Handler
                0x08000124        0x4 CMakeFiles/RS41HUP.elf.dir/cmsis_boot/startup/startup_stm32f10x_md_vl.c.obj
                0x08000124                EXTI2_IRQHandler
                0x08000124                DebugMon_Handler
                0x08000124                TIM1_CC_IRQHandler
                0x08000124                HardFault_Handler
                0x08000124                SysTick_Handler
                0x08000124                PVD_IRQHandler
                0x08000124                PendSV_Handler
                0x08000124                NMI_Handler
                0x08000124                EXTI3_IRQHandler
                0x08000124                EXTI0_IRQHandler
                0x08000124                I2C2_EV_IRQHandler
                0x08000124                TIM1_UP_TIM16_IRQHandler
                0x08000124                UsageFault_Handler
                0x08000124                SPI1_IRQHandler
                0x08000124                TAMPER_IRQHandler
                0x08000124                TIM6_DAC_IRQHandler
                0x08000124                DMA1_Channel4_IRQHandler
                0x08000124                ADC1_IRQHandler
                0x08000124                USART3_IRQHandler
                0x08000124                RTC_IRQHandler
                0x08000124                DMA1_Channel7_IRQHandler
                0x08000124                TIM4_IRQHandler
                0x08000124                I2C1_EV_IRQHandler
                0x08000124                DMA1_Channel6_IRQHandler
                0x08000124                RCC_IRQHandler
                0x08000124                DMA1_Channel1_IRQHandler
                0x08000124                CEC_IRQHandler
                0x08000124                EXTI15_10_IRQHandler
                0x08000124                TIM7_IRQHandler
                0x08000124                EXTI9_5_IRQHandler
                0x08000124                SPI2_IRQHandler
                0x08000124                MemManage_Handler
                0x08000124                SVC_Handler
                0x08000124                DMA1_Channel5_IRQHandler
                0x08000124                EXTI4_IRQHandler
                0x08000124                TIM1_TRG_COM_TIM17_IRQHandler
                0x08000124                DMA1_Channel3_IRQHandler
                0x08000124                WWDG_IRQHandler
                0x08000124                EXTI1_IRQHandler
                0x08000124                RTCAlarm_IRQHandler
                0x08000124                USART2_IRQHandler
                0x08000124                I2C2_ER_IRQHandler
                0x08000124                DMA1_Channel2_IRQHandler
                0x08000124                FLASH_IRQHandler
                0x08000124                BusFault_Handler
                0x08000124                I2C1_ER_IRQHandler
                0x08000124                TIM1_BRK_TIM15_IRQHandler
 .text.Default_Reset_Handler
                0x08000128       0x48 CMakeFiles/RS41HUP.elf.dir/cmsis_boot/startup/startup_stm32f10x_md_vl.c.obj
                0x08000128                Reset_Handler
                0x08000128                Default_Reset_Handler
 .text.delay_init
                0x08000170       0x5c CMakeFiles/RS41HUP.elf.dir/delay.c.obj
                0x08000170                delay_init
 .text._delay_ms
                0x080001cc       0x50 CMakeFiles/RS41HUP.elf.dir/delay.c.obj
                0x080001cc                _delay_ms
 .text.TIM3_IRQHandler
                0x0800021c       0x28 CMakeFiles/RS41HUP.elf.dir/delay.c.obj
                0x0800021c                TIM3_IRQHandler
 .text.send_rtty
                0x08000244       0x60 CMakeFiles/RS41HUP.elf.dir/f_rtty.c.obj
                0x08000244                send_rtty
 .text.interleave
                0x080002a4       0xf4 CMakeFiles/RS41HUP.elf.dir/horus_l2.c.obj
                0x080002a4                interleave
 .text.horus_l2_encode_tx_packet
                0x08000398      0x3a0 CMakeFiles/RS41HUP.elf.dir/horus_l2.c.obj
                0x08000398                horus_l2_encode_tx_packet
 .text.init_usart_gps
                0x08000738       0x94 CMakeFiles/RS41HUP.elf.dir/init.c.obj
                0x08000738                init_usart_gps
 .text.NVIC_Conf
                0x080007cc        0xc CMakeFiles/RS41HUP.elf.dir/init.c.obj
                0x080007cc                NVIC_Conf
 .text.RCC_Conf
                0x080007d8       0x4c CMakeFiles/RS41HUP.elf.dir/init.c.obj
                0x080007d8                RCC_Conf
 .text.reset_gps
                0x08000824       0x58 CMakeFiles/RS41HUP.elf.dir/init.c.obj
                0x08000824                reset_gps
 .text.init_port
                0x0800087c      0x280 CMakeFiles/RS41HUP.elf.dir/init.c.obj
                0x0800087c                init_port
 .text.spi_init
                0x08000afc       0x74 CMakeFiles/RS41HUP.elf.dir/init.c.obj
                0x08000afc                spi_init
 .text.init_timer
                0x08000b70       0x70 CMakeFiles/RS41HUP.elf.dir/init.c.obj
                0x08000b70                init_timer
 .text.USART1_IRQHandler
                0x08000be0       0x38 CMakeFiles/RS41HUP.elf.dir/main.c.obj
                0x08000be0                USART1_IRQHandler
 .text.Sync_tx_on_delay
                0x08000c18       0xc0 CMakeFiles/RS41HUP.elf.dir/main.c.obj
                0x08000c18                Sync_tx_on_delay
 .text.TIM2_IRQHandler
                0x08000cd8      0x2b0 CMakeFiles/RS41HUP.elf.dir/main.c.obj
                0x08000cd8                TIM2_IRQHandler
 .text.collect_telemetry_data
                0x08000f88       0xc0 CMakeFiles/RS41HUP.elf.dir/main.c.obj
                0x08000f88                collect_telemetry_data
 .text.send_mfsk_packetV2
                0x08001048      0x14c CMakeFiles/RS41HUP.elf.dir/main.c.obj
                0x08001048                send_mfsk_packetV2
 .text.startup.main
                0x08001194      0x1dc CMakeFiles/RS41HUP.elf.dir/main.c.obj
                0x08001194                main
 .text.send_4fsk
                0x08001370       0x2c CMakeFiles/RS41HUP.elf.dir/mfsk.c.obj
                0x08001370                send_4fsk
 .text.send_2fsk
                0x0800139c       0x30 CMakeFiles/RS41HUP.elf.dir/mfsk.c.obj
                0x0800139c                send_2fsk
 .text.radio_rw_register
                0x080013cc       0x5c CMakeFiles/RS41HUP.elf.dir/radio.c.obj
                0x080013cc                radio_rw_register
 .text.radio_set_tx_frequency
                0x08001428      0x16c CMakeFiles/RS41HUP.elf.dir/radio.c.obj
                0x08001428                radio_set_tx_frequency
 .text.radio_disable_tx
                0x08001594       0x4c CMakeFiles/RS41HUP.elf.dir/radio.c.obj
                0x08001594                radio_disable_tx
 .text.radio_soft_reset
                0x080015e0       0x4c CMakeFiles/RS41HUP.elf.dir/radio.c.obj
                0x080015e0                radio_soft_reset
 .text.radio_enable_tx
                0x0800162c       0x4c CMakeFiles/RS41HUP.elf.dir/radio.c.obj
                0x0800162c                radio_enable_tx
 .text.radio_read_temperature
                0x08001678       0x90 CMakeFiles/RS41HUP.elf.dir/radio.c.obj
                0x08001678                radio_read_temperature
 .text.NVIC_Init
                0x08001708       0x5c CMakeFiles/RS41HUP.elf.dir/stm_lib/src/misc.c.obj
                0x08001708                NVIC_Init
 .text.NVIC_SetVectorTable
                0x08001764       0x14 CMakeFiles/RS41HUP.elf.dir/stm_lib/src/misc.c.obj
                0x08001764                NVIC_SetVectorTable
 .text.NVIC_SystemLPConfig
                0x08001778       0x18 CMakeFiles/RS41HUP.elf.dir/stm_lib/src/misc.c.obj
                0x08001778                NVIC_SystemLPConfig
 .text.ADC_Init
                0x08001790       0x4c CMakeFiles/RS41HUP.elf.dir/stm_lib/src/stm32f10x_adc.c.obj
                0x08001790                ADC_Init
 .text.ADC_Cmd  0x080017dc       0x14 CMakeFiles/RS41HUP.elf.dir/stm_lib/src/stm32f10x_adc.c.obj
                0x080017dc                ADC_Cmd
 .text.ADC_DMACmd
                0x080017f0       0x14 CMakeFiles/RS41HUP.elf.dir/stm_lib/src/stm32f10x_adc.c.obj
                0x080017f0                ADC_DMACmd
 .text.ADC_ResetCalibration
                0x08001804        0xc CMakeFiles/RS41HUP.elf.dir/stm_lib/src/stm32f10x_adc.c.obj
                0x08001804                ADC_ResetCalibration
 .text.ADC_GetResetCalibrationStatus
                0x08001810        0x8 CMakeFiles/RS41HUP.elf.dir/stm_lib/src/stm32f10x_adc.c.obj
                0x08001810                ADC_GetResetCalibrationStatus
 .text.ADC_StartCalibration
                0x08001818        0xc CMakeFiles/RS41HUP.elf.dir/stm_lib/src/stm32f10x_adc.c.obj
                0x08001818                ADC_StartCalibration
 .text.ADC_GetCalibrationStatus
                0x08001824        0x8 CMakeFiles/RS41HUP.elf.dir/stm_lib/src/stm32f10x_adc.c.obj
                0x08001824                ADC_GetCalibrationStatus
 .text.ADC_SoftwareStartConvCmd
                0x0800182c       0x14 CMakeFiles/RS41HUP.elf.dir/stm_lib/src/stm32f10x_adc.c.obj
                0x0800182c                ADC_SoftwareStartConvCmd
 .text.ADC_RegularChannelConfig
                0x08001840       0x9c CMakeFiles/RS41HUP.elf.dir/stm_lib/src/stm32f10x_adc.c.obj
                0x08001840                ADC_RegularChannelConfig
 .text.DMA_DeInit
                0x080018dc      0x128 CMakeFiles/RS41HUP.elf.dir/stm_lib/src/stm32f10x_dma.c.obj
                0x080018dc                DMA_DeInit
 .text.DMA_Init
                0x08001a04       0x3c CMakeFiles/RS41HUP.elf.dir/stm_lib/src/stm32f10x_dma.c.obj
                0x08001a04                DMA_Init
 .text.DMA_Cmd  0x08001a40       0x18 CMakeFiles/RS41HUP.elf.dir/stm_lib/src/stm32f10x_dma.c.obj
                0x08001a40                DMA_Cmd
 .text.FLASH_SetLatency
                0x08001a58       0x14 CMakeFiles/RS41HUP.elf.dir/stm_lib/src/stm32f10x_flash.c.obj
                0x08001a58                FLASH_SetLatency
 .text.FLASH_PrefetchBufferCmd
                0x08001a6c       0x18 CMakeFiles/RS41HUP.elf.dir/stm_lib/src/stm32f10x_flash.c.obj
                0x08001a6c                FLASH_PrefetchBufferCmd
 .text.GPIO_Init
                0x08001a84      0x354 CMakeFiles/RS41HUP.elf.dir/stm_lib/src/stm32f10x_gpio.c.obj
                0x08001a84                GPIO_Init
 .text.GPIO_SetBits
                0x08001dd8        0x4 CMakeFiles/RS41HUP.elf.dir/stm_lib/src/stm32f10x_gpio.c.obj
                0x08001dd8                GPIO_SetBits
 .text.GPIO_ResetBits
                0x08001ddc        0x4 CMakeFiles/RS41HUP.elf.dir/stm_lib/src/stm32f10x_gpio.c.obj
                0x08001ddc                GPIO_ResetBits
 .text.GPIO_PinRemapConfig
                0x08001de0       0x70 CMakeFiles/RS41HUP.elf.dir/stm_lib/src/stm32f10x_gpio.c.obj
                0x08001de0                GPIO_PinRemapConfig
 .text.RCC_DeInit
                0x08001e50       0x48 CMakeFiles/RS41HUP.elf.dir/stm_lib/src/stm32f10x_rcc.c.obj
                0x08001e50                RCC_DeInit
 .text.RCC_HSEConfig
                0x08001e98       0x38 CMakeFiles/RS41HUP.elf.dir/stm_lib/src/stm32f10x_rcc.c.obj
                0x08001e98                RCC_HSEConfig
 .text.RCC_WaitForHSEStartUp
                0x08001ed0       0x34 CMakeFiles/RS41HUP.elf.dir/stm_lib/src/stm32f10x_rcc.c.obj
                0x08001ed0                RCC_WaitForHSEStartUp
 .text.RCC_SYSCLKConfig
                0x08001f04       0x14 CMakeFiles/RS41HUP.elf.dir/stm_lib/src/stm32f10x_rcc.c.obj
                0x08001f04                RCC_SYSCLKConfig
 .text.RCC_GetSYSCLKSource
                0x08001f18       0x10 CMakeFiles/RS41HUP.elf.dir/stm_lib/src/stm32f10x_rcc.c.obj
                0x08001f18                RCC_GetSYSCLKSource
 .text.RCC_HCLKConfig
                0x08001f28       0x14 CMakeFiles/RS41HUP.elf.dir/stm_lib/src/stm32f10x_rcc.c.obj
                0x08001f28                RCC_HCLKConfig
 .text.RCC_PCLK1Config
                0x08001f3c       0x14 CMakeFiles/RS41HUP.elf.dir/stm_lib/src/stm32f10x_rcc.c.obj
                0x08001f3c                RCC_PCLK1Config
 .text.RCC_PCLK2Config
                0x08001f50       0x14 CMakeFiles/RS41HUP.elf.dir/stm_lib/src/stm32f10x_rcc.c.obj
                0x08001f50                RCC_PCLK2Config
 .text.RCC_ADCCLKConfig
                0x08001f64       0x14 CMakeFiles/RS41HUP.elf.dir/stm_lib/src/stm32f10x_rcc.c.obj
                0x08001f64                RCC_ADCCLKConfig
 .text.RCC_GetClocksFreq
                0x08001f78       0x9c CMakeFiles/RS41HUP.elf.dir/stm_lib/src/stm32f10x_rcc.c.obj
                0x08001f78                RCC_GetClocksFreq
 .text.RCC_AHBPeriphClockCmd
                0x08002014       0x18 CMakeFiles/RS41HUP.elf.dir/stm_lib/src/stm32f10x_rcc.c.obj
                0x08002014                RCC_AHBPeriphClockCmd
 .text.RCC_APB2PeriphClockCmd
                0x0800202c       0x18 CMakeFiles/RS41HUP.elf.dir/stm_lib/src/stm32f10x_rcc.c.obj
                0x0800202c                RCC_APB2PeriphClockCmd
 .text.RCC_APB1PeriphClockCmd
                0x08002044       0x18 CMakeFiles/RS41HUP.elf.dir/stm_lib/src/stm32f10x_rcc.c.obj
                0x08002044                RCC_APB1PeriphClockCmd
 .text.RCC_APB1PeriphResetCmd
                0x0800205c       0x18 CMakeFiles/RS41HUP.elf.dir/stm_lib/src/stm32f10x_rcc.c.obj
                0x0800205c                RCC_APB1PeriphResetCmd
 .text.SPI_Init
                0x08002074       0x54 CMakeFiles/RS41HUP.elf.dir/stm_lib/src/stm32f10x_spi.c.obj
                0x08002074                SPI_Init
 .text.SPI_Cmd  0x080020c8       0x1c CMakeFiles/RS41HUP.elf.dir/stm_lib/src/stm32f10x_spi.c.obj
                0x080020c8                SPI_Cmd
 .text.SPI_I2S_SendData
                0x080020e4        0x4 CMakeFiles/RS41HUP.elf.dir/stm_lib/src/stm32f10x_spi.c.obj
                0x080020e4                SPI_I2S_SendData
 .text.SPI_I2S_ReceiveData
                0x080020e8        0x8 CMakeFiles/RS41HUP.elf.dir/stm_lib/src/stm32f10x_spi.c.obj
                0x080020e8                SPI_I2S_ReceiveData
 .text.SPI_SSOutputCmd
                0x080020f0       0x1c CMakeFiles/RS41HUP.elf.dir/stm_lib/src/stm32f10x_spi.c.obj
                0x080020f0                SPI_SSOutputCmd
 .text.SPI_I2S_GetFlagStatus
                0x0800210c        0xc CMakeFiles/RS41HUP.elf.dir/stm_lib/src/stm32f10x_spi.c.obj
                0x0800210c                SPI_I2S_GetFlagStatus
 .text.TIM_TimeBaseInit
                0x08002118       0xc8 CMakeFiles/RS41HUP.elf.dir/stm_lib/src/stm32f10x_tim.c.obj
                0x08002118                TIM_TimeBaseInit
 .text.TIM_Cmd  0x080021e0       0x1c CMakeFiles/RS41HUP.elf.dir/stm_lib/src/stm32f10x_tim.c.obj
                0x080021e0                TIM_Cmd
 .text.TIM_ITConfig
                0x080021fc       0x14 CMakeFiles/RS41HUP.elf.dir/stm_lib/src/stm32f10x_tim.c.obj
                0x080021fc                TIM_ITConfig
 .text.TIM_SetCounter
                0x08002210        0x4 CMakeFiles/RS41HUP.elf.dir/stm_lib/src/stm32f10x_tim.c.obj
                0x08002210                TIM_SetCounter
 .text.TIM_SetAutoreload
                0x08002214        0x4 CMakeFiles/RS41HUP.elf.dir/stm_lib/src/stm32f10x_tim.c.obj
                0x08002214                TIM_SetAutoreload
 .text.TIM_GetITStatus
                0x08002218       0x18 CMakeFiles/RS41HUP.elf.dir/stm_lib/src/stm32f10x_tim.c.obj
                0x08002218                TIM_GetITStatus
 .text.TIM_ClearITPendingBit
                0x08002230        0x8 CMakeFiles/RS41HUP.elf.dir/stm_lib/src/stm32f10x_tim.c.obj
                0x08002230                TIM_ClearITPendingBit
 .text.USART_Init
                0x08002238       0xb8 CMakeFiles/RS41HUP.elf.dir/stm_lib/src/stm32f10x_usart.c.obj
                0x08002238                USART_Init
 .text.USART_Cmd
                0x080022f0       0x1c CMakeFiles/RS41HUP.elf.dir/stm_lib/src/stm32f10x_usart.c.obj
                0x080022f0                USART_Cmd
 .text.USART_ITConfig
                0x0800230c       0x34 CMakeFiles/RS41HUP.elf.dir/stm_lib/src/stm32f10x_usart.c.obj
                0x0800230c                USART_ITConfig
 .text.USART_SendData
                0x08002340        0x8 CMakeFiles/RS41HUP.elf.dir/stm_lib/src/stm32f10x_usart.c.obj
                0x08002340                USART_SendData
 .text.USART_ReceiveData
                0x08002348        0x8 CMakeFiles/RS41HUP.elf.dir/stm_lib/src/stm32f10x_usart.c.obj
                0x08002348                USART_ReceiveData
 .text.USART_GetFlagStatus
                0x08002350        0xc CMakeFiles/RS41HUP.elf.dir/stm_lib/src/stm32f10x_usart.c.obj
                0x08002350                USART_GetFlagStatus
 .text.USART_GetITStatus
                0x0800235c       0x40 CMakeFiles/RS41HUP.elf.dir/stm_lib/src/stm32f10x_usart.c.obj
                0x0800235c                USART_GetITStatus
 .text.USART_ClearITPendingBit
                0x0800239c       0x10 CMakeFiles/RS41HUP.elf.dir/stm_lib/src/stm32f10x_usart.c.obj
                0x0800239c                USART_ClearITPendingBit
 .text._sbrk    0x080023ac       0x1c CMakeFiles/RS41HUP.elf.dir/syscalls/syscalls.c.obj
                0x080023ac                _sbrk
 .text._close   0x080023c8        0x8 CMakeFiles/RS41HUP.elf.dir/syscalls/syscalls.c.obj
                0x080023c8                _close
 .text._fstat   0x080023d0        0xc CMakeFiles/RS41HUP.elf.dir/syscalls/syscalls.c.obj
                0x080023d0                _fstat
 .text._isatty  0x080023dc        0x4 CMakeFiles/RS41HUP.elf.dir/syscalls/syscalls.c.obj
                0x080023dc                _isatty
 .text._lseek   0x080023e0        0x4 CMakeFiles/RS41HUP.elf.dir/syscalls/syscalls.c.obj
                0x080023e0                _lseek
 .text._read    0x080023e4        0x4 CMakeFiles/RS41HUP.elf.dir/syscalls/syscalls.c.obj
                0x080023e4                _read
 .text._write   0x080023e8        0x4 CMakeFiles/RS41HUP.elf.dir/syscalls/syscalls.c.obj
                0x080023e8                _write
 .text.unlikely.abort
                0x080023ec        0x2 CMakeFiles/RS41HUP.elf.dir/syscalls/syscalls.c.obj
                0x080023ec                abort
 *fill*         0x080023ee        0x2 
 .text.ublox_get_last_data
                0x080023f0       0x38 CMakeFiles/RS41HUP.elf.dir/ublox.c.obj
                0x080023f0                ublox_get_last_data
 .text.ubx_powersave
                0x08002428      0x1ac CMakeFiles/RS41HUP.elf.dir/ublox.c.obj
                0x08002428                ubx_powersave
 .text.ubx_config_gps
                0x080025d4      0x918 CMakeFiles/RS41HUP.elf.dir/ublox.c.obj
                0x080025d4                ubx_config_gps
 .text.ublox_init
                0x08002eec      0x1e4 CMakeFiles/RS41HUP.elf.dir/ublox.c.obj
                0x08002eec                ublox_init
 .text.ublox_handle_packet
                0x080030d0      0x140 CMakeFiles/RS41HUP.elf.dir/ublox.c.obj
                0x080030d0                ublox_handle_packet
 .text.ublox_handle_incoming_byte
                0x08003210       0x8c CMakeFiles/RS41HUP.elf.dir/ublox.c.obj
                0x08003210                ublox_handle_incoming_byte
 .text.array_CRC16_checksum
                0x0800329c       0xec CMakeFiles/RS41HUP.elf.dir/util.c.obj
                0x0800329c                array_CRC16_checksum
 .text._ZN9QAPRSBase11parseRelaysEPKcPc
                0x08003388       0xd0 CMakeFiles/RS41HUP.elf.dir/QAPRSBase.cpp.obj
                0x08003388                QAPRSBase::parseRelays(char const*, char*)
 .text._ZN9QAPRSBase4initEaaPchS0_hS0_
                0x08003458       0xac CMakeFiles/RS41HUP.elf.dir/QAPRSBase.cpp.obj
                0x08003458                QAPRSBase::init(signed char, signed char, char*, unsigned char, char*, unsigned char, char*)
 .text._ZN9QAPRSBase21timerInterruptHandlerEv
                0x08003504       0x58 CMakeFiles/RS41HUP.elf.dir/QAPRSBase.cpp.obj
                0x08003504                QAPRSBase::timerInterruptHandler()
 .text.aprs_init
                0x0800355c       0x68 CMakeFiles/RS41HUP.elf.dir/aprs.cpp.obj
                0x0800355c                aprs_init
 .text.aprs_timer_handler
                0x080035c4        0xc CMakeFiles/RS41HUP.elf.dir/aprs.cpp.obj
                0x080035c4                aprs_timer_handler
 .text.aprs_is_active
                0x080035d0        0xc CMakeFiles/RS41HUP.elf.dir/aprs.cpp.obj
                0x080035d0                aprs_is_active
 .text          0x080035dc      0x378 /usr/lib/gcc/arm-none-eabi/13.2.1/thumb/v7-m/nofp/libgcc.a(_arm_addsubdf3.o)
                0x080035dc                __aeabi_drsub
                0x080035e4                __aeabi_dsub
                0x080035e4                __subdf3
                0x080035e8                __adddf3
                0x080035e8                __aeabi_dadd
                0x08003860                __aeabi_ui2d
                0x08003860                __floatunsidf
                0x08003880                __floatsidf
                0x08003880                __aeabi_i2d
                0x080038a4                __extendsfdf2
                0x080038a4                __aeabi_f2d
                0x080038e8                __aeabi_ul2d
                0x080038e8                __floatundidf
                0x080038f8                __floatdidf
                0x080038f8                __aeabi_l2d
 .text          0x08003954      0x424 /usr/lib/gcc/arm-none-eabi/13.2.1/thumb/v7-m/nofp/libgcc.a(_arm_muldivdf3.o)
                0x08003954                __aeabi_dmul
                0x08003954                __muldf3
                0x08003ba8                __aeabi_ddiv
                0x08003ba8                __divdf3
 .text          0x08003d78       0x50 /usr/lib/gcc/arm-none-eabi/13.2.1/thumb/v7-m/nofp/libgcc.a(_arm_fixdfsi.o)
                0x08003d78                __fixdfsi
                0x08003d78                __aeabi_d2iz
 .text          0x08003dc8       0x40 /usr/lib/gcc/arm-none-eabi/13.2.1/thumb/v7-m/nofp/libgcc.a(_arm_fixunsdfsi.o)
                0x08003dc8                __fixunsdfsi
                0x08003dc8                __aeabi_d2uiz
 .text          0x08003e08      0x21c /usr/lib/gcc/arm-none-eabi/13.2.1/thumb/v7-m/nofp/libgcc.a(_arm_addsubsf3.o)
                0x08003e08                __aeabi_frsub
                0x08003e10                __subsf3
                0x08003e10                __aeabi_fsub
                0x08003e14                __aeabi_fadd
                0x08003e14                __addsf3
                0x08003f74                __aeabi_ui2f
                0x08003f74                __floatunsisf
                0x08003f7c                __aeabi_i2f
                0x08003f7c                __floatsisf
                0x08003f98                __floatundisf
                0x08003f98                __aeabi_ul2f
                0x08003fa8                __floatdisf
                0x08003fa8                __aeabi_l2f
 .text          0x08004024      0x2a0 /usr/lib/gcc/arm-none-eabi/13.2.1/thumb/v7-m/nofp/libgcc.a(_arm_muldivsf3.o)
                0x08004024                __mulsf3
                0x08004024                __aeabi_fmul
                0x0800418c                __divsf3
                0x0800418c                __aeabi_fdiv
 .text          0x080042c4       0xec /usr/lib/gcc/arm-none-eabi/13.2.1/thumb/v7-m/nofp/libgcc.a(_arm_cmpsf2.o)
                0x080042c4                __gtsf2
                0x080042c4                __gesf2
                0x080042cc                __lesf2
                0x080042cc                __ltsf2
                0x080042d4                __nesf2
                0x080042d4                __eqsf2
                0x080042d4                __cmpsf2
                0x08004334                __aeabi_cfrcmple
                0x0800433c                __aeabi_cfcmple
                0x0800433c                __aeabi_cfcmpeq
                0x0800434c                __aeabi_fcmpeq
                0x08004360                __aeabi_fcmplt
                0x08004374                __aeabi_fcmple
                0x08004388                __aeabi_fcmpge
                0x0800439c                __aeabi_fcmpgt
 .text          0x080043b0       0x40 /usr/lib/gcc/arm-none-eabi/13.2.1/thumb/v7-m/nofp/libgcc.a(_arm_fixunssfsi.o)
                0x080043b0                __aeabi_f2uiz
                0x080043b0                __fixunssfsi
 .text          0x080043f0      0xa60 /usr/lib/gcc/arm-none-eabi/13.2.1/thumb/v7-m/nofp/libgcc.a(unwind-arm.o)
                0x080046b0                _Unwind_GetCFA
                0x080046b4                __gnu_Unwind_RaiseException
                0x0800471c                __gnu_Unwind_ForcedUnwind
                0x08004730                __gnu_Unwind_Resume
                0x08004770                __gnu_Unwind_Resume_or_Rethrow
                0x08004784                _Unwind_Complete
                0x08004788                _Unwind_DeleteException
                0x08004794                _Unwind_VRS_Get
                0x080047e4                _Unwind_VRS_Set
                0x08004830                __gnu_Unwind_Backtrace
                0x08004b58                __aeabi_unwind_cpp_pr0
                0x08004b5c                __aeabi_unwind_cpp_pr1
                0x08004b60                __aeabi_unwind_cpp_pr2
                0x08004b64                _Unwind_VRS_Pop
 .text          0x08004e50      0x1ac /usr/lib/gcc/arm-none-eabi/13.2.1/thumb/v7-m/nofp/libgcc.a(libunwind.o)
                0x08004e50                __restore_core_regs
                0x08004e50                restore_core_regs
                0x08004e68                __gnu_Unwind_Restore_VFP
                0x08004e70                __gnu_Unwind_Save_VFP
                0x08004e78                __gnu_Unwind_Restore_VFP_D
                0x08004e80                __gnu_Unwind_Save_VFP_D
                0x08004e88                __gnu_Unwind_Restore_VFP_D_16_to_31
                0x08004e90                __gnu_Unwind_Save_VFP_D_16_to_31
                0x08004e98                __gnu_Unwind_Restore_WMMXD
                0x08004edc                __gnu_Unwind_Save_WMMXD
                0x08004f20                __gnu_Unwind_Restore_WMMXC
                0x08004f34                __gnu_Unwind_Save_WMMXC
                0x08004f48                ___Unwind_RaiseException
                0x08004f48                _Unwind_RaiseException
                0x08004f6c                ___Unwind_Resume
                0x08004f6c                _Unwind_Resume
                0x08004f90                _Unwind_Resume_or_Rethrow
                0x08004f90                ___Unwind_Resume_or_Rethrow
                0x08004fb4                ___Unwind_ForcedUnwind
                0x08004fb4                _Unwind_ForcedUnwind
                0x08004fd8                _Unwind_Backtrace
                0x08004fd8                ___Unwind_Backtrace
 .text          0x08004ffc      0x3a4 /usr/lib/gcc/arm-none-eabi/13.2.1/thumb/v7-m/nofp/libgcc.a(pr-support.o)
                0x08005054                __gnu_unwind_execute
                0x08005350                __gnu_unwind_frame
                0x08005380                _Unwind_GetRegionStart
                0x0800538c                _Unwind_GetLanguageSpecificData
 .text          0x080053a0       0x4c /usr/lib/gcc/arm-none-eabi/13.2.1/../../../arm-none-eabi/lib/thumb/v7-m/nofp/libg_nano.a(libc_a-assert.o)
                0x080053a0                __assert_func
                0x080053e0                __assert
 .text          0x080053ec       0x5c /usr/lib/gcc/arm-none-eabi/13.2.1/../../../arm-none-eabi/lib/thumb/v7-m/nofp/libg_nano.a(libc_a-strlen-stub.o)
                0x080053ec                strlen
 .text          0x08005448       0xbc /usr/lib/gcc/arm-none-eabi/13.2.1/../../../arm-none-eabi/lib/thumb/v7-m/nofp/libg_nano.a(libc_a-strcpy.o)
                0x08005448                strcpy
 .text          0x08005504       0xa0 /usr/lib/gcc/arm-none-eabi/13.2.1/../../../arm-none-eabi/lib/thumb/v7-m/nofp/libg_nano.a(libc_a-memset.o)
                0x08005504                memset
 .text          0x080055a4      0x14c /usr/lib/gcc/arm-none-eabi/13.2.1/../../../arm-none-eabi/lib/thumb/v7-m/nofp/libg_nano.a(libc_a-mallocr.o)
                0x080055f0                _malloc_r
 .text          0x080056f0       0xbc /usr/lib/gcc/arm-none-eabi/13.2.1/../../../arm-none-eabi/lib/thumb/v7-m/nofp/libg_nano.a(libc_a-freer.o)
                0x080056f0                _free_r
 .text          0x080057ac       0xfc /usr/lib/gcc/arm-none-eabi/13.2.1/../../../arm-none-eabi/lib/thumb/v7-m/nofp/libg_nano.a(libc_a-memmove.o)
                0x080057ac                memmove
 .text          0x080058a8       0xec /usr/lib/gcc/arm-none-eabi/13.2.1/../../../arm-none-eabi/lib/thumb/v7-m/nofp/libg_nano.a(libc_a-memcpy.o)
                0x080058a8                memcpy
 .text          0x08005994       0x44 /usr/lib/gcc/arm-none-eabi/13.2.1/../../../arm-none-eabi/lib/thumb/v7-m/nofp/libg_nano.a(libc_a-fprintf.o)
                0x08005994                _fprintf_r
                0x08005994                _fiprintf_r
                0x080059b0                fprintf
                0x080059b0                fiprintf
 .text          0x080059d8       0x64 /usr/lib/gcc/arm-none-eabi/13.2.1/../../../arm-none-eabi/lib/thumb/v7-m/nofp/libg_nano.a(libc_a-reallocr.o)
                0x080059d8                _realloc_r
 .text          0x08005a3c      0x3a8 /usr/lib/gcc/arm-none-eabi/13.2.1/../../../arm-none-eabi/lib/thumb/v7-m/nofp/libg_nano.a(libc_a-nano-vfprintf_i.o)
                0x08005a3c                _printf_common
                0x08005b60                _printf_i
 .text          0x08005de4        0x8 /usr/lib/gcc/arm-none-eabi/13.2.1/../../../arm-none-eabi/lib/thumb/v7-m/nofp/libg_nano.a(libc_a-mlock.o)
                0x08005de4                __malloc_lock
                0x08005de8                __malloc_unlock
 .text          0x08005dec       0x98 /usr/lib/gcc/arm-none-eabi/13.2.1/../../../arm-none-eabi/lib/thumb/v7-m/nofp/libg_nano.a(libc_a-memchr-stub.o)
                0x08005dec                memchr
 .text          0x08005e84      0x2ec /usr/lib/gcc/arm-none-eabi/13.2.1/../../../arm-none-eabi/lib/thumb/v7-m/nofp/libg_nano.a(libc_a-nano-vfprintf.o)
                0x08005eac                __sfputs_r
                0x08005edc                __sprint_r
                0x08005efc                _vfiprintf_r
                0x08005efc                _vfprintf_r
                0x08006154                vfiprintf
                0x08006154                vfprintf
 .text          0x08006170       0x9c /usr/lib/gcc/arm-none-eabi/13.2.1/../../../arm-none-eabi/lib/thumb/v7-m/nofp/libg_nano.a(libc_a-wbuf.o)
                0x08006170                __swbuf_r
                0x080061f8                __swbuf
 .text          0x0800620c       0x24 /usr/lib/gcc/arm-none-eabi/13.2.1/../../../arm-none-eabi/lib/thumb/v7-m/nofp/libg_nano.a(libc_a-sbrkr.o)
                0x0800620c                _sbrk_r
 .text          0x08006230       0x10 /usr/lib/gcc/arm-none-eabi/13.2.1/../../../arm-none-eabi/lib/thumb/v7-m/nofp/libg_nano.a(libc_a-msizer.o)
                0x08006230                _malloc_usable_size_r
 .text          0x08006240      0x2ec /usr/lib/gcc/arm-none-eabi/13.2.1/../../../arm-none-eabi/lib/thumb/v7-m/nofp/libg_nano.a(libc_a-fvwrite.o)
                0x08006240                __sfvwrite_r
 .text          0x0800652c      0x224 /usr/lib/gcc/arm-none-eabi/13.2.1/../../../arm-none-eabi/lib/thumb/v7-m/nofp/libg_nano.a(libc_a-findfp.o)
                0x0800665c                __sfp
                0x08006700                __sinit
                0x08006720                __sfp_lock_acquire
                0x08006724                __sfp_lock_release
                0x08006728                __fp_lock_all
                0x0800673c                __fp_unlock_all
 .text          0x08006750      0x198 /usr/lib/gcc/arm-none-eabi/13.2.1/../../../arm-none-eabi/lib/thumb/v7-m/nofp/libg_nano.a(libc_a-fflush.o)
                0x08006750                __sflush_r
                0x08006864                _fflush_r
                0x0800689c                fflush
 .text          0x080068e8       0x44 /usr/lib/gcc/arm-none-eabi/13.2.1/../../../arm-none-eabi/lib/thumb/v7-m/nofp/libg_nano.a(libc_a-fwalk.o)
                0x080068e8                _fwalk_sglue
 .text          0x0800692c       0xc4 /usr/lib/gcc/arm-none-eabi/13.2.1/../../../arm-none-eabi/lib/thumb/v7-m/nofp/libg_nano.a(libc_a-wsetup.o)
                0x0800692c                __swsetup_r
 .text          0x080069f0      0x110 /usr/lib/gcc/arm-none-eabi/13.2.1/../../../arm-none-eabi/lib/thumb/v7-m/nofp/libg_nano.a(libc_a-makebuf.o)
                0x080069f0                __smakebuf_r
                0x08006ab4                __swhatbuf_r
 .text          0x08006b00       0x24 /usr/lib/gcc/arm-none-eabi/13.2.1/../../../arm-none-eabi/lib/thumb/v7-m/nofp/libg_nano.a(libc_a-isattyr.o)
                0x08006b00                _isatty_r
 .text          0x08006b24       0x94 /usr/lib/gcc/arm-none-eabi/13.2.1/../../../arm-none-eabi/lib/thumb/v7-m/nofp/libg_nano.a(libc_a-stdio.o)
                0x08006b24                __sread
                0x08006b48                __seofread
                0x08006b4c                __swrite
                0x08006b8c                __sseek
                0x08006bb0                __sclose
 .text          0x08006bb8       0x24 /usr/lib/gcc/arm-none-eabi/13.2.1/../../../arm-none-eabi/lib/thumb/v7-m/nofp/libg_nano.a(libc_a-closer.o)
                0x08006bb8                _close_r
 .text          0x08006bdc       0x2c /usr/lib/gcc/arm-none-eabi/13.2.1/../../../arm-none-eabi/lib/thumb/v7-m/nofp/libg_nano.a(libc_a-readr.o)
                0x08006bdc                _read_r
 .text          0x08006c08       0x28 /usr/lib/gcc/arm-none-eabi/13.2.1/../../../arm-none-eabi/lib/thumb/v7-m/nofp/libg_nano.a(libc_a-fstatr.o)
                0x08006c08                _fstat_r
 .text          0x08006c30       0x2c /usr/lib/gcc/arm-none-eabi/13.2.1/../../../arm-none-eabi/lib/thumb/v7-m/nofp/libg_nano.a(libc_a-lseekr.o)
                0x08006c30                _lseek_r
 .text          0x08006c5c       0x2c /usr/lib/gcc/arm-none-eabi/13.2.1/../../../arm-none-eabi/lib/thumb/v7-m/nofp/libg_nano.a(libc_a-writer.o)
                0x08006c5c                _write_r
 *(.init)
 *(.fini)
 *crtbegin.o(.ctors)
 *crtbegin?.o(.ctors)
 *(EXCLUDE_FILE(*crtend.o *crtend?.o) .ctors)
 *(SORT_BY_NAME(.ctors.*))
 *(.ctors)
 *crtbegin.o(.dtors)
 *crtbegin?.o(.dtors)
 *(EXCLUDE_FILE(*crtend.o *crtend?.o) .dtors)
 *(SORT_BY_NAME(.dtors.*))
 *(.dtors)
 *(.rodata*)
 .rodata.str1.4
                0x08006c88      0x21f CMakeFiles/RS41HUP.elf.dir/horus_l2.c.obj
                                 0x6a (size before relaxing)
 *fill*         0x08006ea7        0x1 
 .rodata        0x08006ea8       0x1a CMakeFiles/RS41HUP.elf.dir/horus_l2.c.obj
 .rodata.str1.4
                0x08006ec2       0xc0 CMakeFiles/RS41HUP.elf.dir/main.c.obj
 *fill*         0x08006ec2        0x2 
 .rodata        0x08006ec4       0x14 CMakeFiles/RS41HUP.elf.dir/stm_lib/src/stm32f10x_rcc.c.obj
 .rodata.str1.4
                0x08006ed8       0x7d CMakeFiles/RS41HUP.elf.dir/aprs.cpp.obj
 .rodata        0x08006ed8        0xf CMakeFiles/RS41HUP.elf.dir/aprs.cpp.obj
 .rodata.str1.4
                0x08006ee7       0x43 /usr/lib/gcc/arm-none-eabi/13.2.1/../../../arm-none-eabi/lib/thumb/v7-m/nofp/libg_nano.a(libc_a-assert.o)
 .rodata.str1.4
                0x08006ee7       0x25 /usr/lib/gcc/arm-none-eabi/13.2.1/../../../arm-none-eabi/lib/thumb/v7-m/nofp/libg_nano.a(libc_a-nano-vfprintf_i.o)
 .rodata.str1.4
                0x08006ee7       0x13 /usr/lib/gcc/arm-none-eabi/13.2.1/../../../arm-none-eabi/lib/thumb/v7-m/nofp/libg_nano.a(libc_a-nano-vfprintf.o)
 *(.eh_fram e*)

.glue_7         0x08006ee8        0x0
 .glue_7        0x08006ee8        0x0 linker stubs

.glue_7t        0x08006ee8        0x0
 .glue_7t       0x08006ee8        0x0 linker stubs

.vfp11_veneer   0x08006ee8        0x0
 .vfp11_veneer  0x08006ee8        0x0 linker stubs

.v4_bx          0x08006ee8        0x0
 .v4_bx         0x08006ee8        0x0 linker stubs

.iplt           0x08006ee8        0x0
 .iplt          0x08006ee8        0x0 CMakeFiles/RS41HUP.elf.dir/cmsis_boot/startup/startup_stm32f10x_md_vl.c.obj

.ARM.extab      0x08006ee8       0x18
 *(.ARM.extab* .gnu.linkonce.armextab.*)
 .ARM.extab     0x08006ee8       0x18 /usr/lib/gcc/arm-none-eabi/13.2.1/thumb/v7-m/nofp/libgcc.a(pr-support.o)
                0x08006f00                        __exidx_start = .

.ARM.exidx      0x08006f00       0xd8
 *(.ARM.exidx* .gnu.linkonce.armexidx.*)
 .ARM.exidx.text._ZN9QAPRSBase11parseRelaysEPKcPc
                0x08006f00        0x8 CMakeFiles/RS41HUP.elf.dir/QAPRSBase.cpp.obj
 .ARM.exidx.text._ZN9QAPRSBase4initEaaPchS0_hS0_
                0x08006f08        0x8 CMakeFiles/RS41HUP.elf.dir/QAPRSBase.cpp.obj
 .ARM.exidx.text._ZN9QAPRSBase21timerInterruptHandlerEv
                0x08006f10        0x8 CMakeFiles/RS41HUP.elf.dir/QAPRSBase.cpp.obj
 .ARM.exidx.text.aprs_init
                0x08006f18        0x8 CMakeFiles/RS41HUP.elf.dir/aprs.cpp.obj
 .ARM.exidx.text.aprs_timer_handler
                0x08006f20        0x8 CMakeFiles/RS41HUP.elf.dir/aprs.cpp.obj
 .ARM.exidx.text.aprs_is_active
                0x08006f28        0x0 CMakeFiles/RS41HUP.elf.dir/aprs.cpp.obj
                                  0x8 (size before relaxing)
 .ARM.exidx     0x08006f28       0x78 /usr/lib/gcc/arm-none-eabi/13.2.1/thumb/v7-m/nofp/libgcc.a(unwind-arm.o)
                                 0xd8 (size before relaxing)
 .ARM.exidx     0x08006fa0       0x38 /usr/lib/gcc/arm-none-eabi/13.2.1/thumb/v7-m/nofp/libgcc.a(pr-support.o)
 .ARM.exidx     0x08006fd8        0x0 /usr/lib/gcc/arm-none-eabi/13.2.1/../../../arm-none-eabi/lib/thumb/v7-m/nofp/libg_nano.a(libc_a-memcpy.o)
                                  0x8 (size before relaxing)
                0x08006fd8                        __exidx_end = .
                0x08006fd8                        __etext = .
                0x08006fd8                        _sidata = __etext

.rel.dyn        0x08006fd8        0x0
 .rel.iplt      0x08006fd8        0x0 CMakeFiles/RS41HUP.elf.dir/cmsis_boot/startup/startup_stm32f10x_md_vl.c.obj

.data           0x20000000      0x150 load address 0x08006fd8
                0x20000000                        __data_start__ = .
                0x20000000                        _sdata = __data_start__
 *(vtable)
 *(.data*)
 .data          0x20000000       0x9a CMakeFiles/RS41HUP.elf.dir/horus_l2.c.obj
                0x20000000                primes
 *fill*         0x2000009a        0x2 
 .data          0x2000009c       0x56 CMakeFiles/RS41HUP.elf.dir/main.c.obj
                0x2000009c                adc_bottom
                0x200000a0                led_enabled
                0x200000a4                cun
                0x200000a8                callsign
                0x200000b8                CRC_rtty
                0x200000ba                freuqency_change_PIP
                0x200000bb                freuqency_change
                0x200000bc                dummy
                0x200000f0                status
 *fill*         0x200000f2        0x2 
 .data          0x200000f4       0x50 /usr/lib/gcc/arm-none-eabi/13.2.1/../../../arm-none-eabi/lib/thumb/v7-m/nofp/libg_nano.a(libc_a-impure.o)
                0x200000f4                _impure_ptr
                0x200000f8                _impure_data
 .data          0x20000144        0xc /usr/lib/gcc/arm-none-eabi/13.2.1/../../../arm-none-eabi/lib/thumb/v7-m/nofp/libg_nano.a(libc_a-findfp.o)
                0x20000144                __sglue
                0x20000150                        . = ALIGN (0x4)
                [!provide]                        PROVIDE (__preinit_array_start = .)
 *(.preinit_array)
                [!provide]                        PROVIDE (__preinit_array_end = .)
                0x20000150                        . = ALIGN (0x4)
                [!provide]                        PROVIDE (__init_array_start = .)
 *(SORT_BY_NAME(.init_array.*))
 *(.init_array)
                [!provide]                        PROVIDE (__init_array_end = .)
                0x20000150                        . = ALIGN (0x4)
                [!provide]                        PROVIDE (__fini_array_start = .)
 *(SORT_BY_NAME(.fini_array.*))
 *(.fini_array)
                [!provide]                        PROVIDE (__fini_array_end = .)
 *(.jcr*)
                0x20000150                        . = ALIGN (0x4)
                0x20000150                        __data_end__ = .
                0x20000150                        _edata = __data_end__

.igot.plt       0x20000150        0x0 load address 0x08007128
 .igot.plt      0x20000150        0x0 CMakeFiles/RS41HUP.elf.dir/cmsis_boot/startup/startup_stm32f10x_md_vl.c.obj

.bss            0x20000150      0x7e4 load address 0x08007128
                0x20000150                        . = ALIGN (0x4)
                0x20000150                        __bss_start__ = .
                0x20000150                        _sbss = __bss_start__
 *(.bss*)
 .bss           0x20000150        0x1 CMakeFiles/RS41HUP.elf.dir/delay.c.obj
                0x20000150                done
 .bss           0x20000151        0x2 CMakeFiles/RS41HUP.elf.dir/f_rtty.c.obj
                0x20000152                start_bits
 *fill*         0x20000153        0x1 
 .bss           0x20000154       0x68 CMakeFiles/RS41HUP.elf.dir/init.c.obj
                0x20000154                USART_InitStructure
                0x20000164                GPIO_Conf
                0x20000168                SPI_InitStructure
                0x2000017c                DMA_InitStructure
                0x200001a8                ADC_InitStructure
 .bss           0x200001bc      0x41a CMakeFiles/RS41HUP.elf.dir/main.c.obj
                0x200001bc                gpsData
                0x200001dc                sync_txdelay
                0x200001e0                tx_on_delay
                0x200001e4                tx_on_last_delay_ms
                0x200001e8                ADCVal
                0x200001ec                button_pressed
                0x200001ee                disable_armed
                0x200001ef                tx_on
                0x200001f0                current_mode
                0x200001f4                tx_buffer
                0x200001f8                send_rtty_status
                0x200001f9                tx_enable
                0x200001fa                current_mfsk_byte
                0x20000200                packet_length
                0x20000202                continuous_mode
                0x20000203                pun
                0x20000204                flaga
                0x20000208                send_count
                0x2000020c                si4032_temperature
                0x20000210                voltage
                0x20000214                NOGPS_counter
                0x20000215                entered_psm
                0x20000218                buf_rtty
                0x20000344                buf_mfsk
                0x20000470                buf_morse
                0x2000059c                deep_sleep_timer
                0x200005a0                BinaryPacket2
                0x200005c0                BinaryPacket1
 .bss           0x200005d6        0x3 CMakeFiles/RS41HUP.elf.dir/mfsk.c.obj
 *fill*         0x200005d9        0x3 
 .bss           0x200005dc        0x4 CMakeFiles/RS41HUP.elf.dir/syscalls/syscalls.c.obj
 .bss           0x200005e0       0x89 CMakeFiles/RS41HUP.elf.dir/ublox.c.obj
                0x200005e0                currentGPSData
                0x20000600                ack_received
                0x20000601                nack_received
                0x20000668                active
 *fill*         0x20000669        0x3 
 .bss           0x2000066c        0x8 CMakeFiles/RS41HUP.elf.dir/QAPRSBase.cpp.obj
                0x20000670                QAPRSGlobalObject
 .bss           0x20000674      0x176 CMakeFiles/RS41HUP.elf.dir/aprs.cpp.obj
                0x20000674                qaprs
 *fill*         0x200007ea        0x2 
 .bss           0x200007ec        0x8 /usr/lib/gcc/arm-none-eabi/13.2.1/../../../arm-none-eabi/lib/thumb/v7-m/nofp/libg_nano.a(libc_a-mallocr.o)
                0x200007ec                __malloc_sbrk_start
                0x200007f0                __malloc_free_list
 .bss           0x200007f4      0x13c /usr/lib/gcc/arm-none-eabi/13.2.1/../../../arm-none-eabi/lib/thumb/v7-m/nofp/libg_nano.a(libc_a-findfp.o)
                0x200007f4                __sf
                0x2000092c                __stdio_exit_handler
 .bss           0x20000930        0x4 /usr/lib/gcc/arm-none-eabi/13.2.1/../../../arm-none-eabi/lib/thumb/v7-m/nofp/libg_nano.a(libc_a-reent.o)
                0x20000930                errno
 *(COMMON)
                0x20000934                        . = ALIGN (0x4)
                0x20000934                        __bss_end__ = .
                0x20000934                        _ebss = __bss_end__

.heap           0x20000934        0x0
                0x20000934                        __end__ = .
                0x20000934                        _end = __end__
                0x20000934                        end = __end__
 *(.heap*)
                0x20000934                        __HeapLimit = .

.co_stack       0x20000934      0x404 load address 0x0800790c
                0x20000938                        . = ALIGN (0x8)
 *fill*         0x20000934        0x4 
 *(.co_stack .co_stack.*)
 .co_stack      0x20000938      0x400 CMakeFiles/RS41HUP.elf.dir/cmsis_boot/startup/startup_stm32f10x_md_vl.c.obj
                0x20000938                pulStack
                0x20002000                        __StackTop = (ORIGIN (ram) + LENGTH (ram))
                0x20001bfc                        __StackLimit = (__StackTop - SIZEOF (.co_stack))
                [!provide]                        PROVIDE (__stack = __StackTop)
                0x00000001                        ASSERT ((__StackLimit >= __HeapLimit), region ram  overflowed with stack)
OUTPUT(RS41HUP.elf elf32-littlearm)
LOAD linker stubs

.debug_info     0x00000000    0x2a120
 .debug_info    0x00000000      0x114 CMakeFiles/RS41HUP.elf.dir/cmsis_boot/startup/startup_stm32f10x_md_vl.c.obj
 .debug_info    0x00000114      0x8b0 CMakeFiles/RS41HUP.elf.dir/delay.c.obj
 .debug_info    0x000009c4      0x120 CMakeFiles/RS41HUP.elf.dir/f_rtty.c.obj
 .debug_info    0x00000ae4      0x96e CMakeFiles/RS41HUP.elf.dir/horus_l2.c.obj
 .debug_info    0x00001452     0x1c77 CMakeFiles/RS41HUP.elf.dir/init.c.obj
 .debug_info    0x000030c9     0x20d5 CMakeFiles/RS41HUP.elf.dir/main.c.obj
 .debug_info    0x0000519e      0x210 CMakeFiles/RS41HUP.elf.dir/mfsk.c.obj
 .debug_info    0x000053ae      0xf28 CMakeFiles/RS41HUP.elf.dir/radio.c.obj
 .debug_info    0x000062d6      0x4f8 CMakeFiles/RS41HUP.elf.dir/stm_lib/src/misc.c.obj
 .debug_info    0x000067ce      0xc72 CMakeFiles/RS41HUP.elf.dir/stm_lib/src/stm32f10x_adc.c.obj
 .debug_info    0x00007440      0x439 CMakeFiles/RS41HUP.elf.dir/stm_lib/src/stm32f10x_dma.c.obj
 .debug_info    0x00007879     0x1a56 CMakeFiles/RS41HUP.elf.dir/stm_lib/src/stm32f10x_flash.c.obj
 .debug_info    0x000092cf      0x89a CMakeFiles/RS41HUP.elf.dir/stm_lib/src/stm32f10x_gpio.c.obj
 .debug_info    0x00009b69      0x9ac CMakeFiles/RS41HUP.elf.dir/stm_lib/src/stm32f10x_rcc.c.obj
 .debug_info    0x0000a515      0x9f9 CMakeFiles/RS41HUP.elf.dir/stm_lib/src/stm32f10x_spi.c.obj
 .debug_info    0x0000af0e     0x275b CMakeFiles/RS41HUP.elf.dir/stm_lib/src/stm32f10x_tim.c.obj
 .debug_info    0x0000d669      0xb58 CMakeFiles/RS41HUP.elf.dir/stm_lib/src/stm32f10x_usart.c.obj
 .debug_info    0x0000e1c1      0x4a7 CMakeFiles/RS41HUP.elf.dir/syscalls/syscalls.c.obj
 .debug_info    0x0000e668     0x4297 CMakeFiles/RS41HUP.elf.dir/ublox.c.obj
 .debug_info    0x000128ff      0x1e6 CMakeFiles/RS41HUP.elf.dir/util.c.obj
 .debug_info    0x00012ae5     0x24bb CMakeFiles/RS41HUP.elf.dir/QAPRSBase.cpp.obj
 .debug_info    0x00014fa0     0x2bf9 CMakeFiles/RS41HUP.elf.dir/aprs.cpp.obj
 .debug_info    0x00017b99       0xd3 /usr/lib/gcc/arm-none-eabi/13.2.1/thumb/v7-m/nofp/libgcc.a(_arm_addsubdf3.o)
 .debug_info    0x00017c6c       0x57 /usr/lib/gcc/arm-none-eabi/13.2.1/thumb/v7-m/nofp/libgcc.a(_arm_muldivdf3.o)
 .debug_info    0x00017cc3       0x3c /usr/lib/gcc/arm-none-eabi/13.2.1/thumb/v7-m/nofp/libgcc.a(_arm_fixdfsi.o)
 .debug_info    0x00017cff       0x3c /usr/lib/gcc/arm-none-eabi/13.2.1/thumb/v7-m/nofp/libgcc.a(_arm_fixunsdfsi.o)
 .debug_info    0x00017d3b       0xca /usr/lib/gcc/arm-none-eabi/13.2.1/thumb/v7-m/nofp/libgcc.a(_arm_addsubsf3.o)
 .debug_info    0x00017e05       0x57 /usr/lib/gcc/arm-none-eabi/13.2.1/thumb/v7-m/nofp/libgcc.a(_arm_muldivsf3.o)
 .debug_info    0x00017e5c       0xdb /usr/lib/gcc/arm-none-eabi/13.2.1/thumb/v7-m/nofp/libgcc.a(_arm_cmpsf2.o)
 .debug_info    0x00017f37       0x3c /usr/lib/gcc/arm-none-eabi/13.2.1/thumb/v7-m/nofp/libgcc.a(_arm_fixunssfsi.o)
 .debug_info    0x00017f73     0x1fa9 /usr/lib/gcc/arm-none-eabi/13.2.1/thumb/v7-m/nofp/libgcc.a(unwind-arm.o)
 .debug_info    0x00019f1c       0xb7 /usr/lib/gcc/arm-none-eabi/13.2.1/thumb/v7-m/nofp/libgcc.a(libunwind.o)
 .debug_info    0x00019fd3      0xae1 /usr/lib/gcc/arm-none-eabi/13.2.1/thumb/v7-m/nofp/libgcc.a(pr-support.o)
 .debug_info    0x0001aab4      0x825 /usr/lib/gcc/arm-none-eabi/13.2.1/../../../arm-none-eabi/lib/thumb/v7-m/nofp/libg_nano.a(libc_a-assert.o)
 .debug_info    0x0001b2d9       0xbd /usr/lib/gcc/arm-none-eabi/13.2.1/../../../arm-none-eabi/lib/thumb/v7-m/nofp/libg_nano.a(libc_a-strlen-stub.o)
 .debug_info    0x0001b396       0xc3 /usr/lib/gcc/arm-none-eabi/13.2.1/../../../arm-none-eabi/lib/thumb/v7-m/nofp/libg_nano.a(libc_a-strcpy.o)
 .debug_info    0x0001b459      0x70b /usr/lib/gcc/arm-none-eabi/13.2.1/../../../arm-none-eabi/lib/thumb/v7-m/nofp/libg_nano.a(libc_a-impure.o)
 .debug_info    0x0001bb64      0x135 /usr/lib/gcc/arm-none-eabi/13.2.1/../../../arm-none-eabi/lib/thumb/v7-m/nofp/libg_nano.a(libc_a-memset.o)
 .debug_info    0x0001bc99      0x9b6 /usr/lib/gcc/arm-none-eabi/13.2.1/../../../arm-none-eabi/lib/thumb/v7-m/nofp/libg_nano.a(libc_a-mallocr.o)
 .debug_info    0x0001c64f      0x87f /usr/lib/gcc/arm-none-eabi/13.2.1/../../../arm-none-eabi/lib/thumb/v7-m/nofp/libg_nano.a(libc_a-freer.o)
 .debug_info    0x0001cece      0x148 /usr/lib/gcc/arm-none-eabi/13.2.1/../../../arm-none-eabi/lib/thumb/v7-m/nofp/libg_nano.a(libc_a-memmove.o)
 .debug_info    0x0001d016       0x33 /usr/lib/gcc/arm-none-eabi/13.2.1/../../../arm-none-eabi/lib/thumb/v7-m/nofp/libg_nano.a(libc_a-memcpy.o)
 .debug_info    0x0001d049      0x85d /usr/lib/gcc/arm-none-eabi/13.2.1/../../../arm-none-eabi/lib/thumb/v7-m/nofp/libg_nano.a(libc_a-fprintf.o)
 .debug_info    0x0001d8a6      0x8cd /usr/lib/gcc/arm-none-eabi/13.2.1/../../../arm-none-eabi/lib/thumb/v7-m/nofp/libg_nano.a(libc_a-reallocr.o)
 .debug_info    0x0001e173      0xdd7 /usr/lib/gcc/arm-none-eabi/13.2.1/../../../arm-none-eabi/lib/thumb/v7-m/nofp/libg_nano.a(libc_a-nano-vfprintf_i.o)
 .debug_info    0x0001ef4a      0x71c /usr/lib/gcc/arm-none-eabi/13.2.1/../../../arm-none-eabi/lib/thumb/v7-m/nofp/libg_nano.a(libc_a-mlock.o)
 .debug_info    0x0001f666      0x14a /usr/lib/gcc/arm-none-eabi/13.2.1/../../../arm-none-eabi/lib/thumb/v7-m/nofp/libg_nano.a(libc_a-memchr-stub.o)
 .debug_info    0x0001f7b0     0x108a /usr/lib/gcc/arm-none-eabi/13.2.1/../../../arm-none-eabi/lib/thumb/v7-m/nofp/libg_nano.a(libc_a-nano-vfprintf.o)
 .debug_info    0x0002083a      0x863 /usr/lib/gcc/arm-none-eabi/13.2.1/../../../arm-none-eabi/lib/thumb/v7-m/nofp/libg_nano.a(libc_a-wbuf.o)
 .debug_info    0x0002109d      0x778 /usr/lib/gcc/arm-none-eabi/13.2.1/../../../arm-none-eabi/lib/thumb/v7-m/nofp/libg_nano.a(libc_a-sbrkr.o)
 .debug_info    0x00021815      0x78a /usr/lib/gcc/arm-none-eabi/13.2.1/../../../arm-none-eabi/lib/thumb/v7-m/nofp/libg_nano.a(libc_a-msizer.o)
 .debug_info    0x00021f9f      0xb1e /usr/lib/gcc/arm-none-eabi/13.2.1/../../../arm-none-eabi/lib/thumb/v7-m/nofp/libg_nano.a(libc_a-fvwrite.o)
 .debug_info    0x00022abd      0xe8c /usr/lib/gcc/arm-none-eabi/13.2.1/../../../arm-none-eabi/lib/thumb/v7-m/nofp/libg_nano.a(libc_a-findfp.o)
 .debug_info    0x00023949      0xa30 /usr/lib/gcc/arm-none-eabi/13.2.1/../../../arm-none-eabi/lib/thumb/v7-m/nofp/libg_nano.a(libc_a-fflush.o)
 .debug_info    0x00024379      0x7c8 /usr/lib/gcc/arm-none-eabi/13.2.1/../../../arm-none-eabi/lib/thumb/v7-m/nofp/libg_nano.a(libc_a-fwalk.o)
 .debug_info    0x00024b41      0x7b1 /usr/lib/gcc/arm-none-eabi/13.2.1/../../../arm-none-eabi/lib/thumb/v7-m/nofp/libg_nano.a(libc_a-wsetup.o)
 .debug_info    0x000252f2      0x89f /usr/lib/gcc/arm-none-eabi/13.2.1/../../../arm-none-eabi/lib/thumb/v7-m/nofp/libg_nano.a(libc_a-reent.o)
 .debug_info    0x00025b91      0xbe6 /usr/lib/gcc/arm-none-eabi/13.2.1/../../../arm-none-eabi/lib/thumb/v7-m/nofp/libg_nano.a(libc_a-makebuf.o)
 .debug_info    0x00026777      0x752 /usr/lib/gcc/arm-none-eabi/13.2.1/../../../arm-none-eabi/lib/thumb/v7-m/nofp/libg_nano.a(libc_a-isattyr.o)
 .debug_info    0x00026ec9      0xa80 /usr/lib/gcc/arm-none-eabi/13.2.1/../../../arm-none-eabi/lib/thumb/v7-m/nofp/libg_nano.a(libc_a-stdio.o)
 .debug_info    0x00027949      0x752 /usr/lib/gcc/arm-none-eabi/13.2.1/../../../arm-none-eabi/lib/thumb/v7-m/nofp/libg_nano.a(libc_a-closer.o)
 .debug_info    0x0002809b      0x7b5 /usr/lib/gcc/arm-none-eabi/13.2.1/../../../arm-none-eabi/lib/thumb/v7-m/nofp/libg_nano.a(libc_a-readr.o)
 .debug_info    0x00028850      0x977 /usr/lib/gcc/arm-none-eabi/13.2.1/../../../arm-none-eabi/lib/thumb/v7-m/nofp/libg_nano.a(libc_a-fstatr.o)
 .debug_info    0x000291c7      0x79e /usr/lib/gcc/arm-none-eabi/13.2.1/../../../arm-none-eabi/lib/thumb/v7-m/nofp/libg_nano.a(libc_a-lseekr.o)
 .debug_info    0x00029965      0x7bb /usr/lib/gcc/arm-none-eabi/13.2.1/../../../arm-none-eabi/lib/thumb/v7-m/nofp/libg_nano.a(libc_a-writer.o)

.debug_abbrev   0x00000000     0x7d2c
 .debug_abbrev  0x00000000       0xfd CMakeFiles/RS41HUP.elf.dir/cmsis_boot/startup/startup_stm32f10x_md_vl.c.obj
 .debug_abbrev  0x000000fd      0x248 CMakeFiles/RS41HUP.elf.dir/delay.c.obj
 .debug_abbrev  0x00000345       0xda CMakeFiles/RS41HUP.elf.dir/f_rtty.c.obj
 .debug_abbrev  0x0000041f      0x35d CMakeFiles/RS41HUP.elf.dir/horus_l2.c.obj
 .debug_abbrev  0x0000077c      0x3c8 CMakeFiles/RS41HUP.elf.dir/init.c.obj
 .debug_abbrev  0x00000b44      0x527 CMakeFiles/RS41HUP.elf.dir/main.c.obj
 .debug_abbrev  0x0000106b       0xcf CMakeFiles/RS41HUP.elf.dir/mfsk.c.obj
 .debug_abbrev  0x0000113a      0x2a0 CMakeFiles/RS41HUP.elf.dir/radio.c.obj
 .debug_abbrev  0x000013da      0x195 CMakeFiles/RS41HUP.elf.dir/stm_lib/src/misc.c.obj
 .debug_abbrev  0x0000156f      0x237 CMakeFiles/RS41HUP.elf.dir/stm_lib/src/stm32f10x_adc.c.obj
 .debug_abbrev  0x000017a6      0x235 CMakeFiles/RS41HUP.elf.dir/stm_lib/src/stm32f10x_dma.c.obj
 .debug_abbrev  0x000019db      0x2c0 CMakeFiles/RS41HUP.elf.dir/stm_lib/src/stm32f10x_flash.c.obj
 .debug_abbrev  0x00001c9b      0x261 CMakeFiles/RS41HUP.elf.dir/stm_lib/src/stm32f10x_gpio.c.obj
 .debug_abbrev  0x00001efc      0x29d CMakeFiles/RS41HUP.elf.dir/stm_lib/src/stm32f10x_rcc.c.obj
 .debug_abbrev  0x00002199      0x23c CMakeFiles/RS41HUP.elf.dir/stm_lib/src/stm32f10x_spi.c.obj
 .debug_abbrev  0x000023d5      0x333 CMakeFiles/RS41HUP.elf.dir/stm_lib/src/stm32f10x_tim.c.obj
 .debug_abbrev  0x00002708      0x223 CMakeFiles/RS41HUP.elf.dir/stm_lib/src/stm32f10x_usart.c.obj
 .debug_abbrev  0x0000292b      0x195 CMakeFiles/RS41HUP.elf.dir/syscalls/syscalls.c.obj
 .debug_abbrev  0x00002ac0      0x442 CMakeFiles/RS41HUP.elf.dir/ublox.c.obj
 .debug_abbrev  0x00002f02       0xf2 CMakeFiles/RS41HUP.elf.dir/util.c.obj
 .debug_abbrev  0x00002ff4      0x541 CMakeFiles/RS41HUP.elf.dir/QAPRSBase.cpp.obj
 .debug_abbrev  0x00003535      0x51d CMakeFiles/RS41HUP.elf.dir/aprs.cpp.obj
 .debug_abbrev  0x00003a52       0x28 /usr/lib/gcc/arm-none-eabi/13.2.1/thumb/v7-m/nofp/libgcc.a(_arm_addsubdf3.o)
 .debug_abbrev  0x00003a7a       0x28 /usr/lib/gcc/arm-none-eabi/13.2.1/thumb/v7-m/nofp/libgcc.a(_arm_muldivdf3.o)
 .debug_abbrev  0x00003aa2       0x28 /usr/lib/gcc/arm-none-eabi/13.2.1/thumb/v7-m/nofp/libgcc.a(_arm_fixdfsi.o)
 .debug_abbrev  0x00003aca       0x28 /usr/lib/gcc/arm-none-eabi/13.2.1/thumb/v7-m/nofp/libgcc.a(_arm_fixunsdfsi.o)
 .debug_abbrev  0x00003af2       0x28 /usr/lib/gcc/arm-none-eabi/13.2.1/thumb/v7-m/nofp/libgcc.a(_arm_addsubsf3.o)
 .debug_abbrev  0x00003b1a       0x28 /usr/lib/gcc/arm-none-eabi/13.2.1/thumb/v7-m/nofp/libgcc.a(_arm_muldivsf3.o)
 .debug_abbrev  0x00003b42       0x28 /usr/lib/gcc/arm-none-eabi/13.2.1/thumb/v7-m/nofp/libgcc.a(_arm_cmpsf2.o)
 .debug_abbrev  0x00003b6a       0x28 /usr/lib/gcc/arm-none-eabi/13.2.1/thumb/v7-m/nofp/libgcc.a(_arm_fixunssfsi.o)
 .debug_abbrev  0x00003b92      0x47f /usr/lib/gcc/arm-none-eabi/13.2.1/thumb/v7-m/nofp/libgcc.a(unwind-arm.o)
 .debug_abbrev  0x00004011       0x28 /usr/lib/gcc/arm-none-eabi/13.2.1/thumb/v7-m/nofp/libgcc.a(libunwind.o)
 .debug_abbrev  0x00004039      0x2f9 /usr/lib/gcc/arm-none-eabi/13.2.1/thumb/v7-m/nofp/libgcc.a(pr-support.o)
 .debug_abbrev  0x00004332      0x1ea /usr/lib/gcc/arm-none-eabi/13.2.1/../../../arm-none-eabi/lib/thumb/v7-m/nofp/libg_nano.a(libc_a-assert.o)
 .debug_abbrev  0x0000451c       0x78 /usr/lib/gcc/arm-none-eabi/13.2.1/../../../arm-none-eabi/lib/thumb/v7-m/nofp/libg_nano.a(libc_a-strlen-stub.o)
 .debug_abbrev  0x00004594       0x7b /usr/lib/gcc/arm-none-eabi/13.2.1/../../../arm-none-eabi/lib/thumb/v7-m/nofp/libg_nano.a(libc_a-strcpy.o)
 .debug_abbrev  0x0000460f      0x149 /usr/lib/gcc/arm-none-eabi/13.2.1/../../../arm-none-eabi/lib/thumb/v7-m/nofp/libg_nano.a(libc_a-impure.o)
 .debug_abbrev  0x00004758       0xb7 /usr/lib/gcc/arm-none-eabi/13.2.1/../../../arm-none-eabi/lib/thumb/v7-m/nofp/libg_nano.a(libc_a-memset.o)
 .debug_abbrev  0x0000480f      0x24a /usr/lib/gcc/arm-none-eabi/13.2.1/../../../arm-none-eabi/lib/thumb/v7-m/nofp/libg_nano.a(libc_a-mallocr.o)
 .debug_abbrev  0x00004a59      0x249 /usr/lib/gcc/arm-none-eabi/13.2.1/../../../arm-none-eabi/lib/thumb/v7-m/nofp/libg_nano.a(libc_a-freer.o)
 .debug_abbrev  0x00004ca2       0xc3 /usr/lib/gcc/arm-none-eabi/13.2.1/../../../arm-none-eabi/lib/thumb/v7-m/nofp/libg_nano.a(libc_a-memmove.o)
 .debug_abbrev  0x00004d65       0x28 /usr/lib/gcc/arm-none-eabi/13.2.1/../../../arm-none-eabi/lib/thumb/v7-m/nofp/libg_nano.a(libc_a-memcpy.o)
 .debug_abbrev  0x00004d8d      0x21d /usr/lib/gcc/arm-none-eabi/13.2.1/../../../arm-none-eabi/lib/thumb/v7-m/nofp/libg_nano.a(libc_a-fprintf.o)
 .debug_abbrev  0x00004faa      0x20c /usr/lib/gcc/arm-none-eabi/13.2.1/../../../arm-none-eabi/lib/thumb/v7-m/nofp/libg_nano.a(libc_a-reallocr.o)
 .debug_abbrev  0x000051b6      0x284 /usr/lib/gcc/arm-none-eabi/13.2.1/../../../arm-none-eabi/lib/thumb/v7-m/nofp/libg_nano.a(libc_a-nano-vfprintf_i.o)
 .debug_abbrev  0x0000543a      0x192 /usr/lib/gcc/arm-none-eabi/13.2.1/../../../arm-none-eabi/lib/thumb/v7-m/nofp/libg_nano.a(libc_a-mlock.o)
 .debug_abbrev  0x000055cc       0xc7 /usr/lib/gcc/arm-none-eabi/13.2.1/../../../arm-none-eabi/lib/thumb/v7-m/nofp/libg_nano.a(libc_a-memchr-stub.o)
 .debug_abbrev  0x00005693      0x36e /usr/lib/gcc/arm-none-eabi/13.2.1/../../../arm-none-eabi/lib/thumb/v7-m/nofp/libg_nano.a(libc_a-nano-vfprintf.o)
 .debug_abbrev  0x00005a01      0x236 /usr/lib/gcc/arm-none-eabi/13.2.1/../../../arm-none-eabi/lib/thumb/v7-m/nofp/libg_nano.a(libc_a-wbuf.o)
 .debug_abbrev  0x00005c37      0x1da /usr/lib/gcc/arm-none-eabi/13.2.1/../../../arm-none-eabi/lib/thumb/v7-m/nofp/libg_nano.a(libc_a-sbrkr.o)
 .debug_abbrev  0x00005e11      0x196 /usr/lib/gcc/arm-none-eabi/13.2.1/../../../arm-none-eabi/lib/thumb/v7-m/nofp/libg_nano.a(libc_a-msizer.o)
 .debug_abbrev  0x00005fa7      0x224 /usr/lib/gcc/arm-none-eabi/13.2.1/../../../arm-none-eabi/lib/thumb/v7-m/nofp/libg_nano.a(libc_a-fvwrite.o)
 .debug_abbrev  0x000061cb      0x408 /usr/lib/gcc/arm-none-eabi/13.2.1/../../../arm-none-eabi/lib/thumb/v7-m/nofp/libg_nano.a(libc_a-findfp.o)
 .debug_abbrev  0x000065d3      0x2e1 /usr/lib/gcc/arm-none-eabi/13.2.1/../../../arm-none-eabi/lib/thumb/v7-m/nofp/libg_nano.a(libc_a-fflush.o)
 .debug_abbrev  0x000068b4      0x19b /usr/lib/gcc/arm-none-eabi/13.2.1/../../../arm-none-eabi/lib/thumb/v7-m/nofp/libg_nano.a(libc_a-fwalk.o)
 .debug_abbrev  0x00006a4f      0x1e2 /usr/lib/gcc/arm-none-eabi/13.2.1/../../../arm-none-eabi/lib/thumb/v7-m/nofp/libg_nano.a(libc_a-wsetup.o)
 .debug_abbrev  0x00006c31      0x1ee /usr/lib/gcc/arm-none-eabi/13.2.1/../../../arm-none-eabi/lib/thumb/v7-m/nofp/libg_nano.a(libc_a-reent.o)
 .debug_abbrev  0x00006e1f      0x29d /usr/lib/gcc/arm-none-eabi/13.2.1/../../../arm-none-eabi/lib/thumb/v7-m/nofp/libg_nano.a(libc_a-makebuf.o)
 .debug_abbrev  0x000070bc      0x1b0 /usr/lib/gcc/arm-none-eabi/13.2.1/../../../arm-none-eabi/lib/thumb/v7-m/nofp/libg_nano.a(libc_a-isattyr.o)
 .debug_abbrev  0x0000726c      0x224 /usr/lib/gcc/arm-none-eabi/13.2.1/../../../arm-none-eabi/lib/thumb/v7-m/nofp/libg_nano.a(libc_a-stdio.o)
 .debug_abbrev  0x00007490      0x1b0 /usr/lib/gcc/arm-none-eabi/13.2.1/../../../arm-none-eabi/lib/thumb/v7-m/nofp/libg_nano.a(libc_a-closer.o)
 .debug_abbrev  0x00007640      0x1b0 /usr/lib/gcc/arm-none-eabi/13.2.1/../../../arm-none-eabi/lib/thumb/v7-m/nofp/libg_nano.a(libc_a-readr.o)
 .debug_abbrev  0x000077f0      0x1c3 /usr/lib/gcc/arm-none-eabi/13.2.1/../../../arm-none-eabi/lib/thumb/v7-m/nofp/libg_nano.a(libc_a-fstatr.o)
 .debug_abbrev  0x000079b3      0x1c4 /usr/lib/gcc/arm-none-eabi/13.2.1/../../../arm-none-eabi/lib/thumb/v7-m/nofp/libg_nano.a(libc_a-lseekr.o)
 .debug_abbrev  0x00007b77      0x1b5 /usr/lib/gcc/arm-none-eabi/13.2.1/../../../arm-none-eabi/lib/thumb/v7-m/nofp/libg_nano.a(libc_a-writer.o)

.debug_aranges  0x00000000     0x1350
 .debug_aranges
                0x00000000       0x28 CMakeFiles/RS41HUP.elf.dir/cmsis_boot/startup/startup_stm32f10x_md_vl.c.obj
 .debug_aranges
                0x00000028       0x38 CMakeFiles/RS41HUP.elf.dir/delay.c.obj
 .debug_aranges
                0x00000060       0x20 CMakeFiles/RS41HUP.elf.dir/f_rtty.c.obj
 .debug_aranges
                0x00000080       0x48 CMakeFiles/RS41HUP.elf.dir/horus_l2.c.obj
 .debug_aranges
                0x000000c8       0x60 CMakeFiles/RS41HUP.elf.dir/init.c.obj
 .debug_aranges
                0x00000128       0x88 CMakeFiles/RS41HUP.elf.dir/main.c.obj
 .debug_aranges
                0x000001b0       0x30 CMakeFiles/RS41HUP.elf.dir/mfsk.c.obj
 .debug_aranges
                0x000001e0       0x58 CMakeFiles/RS41HUP.elf.dir/radio.c.obj
 .debug_aranges
                0x00000238       0x40 CMakeFiles/RS41HUP.elf.dir/stm_lib/src/misc.c.obj
 .debug_aranges
                0x00000278      0x138 CMakeFiles/RS41HUP.elf.dir/stm_lib/src/stm32f10x_adc.c.obj
 .debug_aranges
                0x000003b0       0x70 CMakeFiles/RS41HUP.elf.dir/stm_lib/src/stm32f10x_dma.c.obj
 .debug_aranges
                0x00000420       0xf8 CMakeFiles/RS41HUP.elf.dir/stm_lib/src/stm32f10x_flash.c.obj
 .debug_aranges
                0x00000518       0xa8 CMakeFiles/RS41HUP.elf.dir/stm_lib/src/stm32f10x_gpio.c.obj
 .debug_aranges
                0x000005c0      0x120 CMakeFiles/RS41HUP.elf.dir/stm_lib/src/stm32f10x_rcc.c.obj
 .debug_aranges
                0x000006e0       0xd0 CMakeFiles/RS41HUP.elf.dir/stm_lib/src/stm32f10x_spi.c.obj
 .debug_aranges
                0x000007b0      0x2d0 CMakeFiles/RS41HUP.elf.dir/stm_lib/src/stm32f10x_tim.c.obj
 .debug_aranges
                0x00000a80      0x100 CMakeFiles/RS41HUP.elf.dir/stm_lib/src/stm32f10x_usart.c.obj
 .debug_aranges
                0x00000b80       0x60 CMakeFiles/RS41HUP.elf.dir/syscalls/syscalls.c.obj
 .debug_aranges
                0x00000be0       0x88 CMakeFiles/RS41HUP.elf.dir/ublox.c.obj
 .debug_aranges
                0x00000c68       0x30 CMakeFiles/RS41HUP.elf.dir/util.c.obj
 .debug_aranges
                0x00000c98       0xf8 CMakeFiles/RS41HUP.elf.dir/QAPRSBase.cpp.obj
 .debug_aranges
                0x00000d90       0x58 CMakeFiles/RS41HUP.elf.dir/aprs.cpp.obj
 .debug_aranges
                0x00000de8       0x20 /usr/lib/gcc/arm-none-eabi/13.2.1/thumb/v7-m/nofp/libgcc.a(_arm_addsubdf3.o)
 .debug_aranges
                0x00000e08       0x20 /usr/lib/gcc/arm-none-eabi/13.2.1/thumb/v7-m/nofp/libgcc.a(_arm_muldivdf3.o)
 .debug_aranges
                0x00000e28       0x20 /usr/lib/gcc/arm-none-eabi/13.2.1/thumb/v7-m/nofp/libgcc.a(_arm_fixdfsi.o)
 .debug_aranges
                0x00000e48       0x20 /usr/lib/gcc/arm-none-eabi/13.2.1/thumb/v7-m/nofp/libgcc.a(_arm_fixunsdfsi.o)
 .debug_aranges
                0x00000e68       0x20 /usr/lib/gcc/arm-none-eabi/13.2.1/thumb/v7-m/nofp/libgcc.a(_arm_addsubsf3.o)
 .debug_aranges
                0x00000e88       0x20 /usr/lib/gcc/arm-none-eabi/13.2.1/thumb/v7-m/nofp/libgcc.a(_arm_muldivsf3.o)
 .debug_aranges
                0x00000ea8       0x20 /usr/lib/gcc/arm-none-eabi/13.2.1/thumb/v7-m/nofp/libgcc.a(_arm_cmpsf2.o)
 .debug_aranges
                0x00000ec8       0x20 /usr/lib/gcc/arm-none-eabi/13.2.1/thumb/v7-m/nofp/libgcc.a(_arm_fixunssfsi.o)
 .debug_aranges
                0x00000ee8       0x20 /usr/lib/gcc/arm-none-eabi/13.2.1/thumb/v7-m/nofp/libgcc.a(unwind-arm.o)
 .debug_aranges
                0x00000f08       0x20 /usr/lib/gcc/arm-none-eabi/13.2.1/thumb/v7-m/nofp/libgcc.a(libunwind.o)
 .debug_aranges
                0x00000f28       0x30 /usr/lib/gcc/arm-none-eabi/13.2.1/thumb/v7-m/nofp/libgcc.a(pr-support.o)
 .debug_aranges
                0x00000f58       0x20 /usr/lib/gcc/arm-none-eabi/13.2.1/../../../arm-none-eabi/lib/thumb/v7-m/nofp/libg_nano.a(libc_a-assert.o)
 .debug_aranges
                0x00000f78       0x20 /usr/lib/gcc/arm-none-eabi/13.2.1/../../../arm-none-eabi/lib/thumb/v7-m/nofp/libg_nano.a(libc_a-strlen-stub.o)
 .debug_aranges
                0x00000f98       0x20 /usr/lib/gcc/arm-none-eabi/13.2.1/../../../arm-none-eabi/lib/thumb/v7-m/nofp/libg_nano.a(libc_a-strcpy.o)
 .debug_aranges
                0x00000fb8       0x18 /usr/lib/gcc/arm-none-eabi/13.2.1/../../../arm-none-eabi/lib/thumb/v7-m/nofp/libg_nano.a(libc_a-impure.o)
 .debug_aranges
                0x00000fd0       0x20 /usr/lib/gcc/arm-none-eabi/13.2.1/../../../arm-none-eabi/lib/thumb/v7-m/nofp/libg_nano.a(libc_a-memset.o)
 .debug_aranges
                0x00000ff0       0x20 /usr/lib/gcc/arm-none-eabi/13.2.1/../../../arm-none-eabi/lib/thumb/v7-m/nofp/libg_nano.a(libc_a-mallocr.o)
 .debug_aranges
                0x00001010       0x20 /usr/lib/gcc/arm-none-eabi/13.2.1/../../../arm-none-eabi/lib/thumb/v7-m/nofp/libg_nano.a(libc_a-freer.o)
 .debug_aranges
                0x00001030       0x20 /usr/lib/gcc/arm-none-eabi/13.2.1/../../../arm-none-eabi/lib/thumb/v7-m/nofp/libg_nano.a(libc_a-memmove.o)
 .debug_aranges
                0x00001050       0x20 /usr/lib/gcc/arm-none-eabi/13.2.1/../../../arm-none-eabi/lib/thumb/v7-m/nofp/libg_nano.a(libc_a-memcpy.o)
 .debug_aranges
                0x00001070       0x20 /usr/lib/gcc/arm-none-eabi/13.2.1/../../../arm-none-eabi/lib/thumb/v7-m/nofp/libg_nano.a(libc_a-fprintf.o)
 .debug_aranges
                0x00001090       0x20 /usr/lib/gcc/arm-none-eabi/13.2.1/../../../arm-none-eabi/lib/thumb/v7-m/nofp/libg_nano.a(libc_a-reallocr.o)
 .debug_aranges
                0x000010b0       0x20 /usr/lib/gcc/arm-none-eabi/13.2.1/../../../arm-none-eabi/lib/thumb/v7-m/nofp/libg_nano.a(libc_a-nano-vfprintf_i.o)
 .debug_aranges
                0x000010d0       0x20 /usr/lib/gcc/arm-none-eabi/13.2.1/../../../arm-none-eabi/lib/thumb/v7-m/nofp/libg_nano.a(libc_a-mlock.o)
 .debug_aranges
                0x000010f0       0x20 /usr/lib/gcc/arm-none-eabi/13.2.1/../../../arm-none-eabi/lib/thumb/v7-m/nofp/libg_nano.a(libc_a-memchr-stub.o)
 .debug_aranges
                0x00001110       0x20 /usr/lib/gcc/arm-none-eabi/13.2.1/../../../arm-none-eabi/lib/thumb/v7-m/nofp/libg_nano.a(libc_a-nano-vfprintf.o)
 .debug_aranges
                0x00001130       0x20 /usr/lib/gcc/arm-none-eabi/13.2.1/../../../arm-none-eabi/lib/thumb/v7-m/nofp/libg_nano.a(libc_a-wbuf.o)
 .debug_aranges
                0x00001150       0x20 /usr/lib/gcc/arm-none-eabi/13.2.1/../../../arm-none-eabi/lib/thumb/v7-m/nofp/libg_nano.a(libc_a-sbrkr.o)
 .debug_aranges
                0x00001170       0x20 /usr/lib/gcc/arm-none-eabi/13.2.1/../../../arm-none-eabi/lib/thumb/v7-m/nofp/libg_nano.a(libc_a-msizer.o)
 .debug_aranges
                0x00001190       0x20 /usr/lib/gcc/arm-none-eabi/13.2.1/../../../arm-none-eabi/lib/thumb/v7-m/nofp/libg_nano.a(libc_a-fvwrite.o)
 .debug_aranges
                0x000011b0       0x20 /usr/lib/gcc/arm-none-eabi/13.2.1/../../../arm-none-eabi/lib/thumb/v7-m/nofp/libg_nano.a(libc_a-findfp.o)
 .debug_aranges
                0x000011d0       0x20 /usr/lib/gcc/arm-none-eabi/13.2.1/../../../arm-none-eabi/lib/thumb/v7-m/nofp/libg_nano.a(libc_a-fflush.o)
 .debug_aranges
                0x000011f0       0x20 /usr/lib/gcc/arm-none-eabi/13.2.1/../../../arm-none-eabi/lib/thumb/v7-m/nofp/libg_nano.a(libc_a-fwalk.o)
 .debug_aranges
                0x00001210       0x20 /usr/lib/gcc/arm-none-eabi/13.2.1/../../../arm-none-eabi/lib/thumb/v7-m/nofp/libg_nano.a(libc_a-wsetup.o)
 .debug_aranges
                0x00001230       0x20 /usr/lib/gcc/arm-none-eabi/13.2.1/../../../arm-none-eabi/lib/thumb/v7-m/nofp/libg_nano.a(libc_a-reent.o)
 .debug_aranges
                0x00001250       0x20 /usr/lib/gcc/arm-none-eabi/13.2.1/../../../arm-none-eabi/lib/thumb/v7-m/nofp/libg_nano.a(libc_a-makebuf.o)
 .debug_aranges
                0x00001270       0x20 /usr/lib/gcc/arm-none-eabi/13.2.1/../../../arm-none-eabi/lib/thumb/v7-m/nofp/libg_nano.a(libc_a-isattyr.o)
 .debug_aranges
                0x00001290       0x20 /usr/lib/gcc/arm-none-eabi/13.2.1/../../../arm-none-eabi/lib/thumb/v7-m/nofp/libg_nano.a(libc_a-stdio.o)
 .debug_aranges
                0x000012b0       0x20 /usr/lib/gcc/arm-none-eabi/13.2.1/../../../arm-none-eabi/lib/thumb/v7-m/nofp/libg_nano.a(libc_a-closer.o)
 .debug_aranges
                0x000012d0       0x20 /usr/lib/gcc/arm-none-eabi/13.2.1/../../../arm-none-eabi/lib/thumb/v7-m/nofp/libg_nano.a(libc_a-readr.o)
 .debug_aranges
                0x000012f0       0x20 /usr/lib/gcc/arm-none-eabi/13.2.1/../../../arm-none-eabi/lib/thumb/v7-m/nofp/libg_nano.a(libc_a-fstatr.o)
 .debug_aranges
                0x00001310       0x20 /usr/lib/gcc/arm-none-eabi/13.2.1/../../../arm-none-eabi/lib/thumb/v7-m/nofp/libg_nano.a(libc_a-lseekr.o)
 .debug_aranges
                0x00001330       0x20 /usr/lib/gcc/arm-none-eabi/13.2.1/../../../arm-none-eabi/lib/thumb/v7-m/nofp/libg_nano.a(libc_a-writer.o)

.debug_rnglists
                0x00000000     0x19ed
 .debug_rnglists
                0x00000000       0x19 CMakeFiles/RS41HUP.elf.dir/cmsis_boot/startup/startup_stm32f10x_md_vl.c.obj
 .debug_rnglists
                0x00000019       0x31 CMakeFiles/RS41HUP.elf.dir/delay.c.obj
 .debug_rnglists
                0x0000004a       0x13 CMakeFiles/RS41HUP.elf.dir/f_rtty.c.obj
 .debug_rnglists
                0x0000005d       0x6a CMakeFiles/RS41HUP.elf.dir/horus_l2.c.obj
 .debug_rnglists
                0x000000c7       0x7e CMakeFiles/RS41HUP.elf.dir/init.c.obj
 .debug_rnglists
                0x00000145       0xbc CMakeFiles/RS41HUP.elf.dir/main.c.obj
 .debug_rnglists
                0x00000201       0x1f CMakeFiles/RS41HUP.elf.dir/mfsk.c.obj
 .debug_rnglists
                0x00000220       0xdb CMakeFiles/RS41HUP.elf.dir/radio.c.obj
 .debug_rnglists
                0x000002fb       0x2b CMakeFiles/RS41HUP.elf.dir/stm_lib/src/misc.c.obj
 .debug_rnglists
                0x00000326       0xe6 CMakeFiles/RS41HUP.elf.dir/stm_lib/src/stm32f10x_adc.c.obj
 .debug_rnglists
                0x0000040c       0x50 CMakeFiles/RS41HUP.elf.dir/stm_lib/src/stm32f10x_dma.c.obj
 .debug_rnglists
                0x0000045c      0x72a CMakeFiles/RS41HUP.elf.dir/stm_lib/src/stm32f10x_flash.c.obj
 .debug_rnglists
                0x00000b86       0x7b CMakeFiles/RS41HUP.elf.dir/stm_lib/src/stm32f10x_gpio.c.obj
 .debug_rnglists
                0x00000c01       0xe6 CMakeFiles/RS41HUP.elf.dir/stm_lib/src/stm32f10x_rcc.c.obj
 .debug_rnglists
                0x00000ce7       0x98 CMakeFiles/RS41HUP.elf.dir/stm_lib/src/stm32f10x_spi.c.obj
 .debug_rnglists
                0x00000d7f      0x2c1 CMakeFiles/RS41HUP.elf.dir/stm_lib/src/stm32f10x_tim.c.obj
 .debug_rnglists
                0x00001040       0xbd CMakeFiles/RS41HUP.elf.dir/stm_lib/src/stm32f10x_usart.c.obj
 .debug_rnglists
                0x000010fd       0x43 CMakeFiles/RS41HUP.elf.dir/syscalls/syscalls.c.obj
 .debug_rnglists
                0x00001140      0x1c4 CMakeFiles/RS41HUP.elf.dir/ublox.c.obj
 .debug_rnglists
                0x00001304       0x21 CMakeFiles/RS41HUP.elf.dir/util.c.obj
 .debug_rnglists
                0x00001325      0x28c CMakeFiles/RS41HUP.elf.dir/QAPRSBase.cpp.obj
 .debug_rnglists
                0x000015b1      0x100 CMakeFiles/RS41HUP.elf.dir/aprs.cpp.obj
 .debug_rnglists
                0x000016b1       0xd1 /usr/lib/gcc/arm-none-eabi/13.2.1/thumb/v7-m/nofp/libgcc.a(unwind-arm.o)
 .debug_rnglists
                0x00001782       0x3a /usr/lib/gcc/arm-none-eabi/13.2.1/thumb/v7-m/nofp/libgcc.a(pr-support.o)
 .debug_rnglists
                0x000017bc       0x13 /usr/lib/gcc/arm-none-eabi/13.2.1/../../../arm-none-eabi/lib/thumb/v7-m/nofp/libg_nano.a(libc_a-strlen-stub.o)
 .debug_rnglists
                0x000017cf       0x14 /usr/lib/gcc/arm-none-eabi/13.2.1/../../../arm-none-eabi/lib/thumb/v7-m/nofp/libg_nano.a(libc_a-strcpy.o)
 .debug_rnglists
                0x000017e3       0x1f /usr/lib/gcc/arm-none-eabi/13.2.1/../../../arm-none-eabi/lib/thumb/v7-m/nofp/libg_nano.a(libc_a-mallocr.o)
 .debug_rnglists
                0x00001802       0x13 /usr/lib/gcc/arm-none-eabi/13.2.1/../../../arm-none-eabi/lib/thumb/v7-m/nofp/libg_nano.a(libc_a-freer.o)
 .debug_rnglists
                0x00001815       0x66 /usr/lib/gcc/arm-none-eabi/13.2.1/../../../arm-none-eabi/lib/thumb/v7-m/nofp/libg_nano.a(libc_a-nano-vfprintf_i.o)
 .debug_rnglists
                0x0000187b       0x1a /usr/lib/gcc/arm-none-eabi/13.2.1/../../../arm-none-eabi/lib/thumb/v7-m/nofp/libg_nano.a(libc_a-nano-vfprintf.o)
 .debug_rnglists
                0x00001895       0x1b /usr/lib/gcc/arm-none-eabi/13.2.1/../../../arm-none-eabi/lib/thumb/v7-m/nofp/libg_nano.a(libc_a-wbuf.o)
 .debug_rnglists
                0x000018b0       0x30 /usr/lib/gcc/arm-none-eabi/13.2.1/../../../arm-none-eabi/lib/thumb/v7-m/nofp/libg_nano.a(libc_a-fvwrite.o)
 .debug_rnglists
                0x000018e0       0x7a /usr/lib/gcc/arm-none-eabi/13.2.1/../../../arm-none-eabi/lib/thumb/v7-m/nofp/libg_nano.a(libc_a-findfp.o)
 .debug_rnglists
                0x0000195a       0x58 /usr/lib/gcc/arm-none-eabi/13.2.1/../../../arm-none-eabi/lib/thumb/v7-m/nofp/libg_nano.a(libc_a-fflush.o)
 .debug_rnglists
                0x000019b2       0x1e /usr/lib/gcc/arm-none-eabi/13.2.1/../../../arm-none-eabi/lib/thumb/v7-m/nofp/libg_nano.a(libc_a-wsetup.o)
 .debug_rnglists
                0x000019d0       0x1d /usr/lib/gcc/arm-none-eabi/13.2.1/../../../arm-none-eabi/lib/thumb/v7-m/nofp/libg_nano.a(libc_a-makebuf.o)

.debug_line     0x00000000    0x162c2
 .debug_line    0x00000000       0xdf CMakeFiles/RS41HUP.elf.dir/cmsis_boot/startup/startup_stm32f10x_md_vl.c.obj
 .debug_line    0x000000df      0x257 CMakeFiles/RS41HUP.elf.dir/delay.c.obj
 .debug_line    0x00000336      0x131 CMakeFiles/RS41HUP.elf.dir/f_rtty.c.obj
 .debug_line    0x00000467      0xbd9 CMakeFiles/RS41HUP.elf.dir/horus_l2.c.obj
 .debug_line    0x00001040      0x77d CMakeFiles/RS41HUP.elf.dir/init.c.obj
 .debug_line    0x000017bd     0x1000 CMakeFiles/RS41HUP.elf.dir/main.c.obj
 .debug_line    0x000027bd      0x20a CMakeFiles/RS41HUP.elf.dir/mfsk.c.obj
 .debug_line    0x000029c7      0x664 CMakeFiles/RS41HUP.elf.dir/radio.c.obj
 .debug_line    0x0000302b      0x2ad CMakeFiles/RS41HUP.elf.dir/stm_lib/src/misc.c.obj
 .debug_line    0x000032d8      0xa26 CMakeFiles/RS41HUP.elf.dir/stm_lib/src/stm32f10x_adc.c.obj
 .debug_line    0x00003cfe      0x49e CMakeFiles/RS41HUP.elf.dir/stm_lib/src/stm32f10x_dma.c.obj
 .debug_line    0x0000419c     0x1da4 CMakeFiles/RS41HUP.elf.dir/stm_lib/src/stm32f10x_flash.c.obj
 .debug_line    0x00005f40     0x10f4 CMakeFiles/RS41HUP.elf.dir/stm_lib/src/stm32f10x_gpio.c.obj
 .debug_line    0x00007034      0x90b CMakeFiles/RS41HUP.elf.dir/stm_lib/src/stm32f10x_rcc.c.obj
 .debug_line    0x0000793f      0x70c CMakeFiles/RS41HUP.elf.dir/stm_lib/src/stm32f10x_spi.c.obj
 .debug_line    0x0000804b     0x209c CMakeFiles/RS41HUP.elf.dir/stm_lib/src/stm32f10x_tim.c.obj
 .debug_line    0x0000a0e7      0x896 CMakeFiles/RS41HUP.elf.dir/stm_lib/src/stm32f10x_usart.c.obj
 .debug_line    0x0000a97d      0x204 CMakeFiles/RS41HUP.elf.dir/syscalls/syscalls.c.obj
 .debug_line    0x0000ab81     0x2913 CMakeFiles/RS41HUP.elf.dir/ublox.c.obj
 .debug_line    0x0000d494      0x5a8 CMakeFiles/RS41HUP.elf.dir/util.c.obj
 .debug_line    0x0000da3c     0x123f CMakeFiles/RS41HUP.elf.dir/QAPRSBase.cpp.obj
 .debug_line    0x0000ec7b      0x724 CMakeFiles/RS41HUP.elf.dir/aprs.cpp.obj
 .debug_line    0x0000f39f      0x16f /usr/lib/gcc/arm-none-eabi/13.2.1/thumb/v7-m/nofp/libgcc.a(_arm_addsubdf3.o)
 .debug_line    0x0000f50e      0x184 /usr/lib/gcc/arm-none-eabi/13.2.1/thumb/v7-m/nofp/libgcc.a(_arm_muldivdf3.o)
 .debug_line    0x0000f692       0x62 /usr/lib/gcc/arm-none-eabi/13.2.1/thumb/v7-m/nofp/libgcc.a(_arm_fixdfsi.o)
 .debug_line    0x0000f6f4       0x5e /usr/lib/gcc/arm-none-eabi/13.2.1/thumb/v7-m/nofp/libgcc.a(_arm_fixunsdfsi.o)
 .debug_line    0x0000f752      0x103 /usr/lib/gcc/arm-none-eabi/13.2.1/thumb/v7-m/nofp/libgcc.a(_arm_addsubsf3.o)
 .debug_line    0x0000f855      0x123 /usr/lib/gcc/arm-none-eabi/13.2.1/thumb/v7-m/nofp/libgcc.a(_arm_muldivsf3.o)
 .debug_line    0x0000f978       0x9a /usr/lib/gcc/arm-none-eabi/13.2.1/thumb/v7-m/nofp/libgcc.a(_arm_cmpsf2.o)
 .debug_line    0x0000fa12       0x5e /usr/lib/gcc/arm-none-eabi/13.2.1/thumb/v7-m/nofp/libgcc.a(_arm_fixunssfsi.o)
 .debug_line    0x0000fa70     0x1186 /usr/lib/gcc/arm-none-eabi/13.2.1/thumb/v7-m/nofp/libgcc.a(unwind-arm.o)
 .debug_line    0x00010bf6       0x97 /usr/lib/gcc/arm-none-eabi/13.2.1/thumb/v7-m/nofp/libgcc.a(libunwind.o)
 .debug_line    0x00010c8d      0x575 /usr/lib/gcc/arm-none-eabi/13.2.1/thumb/v7-m/nofp/libgcc.a(pr-support.o)
 .debug_line    0x00011202      0x1b0 /usr/lib/gcc/arm-none-eabi/13.2.1/../../../arm-none-eabi/lib/thumb/v7-m/nofp/libg_nano.a(libc_a-assert.o)
 .debug_line    0x000113b2       0xf4 /usr/lib/gcc/arm-none-eabi/13.2.1/../../../arm-none-eabi/lib/thumb/v7-m/nofp/libg_nano.a(libc_a-strlen-stub.o)
 .debug_line    0x000114a6       0xb9 /usr/lib/gcc/arm-none-eabi/13.2.1/../../../arm-none-eabi/lib/thumb/v7-m/nofp/libg_nano.a(libc_a-strcpy.o)
 .debug_line    0x0001155f       0xe7 /usr/lib/gcc/arm-none-eabi/13.2.1/../../../arm-none-eabi/lib/thumb/v7-m/nofp/libg_nano.a(libc_a-impure.o)
 .debug_line    0x00011646      0x1b1 /usr/lib/gcc/arm-none-eabi/13.2.1/../../../arm-none-eabi/lib/thumb/v7-m/nofp/libg_nano.a(libc_a-memset.o)
 .debug_line    0x000117f7      0x45c /usr/lib/gcc/arm-none-eabi/13.2.1/../../../arm-none-eabi/lib/thumb/v7-m/nofp/libg_nano.a(libc_a-mallocr.o)
 .debug_line    0x00011c53      0x2c8 /usr/lib/gcc/arm-none-eabi/13.2.1/../../../arm-none-eabi/lib/thumb/v7-m/nofp/libg_nano.a(libc_a-freer.o)
 .debug_line    0x00011f1b      0x20d /usr/lib/gcc/arm-none-eabi/13.2.1/../../../arm-none-eabi/lib/thumb/v7-m/nofp/libg_nano.a(libc_a-memmove.o)
 .debug_line    0x00012128       0xbd /usr/lib/gcc/arm-none-eabi/13.2.1/../../../arm-none-eabi/lib/thumb/v7-m/nofp/libg_nano.a(libc_a-memcpy.o)
 .debug_line    0x000121e5      0x1ac /usr/lib/gcc/arm-none-eabi/13.2.1/../../../arm-none-eabi/lib/thumb/v7-m/nofp/libg_nano.a(libc_a-fprintf.o)
 .debug_line    0x00012391      0x1fa /usr/lib/gcc/arm-none-eabi/13.2.1/../../../arm-none-eabi/lib/thumb/v7-m/nofp/libg_nano.a(libc_a-reallocr.o)
 .debug_line    0x0001258b      0x770 /usr/lib/gcc/arm-none-eabi/13.2.1/../../../arm-none-eabi/lib/thumb/v7-m/nofp/libg_nano.a(libc_a-nano-vfprintf_i.o)
 .debug_line    0x00012cfb      0x153 /usr/lib/gcc/arm-none-eabi/13.2.1/../../../arm-none-eabi/lib/thumb/v7-m/nofp/libg_nano.a(libc_a-mlock.o)
 .debug_line    0x00012e4e      0x200 /usr/lib/gcc/arm-none-eabi/13.2.1/../../../arm-none-eabi/lib/thumb/v7-m/nofp/libg_nano.a(libc_a-memchr-stub.o)
 .debug_line    0x0001304e      0x6b7 /usr/lib/gcc/arm-none-eabi/13.2.1/../../../arm-none-eabi/lib/thumb/v7-m/nofp/libg_nano.a(libc_a-nano-vfprintf.o)
 .debug_line    0x00013705      0x253 /usr/lib/gcc/arm-none-eabi/13.2.1/../../../arm-none-eabi/lib/thumb/v7-m/nofp/libg_nano.a(libc_a-wbuf.o)
 .debug_line    0x00013958      0x196 /usr/lib/gcc/arm-none-eabi/13.2.1/../../../arm-none-eabi/lib/thumb/v7-m/nofp/libg_nano.a(libc_a-sbrkr.o)
 .debug_line    0x00013aee      0x176 /usr/lib/gcc/arm-none-eabi/13.2.1/../../../arm-none-eabi/lib/thumb/v7-m/nofp/libg_nano.a(libc_a-msizer.o)
 .debug_line    0x00013c64      0x5f5 /usr/lib/gcc/arm-none-eabi/13.2.1/../../../arm-none-eabi/lib/thumb/v7-m/nofp/libg_nano.a(libc_a-fvwrite.o)
 .debug_line    0x00014259      0x51f /usr/lib/gcc/arm-none-eabi/13.2.1/../../../arm-none-eabi/lib/thumb/v7-m/nofp/libg_nano.a(libc_a-findfp.o)
 .debug_line    0x00014778      0x456 /usr/lib/gcc/arm-none-eabi/13.2.1/../../../arm-none-eabi/lib/thumb/v7-m/nofp/libg_nano.a(libc_a-fflush.o)
 .debug_line    0x00014bce      0x1c9 /usr/lib/gcc/arm-none-eabi/13.2.1/../../../arm-none-eabi/lib/thumb/v7-m/nofp/libg_nano.a(libc_a-fwalk.o)
 .debug_line    0x00014d97      0x2bd /usr/lib/gcc/arm-none-eabi/13.2.1/../../../arm-none-eabi/lib/thumb/v7-m/nofp/libg_nano.a(libc_a-wsetup.o)
 .debug_line    0x00015054      0x27b /usr/lib/gcc/arm-none-eabi/13.2.1/../../../arm-none-eabi/lib/thumb/v7-m/nofp/libg_nano.a(libc_a-reent.o)
 .debug_line    0x000152cf      0x3b0 /usr/lib/gcc/arm-none-eabi/13.2.1/../../../arm-none-eabi/lib/thumb/v7-m/nofp/libg_nano.a(libc_a-makebuf.o)
 .debug_line    0x0001567f      0x197 /usr/lib/gcc/arm-none-eabi/13.2.1/../../../arm-none-eabi/lib/thumb/v7-m/nofp/libg_nano.a(libc_a-isattyr.o)
 .debug_line    0x00015816      0x22b /usr/lib/gcc/arm-none-eabi/13.2.1/../../../arm-none-eabi/lib/thumb/v7-m/nofp/libg_nano.a(libc_a-stdio.o)
 .debug_line    0x00015a41      0x196 /usr/lib/gcc/arm-none-eabi/13.2.1/../../../arm-none-eabi/lib/thumb/v7-m/nofp/libg_nano.a(libc_a-closer.o)
 .debug_line    0x00015bd7      0x19c /usr/lib/gcc/arm-none-eabi/13.2.1/../../../arm-none-eabi/lib/thumb/v7-m/nofp/libg_nano.a(libc_a-readr.o)
 .debug_line    0x00015d73      0x215 /usr/lib/gcc/arm-none-eabi/13.2.1/../../../arm-none-eabi/lib/thumb/v7-m/nofp/libg_nano.a(libc_a-fstatr.o)
 .debug_line    0x00015f88      0x19d /usr/lib/gcc/arm-none-eabi/13.2.1/../../../arm-none-eabi/lib/thumb/v7-m/nofp/libg_nano.a(libc_a-lseekr.o)
 .debug_line    0x00016125      0x19d /usr/lib/gcc/arm-none-eabi/13.2.1/../../../arm-none-eabi/lib/thumb/v7-m/nofp/libg_nano.a(libc_a-writer.o)

.debug_str      0x00000000     0x769b
 .debug_str     0x00000000     0x769b CMakeFiles/RS41HUP.elf.dir/cmsis_boot/startup/startup_stm32f10x_md_vl.c.obj
                                0x1a1 (size before relaxing)
 .debug_str     0x0000769b      0x737 CMakeFiles/RS41HUP.elf.dir/delay.c.obj
 .debug_str     0x0000769b      0x1cc CMakeFiles/RS41HUP.elf.dir/f_rtty.c.obj
 .debug_str     0x0000769b      0x397 CMakeFiles/RS41HUP.elf.dir/horus_l2.c.obj
 .debug_str     0x0000769b      0xedb CMakeFiles/RS41HUP.elf.dir/init.c.obj
 .debug_str     0x0000769b      0xc0a CMakeFiles/RS41HUP.elf.dir/main.c.obj
 .debug_str     0x0000769b      0x1ac CMakeFiles/RS41HUP.elf.dir/mfsk.c.obj
 .debug_str     0x0000769b      0x3ea CMakeFiles/RS41HUP.elf.dir/radio.c.obj
 .debug_str     0x0000769b      0x3bf CMakeFiles/RS41HUP.elf.dir/stm_lib/src/misc.c.obj
 .debug_str     0x0000769b      0x708 CMakeFiles/RS41HUP.elf.dir/stm_lib/src/stm32f10x_adc.c.obj
 .debug_str     0x0000769b      0x3b7 CMakeFiles/RS41HUP.elf.dir/stm_lib/src/stm32f10x_dma.c.obj
 .debug_str     0x0000769b      0x5de CMakeFiles/RS41HUP.elf.dir/stm_lib/src/stm32f10x_flash.c.obj
 .debug_str     0x0000769b      0x526 CMakeFiles/RS41HUP.elf.dir/stm_lib/src/stm32f10x_gpio.c.obj
 .debug_str     0x0000769b      0x663 CMakeFiles/RS41HUP.elf.dir/stm_lib/src/stm32f10x_rcc.c.obj
 .debug_str     0x0000769b      0x633 CMakeFiles/RS41HUP.elf.dir/stm_lib/src/stm32f10x_spi.c.obj
 .debug_str     0x0000769b      0xe01 CMakeFiles/RS41HUP.elf.dir/stm_lib/src/stm32f10x_tim.c.obj
 .debug_str     0x0000769b      0x6c6 CMakeFiles/RS41HUP.elf.dir/stm_lib/src/stm32f10x_usart.c.obj
 .debug_str     0x0000769b      0x321 CMakeFiles/RS41HUP.elf.dir/syscalls/syscalls.c.obj
 .debug_str     0x0000769b      0x873 CMakeFiles/RS41HUP.elf.dir/ublox.c.obj
 .debug_str     0x0000769b      0x1c6 CMakeFiles/RS41HUP.elf.dir/util.c.obj
 .debug_str     0x0000769b      0xcf2 CMakeFiles/RS41HUP.elf.dir/QAPRSBase.cpp.obj
 .debug_str     0x0000769b     0x175d CMakeFiles/RS41HUP.elf.dir/aprs.cpp.obj
 .debug_str     0x0000769b      0x150 /usr/lib/gcc/arm-none-eabi/13.2.1/thumb/v7-m/nofp/libgcc.a(_arm_addsubdf3.o)
 .debug_str     0x0000769b       0xd0 /usr/lib/gcc/arm-none-eabi/13.2.1/thumb/v7-m/nofp/libgcc.a(_arm_muldivdf3.o)
 .debug_str     0x0000769b       0xbb /usr/lib/gcc/arm-none-eabi/13.2.1/thumb/v7-m/nofp/libgcc.a(_arm_fixdfsi.o)
 .debug_str     0x0000769b       0xbf /usr/lib/gcc/arm-none-eabi/13.2.1/thumb/v7-m/nofp/libgcc.a(_arm_fixunsdfsi.o)
 .debug_str     0x0000769b      0x144 /usr/lib/gcc/arm-none-eabi/13.2.1/thumb/v7-m/nofp/libgcc.a(_arm_addsubsf3.o)
 .debug_str     0x0000769b       0xd0 /usr/lib/gcc/arm-none-eabi/13.2.1/thumb/v7-m/nofp/libgcc.a(_arm_muldivsf3.o)
 .debug_str     0x0000769b      0x159 /usr/lib/gcc/arm-none-eabi/13.2.1/thumb/v7-m/nofp/libgcc.a(_arm_cmpsf2.o)
 .debug_str     0x0000769b       0xbf /usr/lib/gcc/arm-none-eabi/13.2.1/thumb/v7-m/nofp/libgcc.a(_arm_fixunssfsi.o)
 .debug_str     0x0000769b      0xc5d /usr/lib/gcc/arm-none-eabi/13.2.1/thumb/v7-m/nofp/libgcc.a(unwind-arm.o)
 .debug_str     0x0000769b      0x1a1 /usr/lib/gcc/arm-none-eabi/13.2.1/thumb/v7-m/nofp/libgcc.a(libunwind.o)
 .debug_str     0x0000769b      0x5a3 /usr/lib/gcc/arm-none-eabi/13.2.1/thumb/v7-m/nofp/libgcc.a(pr-support.o)
 .debug_str     0x0000769b      0x4ed /usr/lib/gcc/arm-none-eabi/13.2.1/../../../arm-none-eabi/lib/thumb/v7-m/nofp/libg_nano.a(libc_a-assert.o)
 .debug_str     0x0000769b      0x19b /usr/lib/gcc/arm-none-eabi/13.2.1/../../../arm-none-eabi/lib/thumb/v7-m/nofp/libg_nano.a(libc_a-strlen-stub.o)
 .debug_str     0x0000769b      0x18f /usr/lib/gcc/arm-none-eabi/13.2.1/../../../arm-none-eabi/lib/thumb/v7-m/nofp/libg_nano.a(libc_a-strcpy.o)
 .debug_str     0x0000769b      0x4b4 /usr/lib/gcc/arm-none-eabi/13.2.1/../../../arm-none-eabi/lib/thumb/v7-m/nofp/libg_nano.a(libc_a-impure.o)
 .debug_str     0x0000769b      0x1a5 /usr/lib/gcc/arm-none-eabi/13.2.1/../../../arm-none-eabi/lib/thumb/v7-m/nofp/libg_nano.a(libc_a-memset.o)
 .debug_str     0x0000769b      0x595 /usr/lib/gcc/arm-none-eabi/13.2.1/../../../arm-none-eabi/lib/thumb/v7-m/nofp/libg_nano.a(libc_a-mallocr.o)
 .debug_str     0x0000769b      0x534 /usr/lib/gcc/arm-none-eabi/13.2.1/../../../arm-none-eabi/lib/thumb/v7-m/nofp/libg_nano.a(libc_a-freer.o)
 .debug_str     0x0000769b      0x1c4 /usr/lib/gcc/arm-none-eabi/13.2.1/../../../arm-none-eabi/lib/thumb/v7-m/nofp/libg_nano.a(libc_a-memmove.o)
 .debug_str     0x0000769b       0xa8 /usr/lib/gcc/arm-none-eabi/13.2.1/../../../arm-none-eabi/lib/thumb/v7-m/nofp/libg_nano.a(libc_a-memcpy.o)
 .debug_str     0x0000769b      0x4f2 /usr/lib/gcc/arm-none-eabi/13.2.1/../../../arm-none-eabi/lib/thumb/v7-m/nofp/libg_nano.a(libc_a-fprintf.o)
 .debug_str     0x0000769b      0x52a /usr/lib/gcc/arm-none-eabi/13.2.1/../../../arm-none-eabi/lib/thumb/v7-m/nofp/libg_nano.a(libc_a-reallocr.o)
 .debug_str     0x0000769b      0x793 /usr/lib/gcc/arm-none-eabi/13.2.1/../../../arm-none-eabi/lib/thumb/v7-m/nofp/libg_nano.a(libc_a-nano-vfprintf_i.o)
 .debug_str     0x0000769b      0x4d2 /usr/lib/gcc/arm-none-eabi/13.2.1/../../../arm-none-eabi/lib/thumb/v7-m/nofp/libg_nano.a(libc_a-mlock.o)
 .debug_str     0x0000769b      0x1b5 /usr/lib/gcc/arm-none-eabi/13.2.1/../../../arm-none-eabi/lib/thumb/v7-m/nofp/libg_nano.a(libc_a-memchr-stub.o)
 .debug_str     0x0000769b      0x821 /usr/lib/gcc/arm-none-eabi/13.2.1/../../../arm-none-eabi/lib/thumb/v7-m/nofp/libg_nano.a(libc_a-nano-vfprintf.o)
 .debug_str     0x0000769b      0x4ea /usr/lib/gcc/arm-none-eabi/13.2.1/../../../arm-none-eabi/lib/thumb/v7-m/nofp/libg_nano.a(libc_a-wbuf.o)
 .debug_str     0x0000769b      0x4bd /usr/lib/gcc/arm-none-eabi/13.2.1/../../../arm-none-eabi/lib/thumb/v7-m/nofp/libg_nano.a(libc_a-sbrkr.o)
 .debug_str     0x0000769b      0x4fd /usr/lib/gcc/arm-none-eabi/13.2.1/../../../arm-none-eabi/lib/thumb/v7-m/nofp/libg_nano.a(libc_a-msizer.o)
 .debug_str     0x0000769b      0x558 /usr/lib/gcc/arm-none-eabi/13.2.1/../../../arm-none-eabi/lib/thumb/v7-m/nofp/libg_nano.a(libc_a-fvwrite.o)
 .debug_str     0x0000769b      0x6b7 /usr/lib/gcc/arm-none-eabi/13.2.1/../../../arm-none-eabi/lib/thumb/v7-m/nofp/libg_nano.a(libc_a-findfp.o)
 .debug_str     0x0000769b      0x53b /usr/lib/gcc/arm-none-eabi/13.2.1/../../../arm-none-eabi/lib/thumb/v7-m/nofp/libg_nano.a(libc_a-fflush.o)
 .debug_str     0x0000769b      0x4c4 /usr/lib/gcc/arm-none-eabi/13.2.1/../../../arm-none-eabi/lib/thumb/v7-m/nofp/libg_nano.a(libc_a-fwalk.o)
 .debug_str     0x0000769b      0x4e5 /usr/lib/gcc/arm-none-eabi/13.2.1/../../../arm-none-eabi/lib/thumb/v7-m/nofp/libg_nano.a(libc_a-wsetup.o)
 .debug_str     0x0000769b      0x4d3 /usr/lib/gcc/arm-none-eabi/13.2.1/../../../arm-none-eabi/lib/thumb/v7-m/nofp/libg_nano.a(libc_a-reent.o)
 .debug_str     0x0000769b      0x647 /usr/lib/gcc/arm-none-eabi/13.2.1/../../../arm-none-eabi/lib/thumb/v7-m/nofp/libg_nano.a(libc_a-makebuf.o)
 .debug_str     0x0000769b      0x4b4 /usr/lib/gcc/arm-none-eabi/13.2.1/../../../arm-none-eabi/lib/thumb/v7-m/nofp/libg_nano.a(libc_a-isattyr.o)
 .debug_str     0x0000769b      0x521 /usr/lib/gcc/arm-none-eabi/13.2.1/../../../arm-none-eabi/lib/thumb/v7-m/nofp/libg_nano.a(libc_a-stdio.o)
 .debug_str     0x0000769b      0x4aa /usr/lib/gcc/arm-none-eabi/13.2.1/../../../arm-none-eabi/lib/thumb/v7-m/nofp/libg_nano.a(libc_a-closer.o)
 .debug_str     0x0000769b      0x4b8 /usr/lib/gcc/arm-none-eabi/13.2.1/../../../arm-none-eabi/lib/thumb/v7-m/nofp/libg_nano.a(libc_a-readr.o)
 .debug_str     0x0000769b      0x5fc /usr/lib/gcc/arm-none-eabi/13.2.1/../../../arm-none-eabi/lib/thumb/v7-m/nofp/libg_nano.a(libc_a-fstatr.o)
 .debug_str     0x0000769b      0x4b8 /usr/lib/gcc/arm-none-eabi/13.2.1/../../../arm-none-eabi/lib/thumb/v7-m/nofp/libg_nano.a(libc_a-lseekr.o)
 .debug_str     0x0000769b      0x4ba /usr/lib/gcc/arm-none-eabi/13.2.1/../../../arm-none-eabi/lib/thumb/v7-m/nofp/libg_nano.a(libc_a-writer.o)

.comment        0x00000000       0x26
 .comment       0x00000000       0x26 CMakeFiles/RS41HUP.elf.dir/cmsis_boot/startup/startup_stm32f10x_md_vl.c.obj
                                 0x27 (size before relaxing)
 .comment       0x00000026       0x27 CMakeFiles/RS41HUP.elf.dir/delay.c.obj