../Drivers/STM32WLxx_HAL_Driver/Inc/stm32wlxx_ll_rcc.h:1257:22:LL_RCC_LSE_SetDriveCapability	1
../Drivers/STM32WLxx_HAL_Driver/Inc/stm32wlxx_ll_bus.h:449:22:LL_AHB2_GRP1_EnableClock	1
../Core/Src/main.c:122:5:main	2
../Core/Src/main.c:255:6:SystemClock_Config	3
../Core/Src/main.c:302:6:radioInit	1
../Core/Src/main.c:353:6:RadioOnDioIrq	9
../Core/Src/main.c:387:6:eventTxDone	5
../Core/Src/main.c:425:6:eventRxDone	8
../Core/Src/main.c:489:6:eventTxTimeout	5
../Core/Src/main.c:527:6:eventRxTimeout	5
../Core/Src/main.c:565:6:eventRxError	5
../Core/Src/main.c:603:6:enterMasterRx	1
../Core/Src/main.c:622:6:enterSlaveRx	1
../Core/Src/main.c:641:6:enterMasterTx	1
../Core/Src/main.c:665:6:enterSlaveTx	1
../Core/Src/main.c:689:6:transitionRxDone	1
../Core/Src/main.c:711:6:Error_Handler	1
